#
# There is insufficient memory for the Java Runtime Environment to continue.
# Native memory allocation (malloc) failed to allocate 1019232 bytes. Error detail: Chunk::new
# Possible reasons:
#   The system is out of physical RAM or swap space
#   This process is running with CompressedOops enabled, and the Java Heap may be blocking the growth of the native heap
# Possible solutions:
#   Reduce memory load on the system
#   Increase physical memory or swap space
#   Check if swap backing store is full
#   Decrease Java heap size (-Xmx/-Xms)
#   Decrease number of Java threads
#   Decrease Java thread stack sizes (-Xss)
#   Set larger code cache with -XX:ReservedCodeCacheSize=
#   JVM is running with Zero Based Compressed Oops mode in which the Java heap is
#     placed in the first 32GB address space. The Java Heap base address is the
#     maximum limit for the native heap growth. Please use -XX:HeapBaseMinAddress
#     to set the Java Heap base and to place the Java Heap above 32GB virtual address.
# This output file may be truncated or incomplete.
#
#  Out of Memory Error (arena.cpp:150), pid=11052, tid=3016
#
# JRE version: Java(TM) SE Runtime Environment (22.0.2+9) (build 22.0.2+9-70)
# Java VM: Java HotSpot(TM) 64-Bit Server VM (22.0.2+9-70, mixed mode, sharing, tiered, compressed oops, compressed class ptrs, g1 gc, windows-amd64)
# No core dump will be written. Minidumps are not enabled by default on client versions of Windows
#

---------------  S U M M A R Y ------------

Command Line: org.jetbrains.kotlin.cli.jvm.K2JVMCompiler @E:\Coding\EmptyProject\core\designsystem\build\20241204_1733207277069822568.compiler.options

Host: Intel(R) Core(TM) i5-10400F CPU @ 2.90GHz, 12 cores, 15G,  Windows 10 , 64 bit Build 19041 (10.0.19041.5072)
Time: Wed Dec  4 14:22:30 2024 SE Asia Standard Time elapsed time: 26.800281 seconds (0d 0h 0m 26s)

---------------  T H R E A D  ---------------

Current thread (0x00000174cbdbe740):  JavaThread "C2 CompilerThread1" daemon [_thread_in_native, id=3016, stack(0x00000044e9b00000,0x00000044e9c00000) (1024K)]


Current CompileTask:
C2:26800 13000       4       java.lang.invoke.MethodType::makeImpl (109 bytes)

Stack: [0x00000044e9b00000,0x00000044e9c00000]
Native frames: (J=compiled Java code, j=interpreted, Vv=VM code, C=native code)
V  [jvm.dll+0x6e26e9]  (no source info available)
V  [jvm.dll+0x875753]  (no source info available)
V  [jvm.dll+0x877b7e]  (no source info available)
V  [jvm.dll+0x878253]  (no source info available)
V  [jvm.dll+0x27fc86]  (no source info available)
V  [jvm.dll+0xc3d0f]  (no source info available)
V  [jvm.dll+0xc3f6b]  (no source info available)
V  [jvm.dll+0x3bb47c]  (no source info available)
V  [jvm.dll+0x387d4b]  (no source info available)
V  [jvm.dll+0x3871ba]  (no source info available)
V  [jvm.dll+0x2477f8]  (no source info available)
V  [jvm.dll+0x246e9f]  (no source info available)
V  [jvm.dll+0x1c4e80]  (no source info available)
V  [jvm.dll+0x2568f3]  (no source info available)
V  [jvm.dll+0x254baa]  (no source info available)
V  [jvm.dll+0x3f57a6]  (no source info available)
V  [jvm.dll+0x81dc0b]  (no source info available)
V  [jvm.dll+0x6e0d85]  (no source info available)
C  [ucrtbase.dll+0x21bb2]  (no source info available)
C  [KERNEL32.DLL+0x17374]  (no source info available)
C  [ntdll.dll+0x4cc91]  (no source info available)


---------------  P R O C E S S  ---------------

Threads class SMR info:
_java_thread_list=0x00000174cbe01c90, length=13, elements={
0x00000174d42df410, 0x00000174f59d24e0, 0x00000174f59d35b0, 0x00000174f59d5630,
0x00000174f59d84a0, 0x00000174f59d8f00, 0x00000174f59d9960, 0x00000174f59dacb0,
0x00000174f59de9f0, 0x00000174c52267c0, 0x00000174c5229650, 0x00000174cbdbe740,
0x00000174c92b8180
}

Java Threads: ( => current thread )
  0x00000174d42df410 JavaThread "main"                              [_thread_in_native, id=9980, stack(0x00000044e7e00000,0x00000044e7f00000) (1024K)]
  0x00000174f59d24e0 JavaThread "Reference Handler"          daemon [_thread_blocked, id=8056, stack(0x00000044e8600000,0x00000044e8700000) (1024K)]
  0x00000174f59d35b0 JavaThread "Finalizer"                  daemon [_thread_blocked, id=15332, stack(0x00000044e8700000,0x00000044e8800000) (1024K)]
  0x00000174f59d5630 JavaThread "Signal Dispatcher"          daemon [_thread_blocked, id=15576, stack(0x00000044e8800000,0x00000044e8900000) (1024K)]
  0x00000174f59d84a0 JavaThread "Attach Listener"            daemon [_thread_blocked, id=6008, stack(0x00000044e8900000,0x00000044e8a00000) (1024K)]
  0x00000174f59d8f00 JavaThread "Service Thread"             daemon [_thread_blocked, id=15132, stack(0x00000044e8a00000,0x00000044e8b00000) (1024K)]
  0x00000174f59d9960 JavaThread "Monitor Deflation Thread"   daemon [_thread_blocked, id=6432, stack(0x00000044e8b00000,0x00000044e8c00000) (1024K)]
  0x00000174f59dacb0 JavaThread "C2 CompilerThread0"         daemon [_thread_in_native, id=6000, stack(0x00000044e8c00000,0x00000044e8d00000) (1024K)]
  0x00000174f59de9f0 JavaThread "C1 CompilerThread0"         daemon [_thread_blocked, id=15088, stack(0x00000044e8d00000,0x00000044e8e00000) (1024K)]
  0x00000174c52267c0 JavaThread "Notification Thread"        daemon [_thread_blocked, id=15116, stack(0x00000044e8e00000,0x00000044e8f00000) (1024K)]
  0x00000174c5229650 JavaThread "Common-Cleaner"             daemon [_thread_blocked, id=7608, stack(0x00000044e8f00000,0x00000044e9000000) (1024K)]
=>0x00000174cbdbe740 JavaThread "C2 CompilerThread1"         daemon [_thread_in_native, id=3016, stack(0x00000044e9b00000,0x00000044e9c00000) (1024K)]
  0x00000174c92b8180 JavaThread "C2 CompilerThread2"         daemon [_thread_blocked, id=13364, stack(0x00000044e9c00000,0x00000044e9d00000) (1024K)]
Total: 13

Other Threads:
  0x00000174f59b1a00 VMThread "VM Thread"                           [id=10880, stack(0x00000044e8500000,0x00000044e8600000) (1024K)]
  0x00000174f5998d60 WatcherThread "VM Periodic Task Thread"        [id=14992, stack(0x00000044e8400000,0x00000044e8500000) (1024K)]
  0x00000174d45f7f30 WorkerThread "GC Thread#0"                     [id=11780, stack(0x00000044e7f00000,0x00000044e8000000) (1024K)]
  0x00000174c58cb410 WorkerThread "GC Thread#1"                     [id=7928, stack(0x00000044e9000000,0x00000044e9100000) (1024K)]
  0x00000174c58cb7c0 WorkerThread "GC Thread#2"                     [id=15596, stack(0x00000044e9100000,0x00000044e9200000) (1024K)]
  0x00000174c58cbb70 WorkerThread "GC Thread#3"                     [id=1764, stack(0x00000044e9200000,0x00000044e9300000) (1024K)]
  0x00000174c58b0fd0 WorkerThread "GC Thread#4"                     [id=13332, stack(0x00000044e9300000,0x00000044e9400000) (1024K)]
  0x00000174c58b1380 WorkerThread "GC Thread#5"                     [id=1796, stack(0x00000044e9400000,0x00000044e9500000) (1024K)]
  0x00000174c5f217f0 WorkerThread "GC Thread#6"                     [id=10596, stack(0x00000044e9500000,0x00000044e9600000) (1024K)]
  0x00000174c5f226b0 WorkerThread "GC Thread#7"                     [id=16284, stack(0x00000044e9600000,0x00000044e9700000) (1024K)]
  0x00000174c5f21090 WorkerThread "GC Thread#8"                     [id=15144, stack(0x00000044e9700000,0x00000044e9800000) (1024K)]
  0x00000174c6488370 WorkerThread "GC Thread#9"                     [id=14340, stack(0x00000044e9800000,0x00000044e9900000) (1024K)]
  0x00000174d4608da0 ConcurrentGCThread "G1 Main Marker"            [id=15772, stack(0x00000044e8000000,0x00000044e8100000) (1024K)]
  0x00000174d46098b0 WorkerThread "G1 Conc#0"                       [id=13984, stack(0x00000044e8100000,0x00000044e8200000) (1024K)]
  0x00000174c6487860 WorkerThread "G1 Conc#1"                       [id=14484, stack(0x00000044e9900000,0x00000044e9a00000) (1024K)]
  0x00000174c648a0f0 WorkerThread "G1 Conc#2"                       [id=15412, stack(0x00000044e9a00000,0x00000044e9b00000) (1024K)]
  0x00000174f585b540 ConcurrentGCThread "G1 Refine#0"               [id=7268, stack(0x00000044e8200000,0x00000044e8300000) (1024K)]
  0x00000174f585cfe0 ConcurrentGCThread "G1 Service"                [id=10048, stack(0x00000044e8300000,0x00000044e8400000) (1024K)]
Total: 18

Threads with active compile tasks:
C2 CompilerThread1  26861 13000       4       java.lang.invoke.MethodType::makeImpl (109 bytes)
Total: 1

VM state: not at safepoint (normal execution)

VM Mutex/Monitor currently owned by a thread: None

Heap address: 0x0000000701800000, size: 4072 MB, Compressed Oops mode: Zero based, Oop shift amount: 3

CDS archive(s) mapped at: [0x0000017480000000-0x0000017480c60000-0x0000017480c60000), size 12976128, SharedBaseAddress: 0x0000017480000000, ArchiveRelocationMode: 1.
Compressed class space mapped at: 0x0000017481000000-0x00000174c1000000, reserved size: 1073741824
Narrow klass base: 0x0000017480000000, Narrow klass shift: 0, Narrow klass range: 0x41000000

GC Precious Log:
 CardTable entry size: 512
 Card Set container configuration: InlinePtr #cards 4 size 8 Array Of Cards #cards 16 size 48 Howl #buckets 8 coarsen threshold 3686 Howl Bitmap #cards 512 size 80 coarsen threshold 460 Card regions per heap region 1 cards per card region 4096
 CPUs: 12 total, 12 available
 Memory: 16281M
 Large Page Support: Disabled
 NUMA Support: Disabled
 Compressed Oops: Enabled (Zero based)
 Heap Region Size: 2M
 Heap Min Capacity: 8M
 Heap Initial Capacity: 256M
 Heap Max Capacity: 4072M
 Pre-touch: Disabled
 Parallel Workers: 10
 Concurrent Workers: 3
 Concurrent Refinement Workers: 10
 Periodic GC: Disabled

Heap:
 garbage-first heap   total reserved 4169728K, committed 311296K, used 205628K [0x0000000701800000, 0x0000000800000000)
  region size 2048K, 11 young (22528K), 5 survivors (10240K)
 Metaspace       used 66625K, committed 67072K, reserved 1114112K
  class space    used 7305K, committed 7488K, reserved 1048576K

Heap Regions: E=young(eden), S=young(survivor), O=old, HS=humongous(starts), HC=humongous(continues), CS=collection set, F=free, TAMS=top-at-mark-start, PB=parsable bottom
|   0|0x0000000701800000, 0x0000000701a00000, 0x0000000701a00000|100%|HS|  |TAMS 0x0000000701800000| PB 0x0000000701800000| Complete |  0
|   1|0x0000000701a00000, 0x0000000701c00000, 0x0000000701c00000|100%|HC|  |TAMS 0x0000000701a00000| PB 0x0000000701a00000| Complete |  0
|   2|0x0000000701c00000, 0x0000000701e00000, 0x0000000701e00000|100%| O|  |TAMS 0x0000000701c00000| PB 0x0000000701c00000| Untracked |  0
|   3|0x0000000701e00000, 0x0000000702000000, 0x0000000702000000|100%| O|  |TAMS 0x0000000701e00000| PB 0x0000000701e00000| Untracked |  0
|   4|0x0000000702000000, 0x0000000702200000, 0x0000000702200000|100%| O|  |TAMS 0x0000000702000000| PB 0x0000000702000000| Untracked |  0
|   5|0x0000000702200000, 0x0000000702400000, 0x0000000702400000|100%| O|  |TAMS 0x0000000702200000| PB 0x0000000702200000| Untracked |  0
|   6|0x0000000702400000, 0x0000000702600000, 0x0000000702600000|100%| O|  |TAMS 0x0000000702400000| PB 0x0000000702400000| Untracked |  0
|   7|0x0000000702600000, 0x0000000702800000, 0x0000000702800000|100%| O|  |TAMS 0x0000000702600000| PB 0x0000000702600000| Untracked |  0
|   8|0x0000000702800000, 0x0000000702a00000, 0x0000000702a00000|100%| O|  |TAMS 0x0000000702800000| PB 0x0000000702800000| Untracked |  0
|   9|0x0000000702a00000, 0x0000000702c00000, 0x0000000702c00000|100%| O|  |TAMS 0x0000000702a00000| PB 0x0000000702a00000| Untracked |  0
|  10|0x0000000702c00000, 0x0000000702e00000, 0x0000000702e00000|100%| O|  |TAMS 0x0000000702c00000| PB 0x0000000702c00000| Untracked |  0
|  11|0x0000000702e00000, 0x0000000703000000, 0x0000000703000000|100%| O|  |TAMS 0x0000000702e00000| PB 0x0000000702e00000| Untracked |  0
|  12|0x0000000703000000, 0x0000000703200000, 0x0000000703200000|100%| O|  |TAMS 0x0000000703000000| PB 0x0000000703000000| Untracked |  0
|  13|0x0000000703200000, 0x0000000703400000, 0x0000000703400000|100%| O|  |TAMS 0x0000000703200000| PB 0x0000000703200000| Untracked |  0
|  14|0x0000000703400000, 0x0000000703600000, 0x0000000703600000|100%| O|  |TAMS 0x0000000703400000| PB 0x0000000703400000| Untracked |  0
|  15|0x0000000703600000, 0x0000000703800000, 0x0000000703800000|100%| O|  |TAMS 0x0000000703600000| PB 0x0000000703600000| Untracked |  0
|  16|0x0000000703800000, 0x0000000703a00000, 0x0000000703a00000|100%| O|  |TAMS 0x0000000703800000| PB 0x0000000703800000| Untracked |  0
|  17|0x0000000703a00000, 0x0000000703c00000, 0x0000000703c00000|100%| O|  |TAMS 0x0000000703a00000| PB 0x0000000703a00000| Untracked |  0
|  18|0x0000000703c00000, 0x0000000703e00000, 0x0000000703e00000|100%| O|  |TAMS 0x0000000703c00000| PB 0x0000000703c00000| Untracked |  0
|  19|0x0000000703e00000, 0x0000000704000000, 0x0000000704000000|100%| O|  |TAMS 0x0000000703e00000| PB 0x0000000703e00000| Untracked |  0
|  20|0x0000000704000000, 0x0000000704200000, 0x0000000704200000|100%| O|  |TAMS 0x0000000704000000| PB 0x0000000704000000| Untracked |  0
|  21|0x0000000704200000, 0x0000000704400000, 0x0000000704400000|100%| O|  |TAMS 0x0000000704200000| PB 0x0000000704200000| Untracked |  0
|  22|0x0000000704400000, 0x0000000704600000, 0x0000000704600000|100%| O|  |TAMS 0x0000000704400000| PB 0x0000000704400000| Untracked |  0
|  23|0x0000000704600000, 0x0000000704800000, 0x0000000704800000|100%| O|  |TAMS 0x0000000704600000| PB 0x0000000704600000| Untracked |  0
|  24|0x0000000704800000, 0x0000000704a00000, 0x0000000704a00000|100%| O|  |TAMS 0x0000000704800000| PB 0x0000000704800000| Untracked |  0
|  25|0x0000000704a00000, 0x0000000704c00000, 0x0000000704c00000|100%| O|  |TAMS 0x0000000704a00000| PB 0x0000000704a00000| Untracked |  0
|  26|0x0000000704c00000, 0x0000000704e00000, 0x0000000704e00000|100%| O|  |TAMS 0x0000000704c00000| PB 0x0000000704c00000| Untracked |  0
|  27|0x0000000704e00000, 0x0000000705000000, 0x0000000705000000|100%| O|  |TAMS 0x0000000704e00000| PB 0x0000000704e00000| Untracked |  0
|  28|0x0000000705000000, 0x0000000705200000, 0x0000000705200000|100%| O|  |TAMS 0x0000000705000000| PB 0x0000000705000000| Untracked |  0
|  29|0x0000000705200000, 0x0000000705400000, 0x0000000705400000|100%| O|  |TAMS 0x0000000705200000| PB 0x0000000705200000| Untracked |  0
|  30|0x0000000705400000, 0x0000000705600000, 0x0000000705600000|100%| O|  |TAMS 0x0000000705400000| PB 0x0000000705400000| Untracked |  0
|  31|0x0000000705600000, 0x0000000705800000, 0x0000000705800000|100%| O|  |TAMS 0x0000000705600000| PB 0x0000000705600000| Untracked |  0
|  32|0x0000000705800000, 0x0000000705a00000, 0x0000000705a00000|100%| O|Cm|TAMS 0x0000000705800000| PB 0x0000000705800000| Complete |  0
|  33|0x0000000705a00000, 0x0000000705c00000, 0x0000000705c00000|100%| O|  |TAMS 0x0000000705a00000| PB 0x0000000705a00000| Untracked |  0
|  34|0x0000000705c00000, 0x0000000705e00000, 0x0000000705e00000|100%| O|  |TAMS 0x0000000705c00000| PB 0x0000000705c00000| Untracked |  0
|  35|0x0000000705e00000, 0x0000000706000000, 0x0000000706000000|100%| O|  |TAMS 0x0000000705e00000| PB 0x0000000705e00000| Untracked |  0
|  36|0x0000000706000000, 0x0000000706200000, 0x0000000706200000|100%| O|  |TAMS 0x0000000706000000| PB 0x0000000706000000| Untracked |  0
|  37|0x0000000706200000, 0x0000000706400000, 0x0000000706400000|100%| O|  |TAMS 0x0000000706200000| PB 0x0000000706200000| Untracked |  0
|  38|0x0000000706400000, 0x0000000706600000, 0x0000000706600000|100%| O|  |TAMS 0x0000000706400000| PB 0x0000000706400000| Untracked |  0
|  39|0x0000000706600000, 0x0000000706800000, 0x0000000706800000|100%| O|  |TAMS 0x0000000706600000| PB 0x0000000706600000| Untracked |  0
|  40|0x0000000706800000, 0x0000000706a00000, 0x0000000706a00000|100%| O|  |TAMS 0x0000000706800000| PB 0x0000000706800000| Untracked |  0
|  41|0x0000000706a00000, 0x0000000706c00000, 0x0000000706c00000|100%| O|  |TAMS 0x0000000706a00000| PB 0x0000000706a00000| Untracked |  0
|  42|0x0000000706c00000, 0x0000000706e00000, 0x0000000706e00000|100%| O|  |TAMS 0x0000000706c00000| PB 0x0000000706c00000| Untracked |  0
|  43|0x0000000706e00000, 0x0000000707000000, 0x0000000707000000|100%| O|  |TAMS 0x0000000706e00000| PB 0x0000000706e00000| Untracked |  0
|  44|0x0000000707000000, 0x0000000707200000, 0x0000000707200000|100%| O|  |TAMS 0x0000000707000000| PB 0x0000000707000000| Untracked |  0
|  45|0x0000000707200000, 0x0000000707400000, 0x0000000707400000|100%| O|  |TAMS 0x0000000707200000| PB 0x0000000707200000| Untracked |  0
|  46|0x0000000707400000, 0x0000000707600000, 0x0000000707600000|100%| O|  |TAMS 0x0000000707400000| PB 0x0000000707400000| Untracked |  0
|  47|0x0000000707600000, 0x0000000707800000, 0x0000000707800000|100%| O|  |TAMS 0x0000000707600000| PB 0x0000000707600000| Untracked |  0
|  48|0x0000000707800000, 0x0000000707a00000, 0x0000000707a00000|100%| O|  |TAMS 0x0000000707800000| PB 0x0000000707800000| Untracked |  0
|  49|0x0000000707a00000, 0x0000000707c00000, 0x0000000707c00000|100%| O|  |TAMS 0x0000000707a00000| PB 0x0000000707a00000| Untracked |  0
|  50|0x0000000707c00000, 0x0000000707e00000, 0x0000000707e00000|100%| O|  |TAMS 0x0000000707c00000| PB 0x0000000707c00000| Untracked |  0
|  51|0x0000000707e00000, 0x0000000708000000, 0x0000000708000000|100%| O|  |TAMS 0x0000000707e00000| PB 0x0000000707e00000| Untracked |  0
|  52|0x0000000708000000, 0x0000000708200000, 0x0000000708200000|100%| O|  |TAMS 0x0000000708000000| PB 0x0000000708000000| Untracked |  0
|  53|0x0000000708200000, 0x0000000708400000, 0x0000000708400000|100%| O|  |TAMS 0x0000000708200000| PB 0x0000000708200000| Untracked |  0
|  54|0x0000000708400000, 0x0000000708600000, 0x0000000708600000|100%| O|  |TAMS 0x0000000708400000| PB 0x0000000708400000| Untracked |  0
|  55|0x0000000708600000, 0x0000000708800000, 0x0000000708800000|100%| O|  |TAMS 0x0000000708600000| PB 0x0000000708600000| Untracked |  0
|  56|0x0000000708800000, 0x0000000708a00000, 0x0000000708a00000|100%| O|  |TAMS 0x0000000708800000| PB 0x0000000708800000| Untracked |  0
|  57|0x0000000708a00000, 0x0000000708c00000, 0x0000000708c00000|100%| O|  |TAMS 0x0000000708a00000| PB 0x0000000708a00000| Untracked |  0
|  58|0x0000000708c00000, 0x0000000708e00000, 0x0000000708e00000|100%| O|  |TAMS 0x0000000708c00000| PB 0x0000000708c00000| Untracked |  0
|  59|0x0000000708e00000, 0x0000000709000000, 0x0000000709000000|100%| O|  |TAMS 0x0000000708e00000| PB 0x0000000708e00000| Untracked |  0
|  60|0x0000000709000000, 0x0000000709200000, 0x0000000709200000|100%| O|  |TAMS 0x0000000709000000| PB 0x0000000709000000| Untracked |  0
|  61|0x0000000709200000, 0x0000000709400000, 0x0000000709400000|100%| O|  |TAMS 0x0000000709200000| PB 0x0000000709200000| Untracked |  0
|  62|0x0000000709400000, 0x0000000709600000, 0x0000000709600000|100%| O|  |TAMS 0x0000000709400000| PB 0x0000000709400000| Untracked |  0
|  63|0x0000000709600000, 0x0000000709800000, 0x0000000709800000|100%| O|  |TAMS 0x0000000709600000| PB 0x0000000709600000| Untracked |  0
|  64|0x0000000709800000, 0x0000000709a00000, 0x0000000709a00000|100%| O|  |TAMS 0x0000000709800000| PB 0x0000000709800000| Untracked |  0
|  65|0x0000000709a00000, 0x0000000709c00000, 0x0000000709c00000|100%| O|  |TAMS 0x0000000709a00000| PB 0x0000000709a00000| Untracked |  0
|  66|0x0000000709c00000, 0x0000000709e00000, 0x0000000709e00000|100%| O|  |TAMS 0x0000000709c00000| PB 0x0000000709c00000| Untracked |  0
|  67|0x0000000709e00000, 0x000000070a000000, 0x000000070a000000|100%| O|Cm|TAMS 0x0000000709e00000| PB 0x0000000709e00000| Complete |  0
|  68|0x000000070a000000, 0x000000070a200000, 0x000000070a200000|100%| O|  |TAMS 0x000000070a000000| PB 0x000000070a000000| Untracked |  0
|  69|0x000000070a200000, 0x000000070a400000, 0x000000070a400000|100%| O|  |TAMS 0x000000070a200000| PB 0x000000070a200000| Untracked |  0
|  70|0x000000070a400000, 0x000000070a600000, 0x000000070a600000|100%| O|  |TAMS 0x000000070a400000| PB 0x000000070a400000| Untracked |  0
|  71|0x000000070a600000, 0x000000070a800000, 0x000000070a800000|100%| O|  |TAMS 0x000000070a600000| PB 0x000000070a600000| Untracked |  0
|  72|0x000000070a800000, 0x000000070aa00000, 0x000000070aa00000|100%| O|  |TAMS 0x000000070a800000| PB 0x000000070a800000| Untracked |  0
|  73|0x000000070aa00000, 0x000000070ac00000, 0x000000070ac00000|100%| O|  |TAMS 0x000000070aa00000| PB 0x000000070aa00000| Untracked |  0
|  74|0x000000070ac00000, 0x000000070ae00000, 0x000000070ae00000|100%| O|Cm|TAMS 0x000000070ac00000| PB 0x000000070ac00000| Complete |  0
|  75|0x000000070ae00000, 0x000000070b000000, 0x000000070b000000|100%| O|  |TAMS 0x000000070ae00000| PB 0x000000070ae00000| Untracked |  0
|  76|0x000000070b000000, 0x000000070b200000, 0x000000070b200000|100%| O|  |TAMS 0x000000070b000000| PB 0x000000070b000000| Untracked |  0
|  77|0x000000070b200000, 0x000000070b400000, 0x000000070b400000|100%| O|  |TAMS 0x000000070b200000| PB 0x000000070b200000| Untracked |  0
|  78|0x000000070b400000, 0x000000070b600000, 0x000000070b600000|100%| O|  |TAMS 0x000000070b400000| PB 0x000000070b400000| Untracked |  0
|  79|0x000000070b600000, 0x000000070b800000, 0x000000070b800000|100%| O|  |TAMS 0x000000070b600000| PB 0x000000070b600000| Untracked |  0
|  80|0x000000070b800000, 0x000000070ba00000, 0x000000070ba00000|100%| O|  |TAMS 0x000000070b800000| PB 0x000000070b800000| Untracked |  0
|  81|0x000000070ba00000, 0x000000070bc00000, 0x000000070bc00000|100%| O|  |TAMS 0x000000070ba00000| PB 0x000000070ba00000| Untracked |  0
|  82|0x000000070bc00000, 0x000000070be00000, 0x000000070be00000|100%| O|  |TAMS 0x000000070bc00000| PB 0x000000070bc00000| Untracked |  0
|  83|0x000000070be00000, 0x000000070c000000, 0x000000070c000000|100%| O|  |TAMS 0x000000070be00000| PB 0x000000070be00000| Untracked |  0
|  84|0x000000070c000000, 0x000000070c200000, 0x000000070c200000|100%| O|  |TAMS 0x000000070c000000| PB 0x000000070c000000| Untracked |  0
|  85|0x000000070c200000, 0x000000070c400000, 0x000000070c400000|100%| O|  |TAMS 0x000000070c200000| PB 0x000000070c200000| Untracked |  0
|  86|0x000000070c400000, 0x000000070c600000, 0x000000070c600000|100%| O|  |TAMS 0x000000070c400000| PB 0x000000070c400000| Untracked |  0
|  87|0x000000070c600000, 0x000000070c800000, 0x000000070c800000|100%| O|  |TAMS 0x000000070c600000| PB 0x000000070c600000| Untracked |  0
|  88|0x000000070c800000, 0x000000070ca00000, 0x000000070ca00000|100%| O|  |TAMS 0x000000070c800000| PB 0x000000070c800000| Untracked |  0
|  89|0x000000070ca00000, 0x000000070cacf3a8, 0x000000070cc00000| 40%| O|  |TAMS 0x000000070ca00000| PB 0x000000070ca00000| Untracked |  0
|  90|0x000000070cc00000, 0x000000070cc00000, 0x000000070ce00000|  0%| F|  |TAMS 0x000000070cc00000| PB 0x000000070cc00000| Untracked |  0
|  91|0x000000070ce00000, 0x000000070ce00000, 0x000000070d000000|  0%| F|  |TAMS 0x000000070ce00000| PB 0x000000070ce00000| Untracked |  0
|  92|0x000000070d000000, 0x000000070d000000, 0x000000070d200000|  0%| F|  |TAMS 0x000000070d000000| PB 0x000000070d000000| Untracked |  0
|  93|0x000000070d200000, 0x000000070d200000, 0x000000070d400000|  0%| F|  |TAMS 0x000000070d200000| PB 0x000000070d200000| Untracked |  0
|  94|0x000000070d400000, 0x000000070d400000, 0x000000070d600000|  0%| F|  |TAMS 0x000000070d400000| PB 0x000000070d400000| Untracked |  0
|  95|0x000000070d600000, 0x000000070d600000, 0x000000070d800000|  0%| F|  |TAMS 0x000000070d600000| PB 0x000000070d600000| Untracked |  0
|  96|0x000000070d800000, 0x000000070d800000, 0x000000070da00000|  0%| F|  |TAMS 0x000000070d800000| PB 0x000000070d800000| Untracked |  0
|  97|0x000000070da00000, 0x000000070da00000, 0x000000070dc00000|  0%| F|  |TAMS 0x000000070da00000| PB 0x000000070da00000| Untracked |  0
|  98|0x000000070dc00000, 0x000000070dc00000, 0x000000070de00000|  0%| F|  |TAMS 0x000000070dc00000| PB 0x000000070dc00000| Untracked |  0
|  99|0x000000070de00000, 0x000000070de00000, 0x000000070e000000|  0%| F|  |TAMS 0x000000070de00000| PB 0x000000070de00000| Untracked |  0
| 100|0x000000070e000000, 0x000000070e000000, 0x000000070e200000|  0%| F|  |TAMS 0x000000070e000000| PB 0x000000070e000000| Untracked |  0
| 101|0x000000070e200000, 0x000000070e200000, 0x000000070e400000|  0%| F|  |TAMS 0x000000070e200000| PB 0x000000070e200000| Untracked |  0
| 102|0x000000070e400000, 0x000000070e400000, 0x000000070e600000|  0%| F|  |TAMS 0x000000070e400000| PB 0x000000070e400000| Untracked |  0
| 103|0x000000070e600000, 0x000000070e600000, 0x000000070e800000|  0%| F|  |TAMS 0x000000070e600000| PB 0x000000070e600000| Untracked |  0
| 104|0x000000070e800000, 0x000000070e800000, 0x000000070ea00000|  0%| F|  |TAMS 0x000000070e800000| PB 0x000000070e800000| Untracked |  0
| 105|0x000000070ea00000, 0x000000070ea00000, 0x000000070ec00000|  0%| F|  |TAMS 0x000000070ea00000| PB 0x000000070ea00000| Untracked |  0
| 106|0x000000070ec00000, 0x000000070ec00000, 0x000000070ee00000|  0%| F|  |TAMS 0x000000070ec00000| PB 0x000000070ec00000| Untracked |  0
| 107|0x000000070ee00000, 0x000000070ee00000, 0x000000070f000000|  0%| F|  |TAMS 0x000000070ee00000| PB 0x000000070ee00000| Untracked |  0
| 108|0x000000070f000000, 0x000000070f000000, 0x000000070f200000|  0%| F|  |TAMS 0x000000070f000000| PB 0x000000070f000000| Untracked |  0
| 109|0x000000070f200000, 0x000000070f200000, 0x000000070f400000|  0%| F|  |TAMS 0x000000070f200000| PB 0x000000070f200000| Untracked |  0
| 110|0x000000070f400000, 0x000000070f400000, 0x000000070f600000|  0%| F|  |TAMS 0x000000070f400000| PB 0x000000070f400000| Untracked |  0
| 111|0x000000070f600000, 0x000000070f600000, 0x000000070f800000|  0%| F|  |TAMS 0x000000070f600000| PB 0x000000070f600000| Untracked |  0
| 112|0x000000070f800000, 0x000000070f800000, 0x000000070fa00000|  0%| F|  |TAMS 0x000000070f800000| PB 0x000000070f800000| Untracked |  0
| 113|0x000000070fa00000, 0x000000070fa00000, 0x000000070fc00000|  0%| F|  |TAMS 0x000000070fa00000| PB 0x000000070fa00000| Untracked |  0
| 114|0x000000070fc00000, 0x000000070fc00000, 0x000000070fe00000|  0%| F|  |TAMS 0x000000070fc00000| PB 0x000000070fc00000| Untracked |  0
| 115|0x000000070fe00000, 0x000000070fe00000, 0x0000000710000000|  0%| F|  |TAMS 0x000000070fe00000| PB 0x000000070fe00000| Untracked |  0
| 116|0x0000000710000000, 0x0000000710200000, 0x0000000710200000|100%| S|CS|TAMS 0x0000000710000000| PB 0x0000000710000000| Complete |  0
| 117|0x0000000710200000, 0x0000000710400000, 0x0000000710400000|100%| S|CS|TAMS 0x0000000710200000| PB 0x0000000710200000| Complete |  0
| 118|0x0000000710400000, 0x0000000710600000, 0x0000000710600000|100%| S|CS|TAMS 0x0000000710400000| PB 0x0000000710400000| Complete |  0
| 119|0x0000000710600000, 0x0000000710800000, 0x0000000710800000|100%| S|CS|TAMS 0x0000000710600000| PB 0x0000000710600000| Complete |  0
| 120|0x0000000710800000, 0x0000000710a00000, 0x0000000710a00000|100%| S|CS|TAMS 0x0000000710800000| PB 0x0000000710800000| Complete |  0
| 121|0x0000000710a00000, 0x0000000710a00000, 0x0000000710c00000|  0%| F|  |TAMS 0x0000000710a00000| PB 0x0000000710a00000| Untracked |  0
| 122|0x0000000710c00000, 0x0000000710c00000, 0x0000000710e00000|  0%| F|  |TAMS 0x0000000710c00000| PB 0x0000000710c00000| Untracked |  0
| 123|0x0000000710e00000, 0x0000000710e00000, 0x0000000711000000|  0%| F|  |TAMS 0x0000000710e00000| PB 0x0000000710e00000| Untracked |  0
| 124|0x0000000711000000, 0x0000000711000000, 0x0000000711200000|  0%| F|  |TAMS 0x0000000711000000| PB 0x0000000711000000| Untracked |  0
| 125|0x0000000711200000, 0x0000000711200000, 0x0000000711400000|  0%| F|  |TAMS 0x0000000711200000| PB 0x0000000711200000| Untracked |  0
| 126|0x0000000711400000, 0x0000000711400000, 0x0000000711600000|  0%| F|  |TAMS 0x0000000711400000| PB 0x0000000711400000| Untracked |  0
| 127|0x0000000711600000, 0x0000000711600000, 0x0000000711800000|  0%| F|  |TAMS 0x0000000711600000| PB 0x0000000711600000| Untracked |  0
| 128|0x0000000711800000, 0x0000000711800000, 0x0000000711a00000|  0%| F|  |TAMS 0x0000000711800000| PB 0x0000000711800000| Untracked |  0
| 129|0x0000000711a00000, 0x0000000711a00000, 0x0000000711c00000|  0%| F|  |TAMS 0x0000000711a00000| PB 0x0000000711a00000| Untracked |  0
| 130|0x0000000711c00000, 0x0000000711c00000, 0x0000000711e00000|  0%| F|  |TAMS 0x0000000711c00000| PB 0x0000000711c00000| Untracked |  0
| 131|0x0000000711e00000, 0x0000000711e00000, 0x0000000712000000|  0%| F|  |TAMS 0x0000000711e00000| PB 0x0000000711e00000| Untracked |  0
| 132|0x0000000712000000, 0x0000000712000000, 0x0000000712200000|  0%| F|  |TAMS 0x0000000712000000| PB 0x0000000712000000| Untracked |  0
| 133|0x0000000712200000, 0x0000000712200000, 0x0000000712400000|  0%| F|  |TAMS 0x0000000712200000| PB 0x0000000712200000| Untracked |  0
| 134|0x0000000712400000, 0x0000000712400000, 0x0000000712600000|  0%| F|  |TAMS 0x0000000712400000| PB 0x0000000712400000| Untracked |  0
| 135|0x0000000712600000, 0x0000000712600000, 0x0000000712800000|  0%| F|  |TAMS 0x0000000712600000| PB 0x0000000712600000| Untracked |  0
| 136|0x0000000712800000, 0x0000000712800000, 0x0000000712a00000|  0%| F|  |TAMS 0x0000000712800000| PB 0x0000000712800000| Untracked |  0
| 137|0x0000000712a00000, 0x0000000712a00000, 0x0000000712c00000|  0%| F|  |TAMS 0x0000000712a00000| PB 0x0000000712a00000| Untracked |  0
| 138|0x0000000712c00000, 0x0000000712c00000, 0x0000000712e00000|  0%| F|  |TAMS 0x0000000712c00000| PB 0x0000000712c00000| Untracked |  0
| 139|0x0000000712e00000, 0x0000000712e00000, 0x0000000713000000|  0%| F|  |TAMS 0x0000000712e00000| PB 0x0000000712e00000| Untracked |  0
| 140|0x0000000713000000, 0x0000000713000000, 0x0000000713200000|  0%| F|  |TAMS 0x0000000713000000| PB 0x0000000713000000| Untracked |  0
| 141|0x0000000713200000, 0x0000000713200000, 0x0000000713400000|  0%| F|  |TAMS 0x0000000713200000| PB 0x0000000713200000| Untracked |  0
| 142|0x0000000713400000, 0x0000000713400000, 0x0000000713600000|  0%| F|  |TAMS 0x0000000713400000| PB 0x0000000713400000| Untracked |  0
| 143|0x0000000713600000, 0x0000000713600000, 0x0000000713800000|  0%| F|  |TAMS 0x0000000713600000| PB 0x0000000713600000| Untracked |  0
| 144|0x0000000713800000, 0x0000000713800000, 0x0000000713a00000|  0%| F|  |TAMS 0x0000000713800000| PB 0x0000000713800000| Untracked |  0
| 145|0x0000000713a00000, 0x0000000713c00000, 0x0000000713c00000|100%| E|  |TAMS 0x0000000713a00000| PB 0x0000000713a00000| Complete |  0
| 146|0x0000000713c00000, 0x0000000713e00000, 0x0000000713e00000|100%| E|CS|TAMS 0x0000000713c00000| PB 0x0000000713c00000| Complete |  0
| 147|0x0000000713e00000, 0x0000000714000000, 0x0000000714000000|100%| E|CS|TAMS 0x0000000713e00000| PB 0x0000000713e00000| Complete |  0
| 148|0x0000000714000000, 0x0000000714200000, 0x0000000714200000|100%| E|CS|TAMS 0x0000000714000000| PB 0x0000000714000000| Complete |  0
|2033|0x00000007ffa00000, 0x00000007ffc00000, 0x00000007ffc00000|100%| E|CS|TAMS 0x00000007ffa00000| PB 0x00000007ffa00000| Complete |  0
|2034|0x00000007ffc00000, 0x00000007ffe00000, 0x00000007ffe00000|100%| E|CS|TAMS 0x00000007ffc00000| PB 0x00000007ffc00000| Complete |  0
|2035|0x00000007ffe00000, 0x0000000800000000, 0x0000000800000000|100%| O|  |TAMS 0x00000007ffe00000| PB 0x00000007ffe00000| Untracked |  0

Card table byte_map: [0x00000174ee530000,0x00000174eed30000] _byte_map_base: 0x00000174ead24000

Marking Bits: (CMBitMap*) 0x00000174d45f8640
 Bits: [0x00000174eed30000, 0x00000174f2cd0000)

Polling page: 0x00000174d4280000

Metaspace:

Usage:
  Non-class:     58.00 MB used.
      Class:      7.14 MB used.
       Both:     65.14 MB used.

Virtual space:
  Non-class space:       64.00 MB reserved,      58.25 MB ( 91%) committed,  1 nodes.
      Class space:        1.00 GB reserved,       7.31 MB ( <1%) committed,  1 nodes.
             Both:        1.06 GB reserved,      65.56 MB (  6%) committed. 

Chunk freelists:
   Non-Class:  4.77 MB
       Class:  8.72 MB
        Both:  13.48 MB

MaxMetaspaceSize: unlimited
CompressedClassSpaceSize: 1.00 GB
Initial GC threshold: 21.00 MB
Current GC threshold: 99.62 MB
CDS: on
 - commit_granule_bytes: 65536.
 - commit_granule_words: 8192.
 - virtual_space_node_default_size: 8388608.
 - enlarge_chunks_in_place: 1.
 - use_allocation_guard: 0.


Internal statistics:

num_allocs_failed_limit: 8.
num_arena_births: 444.
num_arena_deaths: 0.
num_vsnodes_births: 2.
num_vsnodes_deaths: 0.
num_space_committed: 1048.
num_space_uncommitted: 0.
num_chunks_returned_to_freelist: 8.
num_chunks_taken_from_freelist: 2788.
num_chunk_merges: 8.
num_chunk_splits: 2271.
num_chunks_enlarged: 2000.
num_inconsistent_stats: 0.

CodeHeap 'non-profiled nmethods': size=120000Kb used=8017Kb max_used=8017Kb free=111983Kb
 bounds [0x00000174e5b80000, 0x00000174e6360000, 0x00000174ed0b0000]
CodeHeap 'profiled nmethods': size=120000Kb used=42344Kb max_used=42344Kb free=77655Kb
 bounds [0x00000174de0b0000, 0x00000174e0a10000, 0x00000174e55e0000]
CodeHeap 'non-nmethods': size=5760Kb used=1830Kb max_used=1929Kb free=3929Kb
 bounds [0x00000174e55e0000, 0x00000174e5850000, 0x00000174e5b80000]
 total_blobs=12843 nmethods=12028 adapters=715
 compilation: enabled
              stopped_count=0, restarted_count=0
 full_count=0

Compilation events (20 events):
Event: 26.756 Thread 0x00000174f59de9f0 nmethod 13044 0x00000174e09ce210 code [0x00000174e09ce3c0, 0x00000174e09ce6a8]
Event: 26.756 Thread 0x00000174f59de9f0 13046       3       org.jetbrains.kotlin.it.unimi.dsi.fastutil.objects.ObjectOpenHashSet::add (129 bytes)
Event: 26.756 Thread 0x00000174f59de9f0 nmethod 13046 0x00000174e09ce790 code [0x00000174e09ce9c0, 0x00000174e09cf2c8]
Event: 26.756 Thread 0x00000174f59de9f0 13045       3       org.jetbrains.kotlin.cli.jvm.index.JvmDependenciesIndexImpl::traverseDirectoriesInPackage$lambda$6$lambda$5 (39 bytes)
Event: 26.757 Thread 0x00000174f59de9f0 nmethod 13045 0x00000174e09cf590 code [0x00000174e09cf840, 0x00000174e09d0460]
Event: 26.796 Thread 0x00000174f59de9f0 13047       3       java.lang.invoke.TypeConvertingMethodAdapter::wrapperName (23 bytes)
Event: 26.796 Thread 0x00000174f59de9f0 nmethod 13047 0x00000174e09d0890 code [0x00000174e09d0aa0, 0x00000174e09d0fd0]
Event: 26.796 Thread 0x00000174c92b8180 13048       4       org.jetbrains.kotlin.name.FqNameUnsafe::compute (76 bytes)
Event: 26.796 Thread 0x00000174f59de9f0 13049       3       org.jetbrains.kotlin.backend.jvm.lower.ExternalPackageParentPatcherLowering$Visitor::visitElement (15 bytes)
Event: 26.797 Thread 0x00000174f59dacb0 13052       4       org.jetbrains.kotlin.ir.visitors.IrElementVisitorVoid$DefaultImpls::visitCall (14 bytes)
Event: 26.797 Thread 0x00000174f59de9f0 nmethod 13049 0x00000174e09d1210 code [0x00000174e09d14c0, 0x00000174e09d2058]
Event: 26.797 Thread 0x00000174f59de9f0 13051       3       org.jetbrains.kotlin.ir.types.IrTypesKt::typeWith (179 bytes)
Event: 26.797 Thread 0x00000174f59dacb0 nmethod 13052 0x00000174e634c190 code [0x00000174e634c320, 0x00000174e634c3d0]
Event: 26.798 Thread 0x00000174f59de9f0 nmethod 13051 0x00000174e09d2490 code [0x00000174e09d2820, 0x00000174e09d3ed0]
Event: 26.798 Thread 0x00000174f59de9f0 13050       3       org.jetbrains.kotlin.backend.jvm.lower.ExternalPackageParentPatcherLowering$Visitor::visitExpression (6 bytes)
Event: 26.798 Thread 0x00000174f59de9f0 nmethod 13050 0x00000174e09d4810 code [0x00000174e09d4b20, 0x00000174e09d5ae8]
Event: 26.798 Thread 0x00000174f59de9f0 13053       3       org.jetbrains.kotlin.backend.jvm.lower.ExternalPackageParentPatcherLowering$Visitor::visitMemberAccess (165 bytes)
Event: 26.799 Thread 0x00000174f59dacb0 13061       4       org.jetbrains.kotlin.ir.visitors.IrElementVisitorVoid$DefaultImpls::visitFunctionAccess (17 bytes)
Event: 26.799 Thread 0x00000174f59dacb0 nmethod 13061 0x00000174e634c510 code [0x00000174e634c6a0, 0x00000174e634c750]
Event: 26.799 Thread 0x00000174f59dacb0 13063       4       org.jetbrains.kotlin.ir.visitors.IrElementVisitorVoid$DefaultImpls::visitCall (17 bytes)

GC Heap History (20 events):
Event: 14.648 GC heap before
{Heap before GC invocations=16 (full 0):
 garbage-first heap   total reserved 4169728K, committed 153600K, used 128604K [0x0000000701800000, 0x0000000800000000)
  region size 2048K, 22 young (45056K), 4 survivors (8192K)
 Metaspace       used 44888K, committed 45184K, reserved 1114112K
  class space    used 5388K, committed 5504K, reserved 1048576K
}
Event: 14.659 GC heap after
{Heap after GC invocations=17 (full 0):
 garbage-first heap   total reserved 4169728K, committed 153600K, used 102400K [0x0000000701800000, 0x0000000800000000)
  region size 2048K, 3 young (6144K), 3 survivors (6144K)
 Metaspace       used 44888K, committed 45184K, reserved 1114112K
  class space    used 5388K, committed 5504K, reserved 1048576K
}
Event: 14.893 GC heap before
{Heap before GC invocations=17 (full 0):
 garbage-first heap   total reserved 4169728K, committed 153600K, used 133120K [0x0000000701800000, 0x0000000800000000)
  region size 2048K, 18 young (36864K), 3 survivors (6144K)
 Metaspace       used 44888K, committed 45184K, reserved 1114112K
  class space    used 5388K, committed 5504K, reserved 1048576K
}
Event: 14.900 GC heap after
{Heap after GC invocations=18 (full 0):
 garbage-first heap   total reserved 4169728K, committed 153600K, used 109287K [0x0000000701800000, 0x0000000800000000)
  region size 2048K, 3 young (6144K), 3 survivors (6144K)
 Metaspace       used 44888K, committed 45184K, reserved 1114112K
  class space    used 5388K, committed 5504K, reserved 1048576K
}
Event: 15.039 GC heap before
{Heap before GC invocations=18 (full 0):
 garbage-first heap   total reserved 4169728K, committed 153600K, used 135911K [0x0000000701800000, 0x0000000800000000)
  region size 2048K, 16 young (32768K), 3 survivors (6144K)
 Metaspace       used 44888K, committed 45184K, reserved 1114112K
  class space    used 5388K, committed 5504K, reserved 1048576K
}
Event: 15.045 GC heap after
{Heap after GC invocations=19 (full 0):
 garbage-first heap   total reserved 4169728K, committed 153600K, used 116426K [0x0000000701800000, 0x0000000800000000)
  region size 2048K, 2 young (4096K), 2 survivors (4096K)
 Metaspace       used 44888K, committed 45184K, reserved 1114112K
  class space    used 5388K, committed 5504K, reserved 1048576K
}
Event: 15.288 GC heap before
{Heap before GC invocations=20 (full 0):
 garbage-first heap   total reserved 4169728K, committed 194560K, used 136906K [0x0000000701800000, 0x0000000800000000)
  region size 2048K, 12 young (24576K), 2 survivors (4096K)
 Metaspace       used 44916K, committed 45184K, reserved 1114112K
  class space    used 5388K, committed 5504K, reserved 1048576K
}
Event: 15.294 GC heap after
{Heap after GC invocations=21 (full 0):
 garbage-first heap   total reserved 4169728K, committed 194560K, used 122880K [0x0000000701800000, 0x0000000800000000)
  region size 2048K, 2 young (4096K), 2 survivors (4096K)
 Metaspace       used 44916K, committed 45184K, reserved 1114112K
  class space    used 5388K, committed 5504K, reserved 1048576K
}
Event: 15.452 GC heap before
{Heap before GC invocations=21 (full 0):
 garbage-first heap   total reserved 4169728K, committed 194560K, used 165888K [0x0000000701800000, 0x0000000800000000)
  region size 2048K, 23 young (47104K), 2 survivors (4096K)
 Metaspace       used 44916K, committed 45184K, reserved 1114112K
  class space    used 5388K, committed 5504K, reserved 1048576K
}
Event: 15.461 GC heap after
{Heap after GC invocations=22 (full 0):
 garbage-first heap   total reserved 4169728K, committed 276480K, used 131072K [0x0000000701800000, 0x0000000800000000)
  region size 2048K, 3 young (6144K), 3 survivors (6144K)
 Metaspace       used 44916K, committed 45184K, reserved 1114112K
  class space    used 5388K, committed 5504K, reserved 1048576K
}
Event: 17.327 GC heap before
{Heap before GC invocations=22 (full 0):
 garbage-first heap   total reserved 4169728K, committed 276480K, used 221184K [0x0000000701800000, 0x0000000800000000)
  region size 2048K, 47 young (96256K), 3 survivors (6144K)
 Metaspace       used 46101K, committed 46400K, reserved 1114112K
  class space    used 5438K, committed 5568K, reserved 1048576K
}
Event: 17.339 GC heap after
{Heap after GC invocations=23 (full 0):
 garbage-first heap   total reserved 4169728K, committed 276480K, used 153287K [0x0000000701800000, 0x0000000800000000)
  region size 2048K, 6 young (12288K), 6 survivors (12288K)
 Metaspace       used 46101K, committed 46400K, reserved 1114112K
  class space    used 5438K, committed 5568K, reserved 1048576K
}
Event: 20.403 GC heap before
{Heap before GC invocations=24 (full 0):
 garbage-first heap   total reserved 4169728K, committed 276480K, used 227015K [0x0000000701800000, 0x0000000800000000)
  region size 2048K, 42 young (86016K), 6 survivors (12288K)
 Metaspace       used 47594K, committed 47936K, reserved 1114112K
  class space    used 5548K, committed 5696K, reserved 1048576K
}
Event: 20.417 GC heap after
{Heap after GC invocations=25 (full 0):
 garbage-first heap   total reserved 4169728K, committed 276480K, used 167936K [0x0000000701800000, 0x0000000800000000)
  region size 2048K, 6 young (12288K), 6 survivors (12288K)
 Metaspace       used 47594K, committed 47936K, reserved 1114112K
  class space    used 5548K, committed 5696K, reserved 1048576K
}
Event: 22.551 GC heap before
{Heap before GC invocations=25 (full 0):
 garbage-first heap   total reserved 4169728K, committed 276480K, used 235520K [0x0000000701800000, 0x0000000800000000)
  region size 2048K, 39 young (79872K), 6 survivors (12288K)
 Metaspace       used 51479K, committed 51904K, reserved 1114112K
  class space    used 5892K, committed 6080K, reserved 1048576K
}
Event: 22.568 GC heap after
{Heap after GC invocations=26 (full 0):
 garbage-first heap   total reserved 4169728K, committed 276480K, used 176563K [0x0000000701800000, 0x0000000800000000)
  region size 2048K, 5 young (10240K), 5 survivors (10240K)
 Metaspace       used 51479K, committed 51904K, reserved 1114112K
  class space    used 5892K, committed 6080K, reserved 1048576K
}
Event: 24.742 GC heap before
{Heap before GC invocations=26 (full 0):
 garbage-first heap   total reserved 4169728K, committed 276480K, used 240051K [0x0000000701800000, 0x0000000800000000)
  region size 2048K, 36 young (73728K), 5 survivors (10240K)
 Metaspace       used 60617K, committed 60992K, reserved 1114112K
  class space    used 6666K, committed 6848K, reserved 1048576K
}
Event: 24.753 GC heap after
{Heap after GC invocations=27 (full 0):
 garbage-first heap   total reserved 4169728K, committed 276480K, used 184568K [0x0000000701800000, 0x0000000800000000)
  region size 2048K, 4 young (8192K), 4 survivors (8192K)
 Metaspace       used 60617K, committed 60992K, reserved 1114112K
  class space    used 6666K, committed 6848K, reserved 1048576K
}
Event: 26.530 GC heap before
{Heap before GC invocations=28 (full 0):
 garbage-first heap   total reserved 4169728K, committed 311296K, used 246008K [0x0000000701800000, 0x0000000800000000)
  region size 2048K, 34 young (69632K), 4 survivors (8192K)
 Metaspace       used 64314K, committed 64768K, reserved 1114112K
  class space    used 7039K, committed 7232K, reserved 1048576K
}
Event: 26.544 GC heap after
{Heap after GC invocations=29 (full 0):
 garbage-first heap   total reserved 4169728K, committed 311296K, used 195388K [0x0000000701800000, 0x0000000800000000)
  region size 2048K, 5 young (10240K), 5 survivors (10240K)
 Metaspace       used 64314K, committed 64768K, reserved 1114112K
  class space    used 7039K, committed 7232K, reserved 1048576K
}

Dll operation events (7 events):
Event: 0.010 Loaded shared library C:\Program Files\Java\jdk-22\bin\java.dll
Event: 0.160 Loaded shared library C:\Program Files\Java\jdk-22\bin\jsvml.dll
Event: 0.255 Loaded shared library C:\Program Files\Java\jdk-22\bin\net.dll
Event: 0.257 Loaded shared library C:\Program Files\Java\jdk-22\bin\nio.dll
Event: 0.304 Loaded shared library C:\Program Files\Java\jdk-22\bin\zip.dll
Event: 0.360 Loaded shared library C:\Program Files\Java\jdk-22\bin\jimage.dll
Event: 2.513 Loaded shared library C:\Program Files\Java\jdk-22\bin\verify.dll

Deoptimization events (20 events):
Event: 26.735 Thread 0x00000174d42df410 Uncommon trap: trap_request=0xffffffc6 fr.pc=0x00000174e63467e0 relative=0x00000000000001a0
Event: 26.735 Thread 0x00000174d42df410 Uncommon trap: reason=bimorphic_or_optimized_type_check action=maybe_recompile pc=0x00000174e63467e0 method=kotlin.sequences.TransformingSequence$iterator$1.next()Ljava/lang/Object; @ 11 c2
Event: 26.735 Thread 0x00000174d42df410 DEOPT PACKING pc=0x00000174e63467e0 sp=0x00000044e7efe4a0
Event: 26.735 Thread 0x00000174d42df410 DEOPT UNPACKING pc=0x00000174e56346a2 sp=0x00000044e7efe468 mode 2
Event: 26.735 Thread 0x00000174d42df410 Uncommon trap: trap_request=0xffffffc6 fr.pc=0x00000174e63467e0 relative=0x00000000000001a0
Event: 26.735 Thread 0x00000174d42df410 Uncommon trap: reason=bimorphic_or_optimized_type_check action=maybe_recompile pc=0x00000174e63467e0 method=kotlin.sequences.TransformingSequence$iterator$1.next()Ljava/lang/Object; @ 11 c2
Event: 26.735 Thread 0x00000174d42df410 DEOPT PACKING pc=0x00000174e63467e0 sp=0x00000044e7efe4a0
Event: 26.735 Thread 0x00000174d42df410 DEOPT UNPACKING pc=0x00000174e56346a2 sp=0x00000044e7efe468 mode 2
Event: 26.755 Thread 0x00000174d42df410 Uncommon trap: trap_request=0xffffff45 fr.pc=0x00000174e5d051ec relative=0x00000000000008ac
Event: 26.755 Thread 0x00000174d42df410 Uncommon trap: reason=unstable_if action=reinterpret pc=0x00000174e5d051ec method=org.jetbrains.kotlin.it.unimi.dsi.fastutil.objects.ObjectOpenHashSet.add(Ljava/lang/Object;)Z @ 54 c2
Event: 26.755 Thread 0x00000174d42df410 DEOPT PACKING pc=0x00000174e5d051ec sp=0x00000044e7efdc00
Event: 26.755 Thread 0x00000174d42df410 DEOPT UNPACKING pc=0x00000174e56346a2 sp=0x00000044e7efdbb8 mode 2
Event: 26.756 Thread 0x00000174d42df410 Uncommon trap: trap_request=0xffffff45 fr.pc=0x00000174e5fb50fc relative=0x000000000000423c
Event: 26.756 Thread 0x00000174d42df410 Uncommon trap: reason=unstable_if action=reinterpret pc=0x00000174e5fb50fc method=org.jetbrains.org.objectweb.asm.ClassReader.readMethod(Lorg/jetbrains/org/objectweb/asm/ClassVisitor;Lorg/jetbrains/org/objectweb/asm/Context;I)I @ 414 c2
Event: 26.756 Thread 0x00000174d42df410 DEOPT PACKING pc=0x00000174e5fb50fc sp=0x00000044e7efdb70
Event: 26.756 Thread 0x00000174d42df410 DEOPT UNPACKING pc=0x00000174e56346a2 sp=0x00000044e7efdaf8 mode 2
Event: 26.787 Thread 0x00000174d42df410 Uncommon trap: trap_request=0xffffffde fr.pc=0x00000174e5f7d0b4 relative=0x0000000000000094
Event: 26.787 Thread 0x00000174d42df410 Uncommon trap: reason=class_check action=maybe_recompile pc=0x00000174e5f7d0b4 method=java.util.AbstractSet.equals(Ljava/lang/Object;)Z @ 8 c2
Event: 26.788 Thread 0x00000174d42df410 DEOPT PACKING pc=0x00000174e5f7d0b4 sp=0x00000044e7efea60
Event: 26.788 Thread 0x00000174d42df410 DEOPT UNPACKING pc=0x00000174e56346a2 sp=0x00000044e7efe9f0 mode 2

Classes loaded (20 events):
Event: 19.240 Loading class java/lang/Short$ShortCache
Event: 19.240 Loading class java/lang/Short$ShortCache done
Event: 21.699 Loading class java/text/MessageFormat
Event: 21.700 Loading class java/text/MessageFormat done
Event: 21.791 Loading class java/text/ChoiceFormat
Event: 21.792 Loading class java/text/ChoiceFormat done
Event: 21.847 Loading class java/util/EnumMap$EntrySet
Event: 21.847 Loading class java/util/EnumMap$EntrySet done
Event: 21.847 Loading class java/util/EnumMap$EntryIterator
Event: 21.847 Loading class java/util/EnumMap$EnumMapIterator
Event: 21.847 Loading class java/util/EnumMap$EnumMapIterator done
Event: 21.847 Loading class java/util/EnumMap$EntryIterator done
Event: 21.847 Loading class java/util/EnumMap$EntryIterator$Entry
Event: 21.847 Loading class java/util/EnumMap$EntryIterator$Entry done
Event: 21.916 Loading class java/util/RegularEnumSet$EnumSetIterator
Event: 21.916 Loading class java/util/RegularEnumSet$EnumSetIterator done
Event: 23.099 Loading class java/security/CodeSigner
Event: 23.099 Loading class java/security/CodeSigner done
Event: 25.228 Loading class java/util/Formatter$FixedString
Event: 25.229 Loading class java/util/Formatter$FixedString done

Classes unloaded (0 events):
No events

Classes redefined (0 events):
No events

Internal exceptions (20 events):
Event: 23.825 Thread 0x00000174d42df410 Exception <a 'java/lang/NoSuchMethodError'{0x0000000710135ed8}: 'java.lang.Object java.lang.invoke.DirectMethodHandle$Holder.newInvokeSpecial(java.lang.Object, java.lang.Object, int, int)'> (0x0000000710135ed8) 
thrown [s\open\src\hotspot\share\interpreter\linkResolver.cpp, line 774]
Event: 23.825 Thread 0x00000174d42df410 Exception <a 'java/lang/NoSuchMethodError'{0x0000000710139f08}: 'java.lang.Object java.lang.invoke.DirectMethodHandle$Holder.invokeSpecial(java.lang.Object, java.lang.Object, java.lang.Object, int, int)'> (0x0000000710139f08) 
thrown [s\open\src\hotspot\share\interpreter\linkResolver.cpp, line 774]
Event: 23.825 Thread 0x00000174d42df410 Exception <a 'java/lang/NoSuchMethodError'{0x000000071013d820}: 'java.lang.Object java.lang.invoke.Invokers$Holder.linkToTargetMethod(java.lang.Object, int, int, java.lang.Object)'> (0x000000071013d820) 
thrown [s\open\src\hotspot\share\interpreter\linkResolver.cpp, line 774]
Event: 23.858 Thread 0x00000174d42df410 Exception <a 'java/lang/NoSuchMethodError'{0x000000070fe41128}: 'java.lang.Object java.lang.invoke.DirectMethodHandle$Holder.newInvokeSpecial(java.lang.Object, java.lang.Object, java.lang.Object, java.lang.Object, java.lang.Object, java.lang.Object, java.lang.Object, int)'> (0x000000070fe41128) 
thrown [s\open\src\hotspot\share\interpreter\linkResolver.cpp, line 774]
Event: 23.858 Thread 0x00000174d42df410 Exception <a 'java/lang/NoSuchMethodError'{0x000000070fe457c8}: 'java.lang.Object java.lang.invoke.DirectMethodHandle$Holder.invokeSpecial(java.lang.Object, java.lang.Object, java.lang.Object, java.lang.Object, java.lang.Object, java.lang.Object, java.lang.Object, java.lang.Object, int)'> (0x000000070fe457c8) 
thrown [s\open\src\hotspot\share\interpreter\linkResolver.cpp, line 774]
Event: 24.066 Thread 0x00000174d42df410 Exception <a 'java/lang/NoSuchMethodError'{0x000000070fa24880}: 'java.lang.Object java.lang.invoke.DirectMethodHandle$Holder.newInvokeSpecial(java.lang.Object, java.lang.Object, java.lang.Object, java.lang.Object, java.lang.Object, java.lang.Object, java.lang.Object, java.lang.Object)'> (0x000000070fa24880) 
thrown [s\open\src\hotspot\share\interpreter\linkResolver.cpp, line 774]
Event: 24.070 Thread 0x00000174d42df410 Exception <a 'java/lang/NoSuchMethodError'{0x000000070fa45358}: 'java.lang.Object java.lang.invoke.DirectMethodHandle$Holder.newInvokeSpecial(java.lang.Object, java.lang.Object, java.lang.Object, java.lang.Object, int, int, java.lang.Object)'> (0x000000070fa45358) 
thrown [s\open\src\hotspot\share\interpreter\linkResolver.cpp, line 774]
Event: 24.927 Thread 0x00000174d42df410 Exception <a 'java/lang/NoSuchMethodError'{0x00000007ffae6e20}: 'java.lang.Object java.lang.invoke.DirectMethodHandle$Holder.invokeStatic(java.lang.Object, java.lang.Object, int, java.lang.Object, java.lang.Object)'> (0x00000007ffae6e20) 
thrown [s\open\src\hotspot\share\interpreter\linkResolver.cpp, line 774]
Event: 24.928 Thread 0x00000174d42df410 Exception <a 'java/lang/NoSuchMethodError'{0x00000007ffaee490}: 'java.lang.Object java.lang.invoke.DirectMethodHandle$Holder.newInvokeSpecial(java.lang.Object, java.lang.Object, int, java.lang.Object, java.lang.Object)'> (0x00000007ffaee490) 
thrown [s\open\src\hotspot\share\interpreter\linkResolver.cpp, line 774]
Event: 24.928 Thread 0x00000174d42df410 Exception <a 'java/lang/NoSuchMethodError'{0x00000007ffaf2c98}: 'java.lang.Object java.lang.invoke.DirectMethodHandle$Holder.invokeSpecial(java.lang.Object, java.lang.Object, java.lang.Object, int, java.lang.Object, java.lang.Object)'> (0x00000007ffaf2c98) 
thrown [s\open\src\hotspot\share\interpreter\linkResolver.cpp, line 774]
Event: 24.928 Thread 0x00000174d42df410 Exception <a 'java/lang/NoSuchMethodError'{0x00000007ffaf6a30}: 'java.lang.Object java.lang.invoke.Invokers$Holder.linkToTargetMethod(java.lang.Object, int, java.lang.Object, java.lang.Object, java.lang.Object)'> (0x00000007ffaf6a30) 
thrown [s\open\src\hotspot\share\interpreter\linkResolver.cpp, line 774]
Event: 25.435 Thread 0x00000174d42df410 Exception <a 'java/lang/NoSuchMethodError'{0x0000000713096750}: 'java.lang.Object java.lang.invoke.DirectMethodHandle$Holder.invokeStatic(java.lang.Object, java.lang.Object, java.lang.Object, java.lang.Object, java.lang.Object, java.lang.Object, int, java.lang.Object)'> (0x0000000713096750) 
thrown [s\open\src\hotspot\share\interpreter\linkResolver.cpp, line 774]
Event: 25.442 Thread 0x00000174d42df410 Exception <a 'java/lang/NoSuchMethodError'{0x00000007130a0140}: 'java.lang.Object java.lang.invoke.DirectMethodHandle$Holder.newInvokeSpecial(java.lang.Object, java.lang.Object, java.lang.Object, java.lang.Object, java.lang.Object, java.lang.Object, int)'> (0x00000007130a0140) 
thrown [s\open\src\hotspot\share\interpreter\linkResolver.cpp, line 774]
Event: 25.442 Thread 0x00000174d42df410 Exception <a 'java/lang/NoSuchMethodError'{0x00000007130a4838}: 'java.lang.Object java.lang.invoke.DirectMethodHandle$Holder.invokeSpecial(java.lang.Object, java.lang.Object, java.lang.Object, java.lang.Object, java.lang.Object, java.lang.Object, java.lang.Object, int)'> (0x00000007130a4838) 
thrown [s\open\src\hotspot\share\interpreter\linkResolver.cpp, line 774]
Event: 26.239 Thread 0x00000174d42df410 Exception <a 'java/lang/NoSuchMethodError'{0x00000007114e7990}: 'java.lang.Object java.lang.invoke.DirectMethodHandle$Holder.invokeStatic(java.lang.Object, java.lang.Object, java.lang.Object, java.lang.Object, java.lang.Object, int, java.lang.Object, java.lang.Object)'> (0x00000007114e7990) 
thrown [s\open\src\hotspot\share\interpreter\linkResolver.cpp, line 774]
Event: 26.434 Thread 0x00000174d42df410 Exception <a 'java/lang/NoSuchMethodError'{0x0000000710e143b8}: 'java.lang.Object java.lang.invoke.DirectMethodHandle$Holder.newInvokeSpecial(java.lang.Object, java.lang.Object, int, java.lang.Object)'> (0x0000000710e143b8) 
thrown [s\open\src\hotspot\share\interpreter\linkResolver.cpp, line 774]
Event: 26.434 Thread 0x00000174d42df410 Exception <a 'java/lang/NoSuchMethodError'{0x0000000710e18208}: 'java.lang.Object java.lang.invoke.DirectMethodHandle$Holder.invokeSpecial(java.lang.Object, java.lang.Object, java.lang.Object, int, java.lang.Object)'> (0x0000000710e18208) 
thrown [s\open\src\hotspot\share\interpreter\linkResolver.cpp, line 774]
Event: 26.434 Thread 0x00000174d42df410 Exception <a 'java/lang/NoSuchMethodError'{0x0000000710e1bbc8}: 'java.lang.Object java.lang.invoke.Invokers$Holder.linkToTargetMethod(java.lang.Object, int, java.lang.Object, java.lang.Object)'> (0x0000000710e1bbc8) 
thrown [s\open\src\hotspot\share\interpreter\linkResolver.cpp, line 774]
Event: 26.751 Thread 0x00000174d42df410 Exception <a 'java/lang/NoSuchMethodError'{0x0000000713cba678}: 'java.lang.Object java.lang.invoke.DirectMethodHandle$Holder.newInvokeSpecial(java.lang.Object, int, java.lang.Object, int)'> (0x0000000713cba678) 
thrown [s\open\src\hotspot\share\interpreter\linkResolver.cpp, line 774]
Event: 26.751 Thread 0x00000174d42df410 Exception <a 'java/lang/NoSuchMethodError'{0x0000000713cbe500}: 'java.lang.Object java.lang.invoke.DirectMethodHandle$Holder.invokeSpecial(java.lang.Object, java.lang.Object, int, java.lang.Object, int)'> (0x0000000713cbe500) 
thrown [s\open\src\hotspot\share\interpreter\linkResolver.cpp, line 774]

ZGC Phase Switch (0 events):
No events

VM Operations (20 events):
Event: 25.701 Executing VM operation: HandshakeAllThreads (Deoptimize)
Event: 25.701 Executing VM operation: HandshakeAllThreads (Deoptimize) done
Event: 25.749 Executing VM operation: ICBufferFull
Event: 25.749 Executing VM operation: ICBufferFull done
Event: 25.969 Executing VM operation: ICBufferFull
Event: 25.969 Executing VM operation: ICBufferFull done
Event: 26.166 Executing VM operation: ICBufferFull
Event: 26.166 Executing VM operation: ICBufferFull done
Event: 26.364 Executing VM operation: ICBufferFull
Event: 26.364 Executing VM operation: ICBufferFull done
Event: 26.518 Executing VM operation: HandshakeAllThreads (Deoptimize)
Event: 26.519 Executing VM operation: HandshakeAllThreads (Deoptimize) done
Event: 26.530 Executing VM operation: G1CollectForAllocation (G1 Evacuation Pause)
Event: 26.544 Executing VM operation: G1CollectForAllocation (G1 Evacuation Pause) done
Event: 26.640 Executing VM operation: HandshakeAllThreads (Deoptimize)
Event: 26.640 Executing VM operation: HandshakeAllThreads (Deoptimize) done
Event: 26.777 Executing VM operation: HandshakeAllThreads (Deoptimize)
Event: 26.777 Executing VM operation: HandshakeAllThreads (Deoptimize) done
Event: 26.779 Executing VM operation: HandshakeAllThreads (Deoptimize)
Event: 26.779 Executing VM operation: HandshakeAllThreads (Deoptimize) done

Memory protections (0 events):
No events

Nmethod flushes (20 events):
Event: 24.884 Thread 0x00000174f59b1a00 flushing  nmethod 0x00000174de1c4590
Event: 24.884 Thread 0x00000174f59b1a00 flushing  nmethod 0x00000174de292590
Event: 24.884 Thread 0x00000174f59b1a00 flushing  nmethod 0x00000174de470590
Event: 24.884 Thread 0x00000174f59b1a00 flushing  nmethod 0x00000174de4d2b10
Event: 24.884 Thread 0x00000174f59b1a00 flushing  nmethod 0x00000174de6b1b90
Event: 24.884 Thread 0x00000174f59b1a00 flushing  nmethod 0x00000174de6bb310
Event: 24.884 Thread 0x00000174f59b1a00 flushing  nmethod 0x00000174de6cf310
Event: 24.884 Thread 0x00000174f59b1a00 flushing  nmethod 0x00000174de6d5e90
Event: 24.884 Thread 0x00000174f59b1a00 flushing  nmethod 0x00000174de6d6590
Event: 24.884 Thread 0x00000174f59b1a00 flushing  nmethod 0x00000174de6eb890
Event: 24.884 Thread 0x00000174f59b1a00 flushing  nmethod 0x00000174de6f6a90
Event: 24.884 Thread 0x00000174f59b1a00 flushing  nmethod 0x00000174de6f8890
Event: 24.884 Thread 0x00000174f59b1a00 flushing  nmethod 0x00000174de719890
Event: 24.884 Thread 0x00000174f59b1a00 flushing  nmethod 0x00000174de738390
Event: 24.884 Thread 0x00000174f59b1a00 flushing  nmethod 0x00000174de7c1890
Event: 24.884 Thread 0x00000174f59b1a00 flushing  nmethod 0x00000174de7fab10
Event: 24.884 Thread 0x00000174f59b1a00 flushing  nmethod 0x00000174de8e2f10
Event: 24.884 Thread 0x00000174f59b1a00 flushing  nmethod 0x00000174de9a1090
Event: 24.884 Thread 0x00000174f59b1a00 flushing  nmethod 0x00000174de9a7890
Event: 24.884 Thread 0x00000174f59b1a00 flushing  nmethod 0x00000174de9bfc90

Events (20 events):
Event: 7.269 Thread 0x00000174f59de9f0 Thread added: 0x00000174c55d8770
Event: 10.007 Thread 0x00000174c55d8770 Thread exited: 0x00000174c55d8770
Event: 10.790 Thread 0x00000174f59de9f0 Thread added: 0x00000174cc610030
Event: 11.939 Thread 0x00000174cc610030 Thread exited: 0x00000174cc610030
Event: 12.901 Thread 0x00000174f59de9f0 Thread added: 0x00000174c8f168d0
Event: 12.929 Thread 0x00000174c8f168d0 Thread added: 0x00000174cc8552d0
Event: 13.383 Thread 0x00000174cc8552d0 Thread exited: 0x00000174cc8552d0
Event: 13.430 Thread 0x00000174f59de9f0 Thread added: 0x00000174cb8df900
Event: 14.933 Thread 0x00000174cb8df900 Thread exited: 0x00000174cb8df900
Event: 16.789 Thread 0x00000174c8f168d0 Thread exited: 0x00000174c8f168d0
Event: 17.169 Thread 0x00000174f59de9f0 Thread added: 0x00000174c80a44c0
Event: 17.433 Thread 0x00000174c80a44c0 Thread exited: 0x00000174c80a44c0
Event: 17.497 Thread 0x00000174f59de9f0 Thread added: 0x00000174cbdfecd0
Event: 18.204 Thread 0x00000174cbdfecd0 Thread exited: 0x00000174cbdfecd0
Event: 19.425 Thread 0x00000174f59dacb0 Thread added: 0x00000174c88c1d80
Event: 19.977 Thread 0x00000174f59de9f0 Thread added: 0x00000174c7b70fa0
Event: 23.512 Thread 0x00000174c7b70fa0 Thread exited: 0x00000174c7b70fa0
Event: 23.512 Thread 0x00000174c88c1d80 Thread exited: 0x00000174c88c1d80
Event: 23.902 Thread 0x00000174f59de9f0 Thread added: 0x00000174cbdbe740
Event: 25.130 Thread 0x00000174f59de9f0 Thread added: 0x00000174c92b8180


Dynamic libraries:
0x00007ff6df390000 - 0x00007ff6df3a0000 	C:\Program Files\Java\jdk-22\bin\java.exe
0x00007ff84eff0000 - 0x00007ff84f1e8000 	C:\WINDOWS\SYSTEM32\ntdll.dll
0x00007ff84dd70000 - 0x00007ff84de32000 	C:\WINDOWS\System32\KERNEL32.DLL
0x00007ff84ca30000 - 0x00007ff84cd2e000 	C:\WINDOWS\System32\KERNELBASE.dll
0x00007ff84ce10000 - 0x00007ff84cf10000 	C:\WINDOWS\System32\ucrtbase.dll
0x00007ff82ab60000 - 0x00007ff82ab77000 	C:\Program Files\Java\jdk-22\bin\jli.dll
0x00007ff84ea40000 - 0x00007ff84ebdd000 	C:\WINDOWS\System32\USER32.dll
0x00007ff84cd30000 - 0x00007ff84cd52000 	C:\WINDOWS\System32\win32u.dll
0x00007ff84e8c0000 - 0x00007ff84e8eb000 	C:\WINDOWS\System32\GDI32.dll
0x00007ff829cb0000 - 0x00007ff829ccb000 	C:\Program Files\Java\jdk-22\bin\VCRUNTIME140.dll
0x00007ff84c6c0000 - 0x00007ff84c7d7000 	C:\WINDOWS\System32\gdi32full.dll
0x00007ff838450000 - 0x00007ff8386ea000 	C:\WINDOWS\WinSxS\amd64_microsoft.windows.common-controls_6595b64144ccf1df_6.0.19041.4355_none_60b8b9eb71f62e16\COMCTL32.dll
0x00007ff84e8f0000 - 0x00007ff84e98e000 	C:\WINDOWS\System32\msvcrt.dll
0x00007ff84c830000 - 0x00007ff84c8cd000 	C:\WINDOWS\System32\msvcp_win.dll
0x00007ff84e1c0000 - 0x00007ff84e1ef000 	C:\WINDOWS\System32\IMM32.DLL
0x00007ff82af30000 - 0x00007ff82af3c000 	C:\Program Files\Java\jdk-22\bin\vcruntime140_1.dll
0x00007ff801840000 - 0x00007ff8018ce000 	C:\Program Files\Java\jdk-22\bin\msvcp140.dll
0x00007fffd4660000 - 0x00007fffd53a9000 	C:\Program Files\Java\jdk-22\bin\server\jvm.dll
0x00007ff84df70000 - 0x00007ff84e021000 	C:\WINDOWS\System32\ADVAPI32.dll
0x00007ff84e090000 - 0x00007ff84e12f000 	C:\WINDOWS\System32\sechost.dll
0x00007ff84e1f0000 - 0x00007ff84e313000 	C:\WINDOWS\System32\RPCRT4.dll
0x00007ff84c690000 - 0x00007ff84c6b7000 	C:\WINDOWS\System32\bcrypt.dll
0x00007ff84e130000 - 0x00007ff84e19b000 	C:\WINDOWS\System32\WS2_32.dll
0x00007ff84bbd0000 - 0x00007ff84bc1b000 	C:\WINDOWS\SYSTEM32\POWRPROF.dll
0x00007ff845ce0000 - 0x00007ff845cea000 	C:\WINDOWS\SYSTEM32\VERSION.dll
0x00007ff83ee80000 - 0x00007ff83eea7000 	C:\WINDOWS\SYSTEM32\WINMM.dll
0x00007ff84ba90000 - 0x00007ff84baa2000 	C:\WINDOWS\SYSTEM32\UMPDC.dll
0x00007ff84a530000 - 0x00007ff84a542000 	C:\WINDOWS\SYSTEM32\kernel.appcore.dll
0x00007ff82acb0000 - 0x00007ff82acba000 	C:\Program Files\Java\jdk-22\bin\jimage.dll
0x00007ff839790000 - 0x00007ff839974000 	C:\WINDOWS\SYSTEM32\DBGHELP.DLL
0x00007ff8386f0000 - 0x00007ff838724000 	C:\WINDOWS\SYSTEM32\dbgcore.DLL
0x00007ff84cf10000 - 0x00007ff84cf92000 	C:\WINDOWS\System32\bcryptPrimitives.dll
0x00007ff829a20000 - 0x00007ff829a3e000 	C:\Program Files\Java\jdk-22\bin\java.dll
0x00007ff84d010000 - 0x00007ff84d77d000 	C:\WINDOWS\System32\SHELL32.dll
0x00007ff84eda0000 - 0x00007ff84eecb000 	C:\WINDOWS\System32\ole32.dll
0x00007ff84d800000 - 0x00007ff84db53000 	C:\WINDOWS\System32\combase.dll
0x00007ff84a730000 - 0x00007ff84aed4000 	C:\WINDOWS\SYSTEM32\windows.storage.dll
0x00007ff84c0c0000 - 0x00007ff84c0ee000 	C:\WINDOWS\SYSTEM32\Wldp.dll
0x00007ff84ec70000 - 0x00007ff84ed3d000 	C:\WINDOWS\System32\OLEAUT32.dll
0x00007ff84e990000 - 0x00007ff84ea3d000 	C:\WINDOWS\System32\SHCORE.dll
0x00007ff84e030000 - 0x00007ff84e085000 	C:\WINDOWS\System32\shlwapi.dll
0x00007ff84c5c0000 - 0x00007ff84c5e4000 	C:\WINDOWS\SYSTEM32\profapi.dll
0x00007fffff5c0000 - 0x00007fffff697000 	C:\Program Files\Java\jdk-22\bin\jsvml.dll
0x00007ff82a960000 - 0x00007ff82a970000 	C:\Program Files\Java\jdk-22\bin\net.dll
0x00007ff84be20000 - 0x00007ff84be8a000 	C:\WINDOWS\system32\mswsock.dll
0x00007ff828a60000 - 0x00007ff828a76000 	C:\Program Files\Java\jdk-22\bin\nio.dll
0x00007ff826d50000 - 0x00007ff826d67000 	C:\Program Files\Java\jdk-22\bin\zip.dll
0x00007ff82a700000 - 0x00007ff82a710000 	C:\Program Files\Java\jdk-22\bin\verify.dll

dbghelp: loaded successfully - version: 4.0.5 - missing functions: none
symbol engine: initialized successfully - sym options: 0x614 - pdb path: .;C:\Program Files\Java\jdk-22\bin;C:\WINDOWS\SYSTEM32;C:\WINDOWS\WinSxS\amd64_microsoft.windows.common-controls_6595b64144ccf1df_6.0.19041.4355_none_60b8b9eb71f62e16;C:\Program Files\Java\jdk-22\bin\server

VM Arguments:
java_command: org.jetbrains.kotlin.cli.jvm.K2JVMCompiler @E:\Coding\EmptyProject\core\designsystem\build\20241204_1733207277069822568.compiler.options
java_class_path (initial): C:\Users\longl\.gradle\caches\modules-2\files-2.1\org.jetbrains.kotlin\kotlin-compiler-embeddable\2.0.20\244b603e8c729f98baaf9088d90b5b9350c68af8\kotlin-compiler-embeddable-2.0.20.jar;C:\Users\longl\.gradle\caches\modules-2\files-2.1\org.jetbrains.kotlin\kotlin-stdlib\2.0.20\7388d355f7cceb002cd387ccb7ab3850e4e0a07f\kotlin-stdlib-2.0.20.jar;C:\Users\longl\.gradle\caches\modules-2\files-2.1\org.jetbrains.kotlin\kotlin-script-runtime\2.0.20\4aea042b39014e0a924c2e1d4a21b6fff7e4d35\kotlin-script-runtime-2.0.20.jar;C:\Users\longl\.gradle\caches\modules-2\files-2.1\org.jetbrains.kotlin\kotlin-reflect\1.6.10\1cbe9c92c12a94eea200d23c2bbaedaf3daf5132\kotlin-reflect-1.6.10.jar;C:\Users\longl\.gradle\caches\modules-2\files-2.1\org.jetbrains.kotlin\kotlin-daemon-embeddable\2.0.20\9eb02dce62f058efe6a121cf00cf5da9779e2746\kotlin-daemon-embeddable-2.0.20.jar;C:\Users\longl\.gradle\caches\modules-2\files-2.1\org.jetbrains.intellij.deps\trove4j\1.0.20200330\3afb14d5f9ceb459d724e907a21145e8ff394f02\trove4j-1.0.20200330.jar;C:\Users\longl\.gradle\caches\modules-2\files-2.1\org.jetbrains.kotlinx\kotlinx-coroutines-core-jvm\1.6.4\2c997cd1c0ef33f3e751d3831929aeff1390cb30\kotlinx-coroutines-core-jvm-1.6.4.jar;C:\Users\longl\.gradle\caches\modules-2\files-2.1\org.jetbrains\annotations\13.0\919f0dfe192fb4e063e7dacadee7f8bb9a2672a9\annotations-13.0.jar
Launcher Type: SUN_STANDARD

[Global flags]
     intx CICompilerCount                          = 4                                         {product} {ergonomic}
     uint ConcGCThreads                            = 3                                         {product} {ergonomic}
     uint G1ConcRefinementThreads                  = 10                                        {product} {ergonomic}
   size_t G1HeapRegionSize                         = 2097152                                   {product} {ergonomic}
   size_t InitialHeapSize                          = 268435456                                 {product} {ergonomic}
   size_t MarkStackSize                            = 4194304                                   {product} {ergonomic}
   size_t MaxHeapSize                              = 4269801472                                {product} {ergonomic}
   size_t MaxNewSize                               = 2560622592                                {product} {ergonomic}
   size_t MinHeapDeltaBytes                        = 2097152                                   {product} {ergonomic}
   size_t MinHeapSize                              = 8388608                                   {product} {ergonomic}
    uintx NonNMethodCodeHeapSize                   = 5839372                                {pd product} {ergonomic}
    uintx NonProfiledCodeHeapSize                  = 122909434                              {pd product} {ergonomic}
    uintx ProfiledCodeHeapSize                     = 122909434                              {pd product} {ergonomic}
    uintx ReservedCodeCacheSize                    = 251658240                              {pd product} {ergonomic}
     bool SegmentedCodeCache                       = true                                      {product} {ergonomic}
   size_t SoftMaxHeapSize                          = 4269801472                             {manageable} {ergonomic}
     bool UseCompressedOops                        = true                           {product lp64_product} {ergonomic}
     bool UseG1GC                                  = true                                      {product} {ergonomic}
     bool UseLargePagesIndividualAllocation        = false                                  {pd product} {ergonomic}

Logging:
Log output configuration:
 #0: stdout all=warning uptime,level,tags foldmultilines=false
 #1: stderr all=off uptime,level,tags foldmultilines=false

Environment Variables:
CLASSPATH=E:\Coding\EmptyProject\\gradle\wrapper\gradle-wrapper.jar
PATH=C:\Program Files\Common Files\Oracle\Java\javapath;C:\WINDOWS\system32;C:\WINDOWS;C:\WINDOWS\System32\Wbem;C:\WINDOWS\System32\WindowsPowerShell\v1.0\;C:\WINDOWS\System32\OpenSSH\;C:\Program Files\Cloudflare\Cloudflare WARP\;C:\Program Files\dotnet\;C:\Program Files\Git LFS;C:\Program Files\Java\jdk-22\bin;C:\Program Files\Git\cmd;C:\Users\longl\AppData\Local\Microsoft\WindowsApps;
USERNAME=longl
OS=Windows_NT
PROCESSOR_IDENTIFIER=Intel64 Family 6 Model 165 Stepping 3, GenuineIntel
TMP=C:\Users\longl\AppData\Local\Temp
TEMP=C:\Users\longl\AppData\Local\Temp




Periodic native trim disabled

---------------  S Y S T E M  ---------------

OS:
 Windows 10 , 64 bit Build 19041 (10.0.19041.5072)
OS uptime: 0 days 2:23 hours

CPU: total 12 (initial active 12) (6 cores per cpu, 2 threads per core) family 6 model 165 stepping 3 microcode 0xea, cx8, cmov, fxsr, ht, mmx, 3dnowpref, sse, sse2, sse3, ssse3, sse4.1, sse4.2, popcnt, lzcnt, tsc, tscinvbit, avx, avx2, aes, erms, clmul, bmi1, bmi2, adx, fma, vzeroupper, clflush, clflushopt, rdtscp, f16c
Processor Information for all 12 processors :
  Max Mhz: 2904, Current Mhz: 2904, Mhz Limit: 2904

Memory: 4k page, system-wide physical 16281M (1192M free)
TotalPageFile size 26377M (AvailPageFile size 67M)
current process WorkingSet (physical memory assigned to process): 605M, peak: 605M
current process commit charge ("private bytes"): 594M, peak: 595M

vm_info: Java HotSpot(TM) 64-Bit Server VM (22.0.2+9-70) for windows-amd64 JRE (22.0.2+9-70), built on 2024-06-04T16:52:23Z by "mach5one" with MS VC++ 17.6 (VS2022)

END.
