#
# There is insufficient memory for the Java Runtime Environment to continue.
# Native memory allocation (mmap) failed to map 268435456 bytes. Error detail: G1 virtual space
# Possible reasons:
#   The system is out of physical RAM or swap space
#   This process is running with CompressedOops enabled, and the Java Heap may be blocking the growth of the native heap
# Possible solutions:
#   Reduce memory load on the system
#   Increase physical memory or swap space
#   Check if swap backing store is full
#   Decrease Java heap size (-Xmx/-Xms)
#   Decrease number of Java threads
#   Decrease Java thread stack sizes (-Xss)
#   Set larger code cache with -XX:ReservedCodeCacheSize=
#   JVM is running with Zero Based Compressed Oops mode in which the Java heap is
#     placed in the first 32GB address space. The Java Heap base address is the
#     maximum limit for the native heap growth. Please use -XX:HeapBaseMinAddress
#     to set the Java Heap base and to place the Java Heap above 32GB virtual address.
# This output file may be truncated or incomplete.
#
#  Out of Memory Error (os_windows.cpp:3631), pid=14456, tid=8528
#
# JRE version:  (22.0.2+9) (build )
# Java VM: Java HotSpot(TM) 64-Bit Server VM (22.0.2+9-70, mixed mode, sharing, tiered, compressed oops, compressed class ptrs, g1 gc, windows-amd64)
# No core dump will be written. Minidumps are not enabled by default on client versions of Windows
#

---------------  S U M M A R Y ------------

Command Line: org.jetbrains.kotlin.cli.jvm.K2JVMCompiler @E:\Coding\EmptyProject\core\network\build\20241204_3659116783378854008.compiler.options

Host: Intel(R) Core(TM) i5-10400F CPU @ 2.90GHz, 12 cores, 15G,  Windows 10 , 64 bit Build 19041 (10.0.19041.5072)
Time: Wed Dec  4 14:29:45 2024 SE Asia Standard Time elapsed time: 0.052042 seconds (0d 0h 0m 0s)

---------------  T H R E A D  ---------------

Current thread (0x000002298aaee410):  JavaThread "Unknown thread" [_thread_in_vm, id=8528, stack(0x0000007100600000,0x0000007100700000) (1024K)]

Stack: [0x0000007100600000,0x0000007100700000]
Native frames: (J=compiled Java code, j=interpreted, Vv=VM code, C=native code)
V  [jvm.dll+0x6e26e9]  (no source info available)
V  [jvm.dll+0x875753]  (no source info available)
V  [jvm.dll+0x877b7e]  (no source info available)
V  [jvm.dll+0x878253]  (no source info available)
V  [jvm.dll+0x27fc86]  (no source info available)
V  [jvm.dll+0x6ded85]  (no source info available)
V  [jvm.dll+0x6d388a]  (no source info available)
V  [jvm.dll+0x358b8a]  (no source info available)
V  [jvm.dll+0x3610b6]  (no source info available)
V  [jvm.dll+0x3b419e]  (no source info available)
V  [jvm.dll+0x3b4448]  (no source info available)
V  [jvm.dll+0x32c5ec]  (no source info available)
V  [jvm.dll+0x32d258]  (no source info available)
V  [jvm.dll+0x83d5ac]  (no source info available)
V  [jvm.dll+0x3c10d1]  (no source info available)
V  [jvm.dll+0x8264cc]  (no source info available)
V  [jvm.dll+0x45bd5e]  (no source info available)
V  [jvm.dll+0x45dbe1]  (no source info available)
C  [jli.dll+0x52a3]  (no source info available)
C  [ucrtbase.dll+0x21bb2]  (no source info available)
C  [KERNEL32.DLL+0x17374]  (no source info available)
C  [ntdll.dll+0x4cc91]  (no source info available)


---------------  P R O C E S S  ---------------

Threads class SMR info:
_java_thread_list=0x00007fffd524c1c8, length=0, elements={
}

Java Threads: ( => current thread )
Total: 0

Other Threads:
  0x000002298cc180f0 WorkerThread "GC Thread#0"                     [id=2272, stack(0x0000007100700000,0x0000007100800000) (1024K)]
  0x000002298cc28f60 ConcurrentGCThread "G1 Main Marker"            [id=11912, stack(0x0000007100800000,0x0000007100900000) (1024K)]
  0x000002298cc29a70 WorkerThread "G1 Conc#0"                       [id=5608, stack(0x0000007100900000,0x0000007100a00000) (1024K)]

[error occurred during error reporting (printing all threads), id 0xc0000005, EXCEPTION_ACCESS_VIOLATION (0xc0000005) at pc=0x00007fffd499f517]
VM state: not at safepoint (not fully initialized)

VM Mutex/Monitor currently owned by a thread:  ([mutex/lock_event])
[0x00007fffd52ccc80] Heap_lock - owner thread: 0x000002298aaee410

Heap address: 0x0000000701800000, size: 4072 MB, Compressed Oops mode: Zero based, Oop shift amount: 3

CDS archive(s) mapped at: [0x0000000000000000-0x0000000000000000-0x0000000000000000), size 0, SharedBaseAddress: 0x0000000800000000, ArchiveRelocationMode: 1.
Narrow klass base: 0x0000000000000000, Narrow klass shift: 0, Narrow klass range: 0x0

GC Precious Log:
 CardTable entry size: 512
 Card Set container configuration: InlinePtr #cards 4 size 8 Array Of Cards #cards 16 size 48 Howl #buckets 8 coarsen threshold 3686 Howl Bitmap #cards 512 size 80 coarsen threshold 460 Card regions per heap region 1 cards per card region 4096

Heap:
 garbage-first heap   total reserved 4169728K, committed 0K, used 0K [0x0000000701800000, 0x0000000800000000)
  region size 2048K, 0 young (0K), 0 survivors (0K)

[error occurred during error reporting (printing heap information), id 0xc0000005, EXCEPTION_ACCESS_VIOLATION (0xc0000005) at pc=0x00007fffd4d9e869]
GC Heap History (0 events):
No events

Dll operation events (1 events):
Event: 0.031 Loaded shared library C:\Program Files\Java\jdk-22\bin\java.dll

Deoptimization events (0 events):
No events

Classes loaded (0 events):
No events

Classes unloaded (0 events):
No events

Classes redefined (0 events):
No events

Internal exceptions (0 events):
No events

ZGC Phase Switch (0 events):
No events

VM Operations (0 events):
No events

Memory protections (0 events):
No events

Nmethod flushes (0 events):
No events

Events (0 events):
No events


Dynamic libraries:
0x00007ff6df390000 - 0x00007ff6df3a0000 	C:\Program Files\Java\jdk-22\bin\java.exe
0x00007ff84eff0000 - 0x00007ff84f1e8000 	C:\WINDOWS\SYSTEM32\ntdll.dll
0x00007ff84dd70000 - 0x00007ff84de32000 	C:\WINDOWS\System32\KERNEL32.DLL
0x00007ff84ca30000 - 0x00007ff84cd2e000 	C:\WINDOWS\System32\KERNELBASE.dll
0x00007ff84ce10000 - 0x00007ff84cf10000 	C:\WINDOWS\System32\ucrtbase.dll
0x00007ff82ab60000 - 0x00007ff82ab77000 	C:\Program Files\Java\jdk-22\bin\jli.dll
0x00007ff84ea40000 - 0x00007ff84ebdd000 	C:\WINDOWS\System32\USER32.dll
0x00007ff84cd30000 - 0x00007ff84cd52000 	C:\WINDOWS\System32\win32u.dll
0x00007ff84e8c0000 - 0x00007ff84e8eb000 	C:\WINDOWS\System32\GDI32.dll
0x00007ff84c6c0000 - 0x00007ff84c7d7000 	C:\WINDOWS\System32\gdi32full.dll
0x00007ff84c830000 - 0x00007ff84c8cd000 	C:\WINDOWS\System32\msvcp_win.dll
0x00007ff829cb0000 - 0x00007ff829ccb000 	C:\Program Files\Java\jdk-22\bin\VCRUNTIME140.dll
0x00007ff838450000 - 0x00007ff8386ea000 	C:\WINDOWS\WinSxS\amd64_microsoft.windows.common-controls_6595b64144ccf1df_6.0.19041.4355_none_60b8b9eb71f62e16\COMCTL32.dll
0x00007ff84e8f0000 - 0x00007ff84e98e000 	C:\WINDOWS\System32\msvcrt.dll
0x00007ff84e1c0000 - 0x00007ff84e1ef000 	C:\WINDOWS\System32\IMM32.DLL
0x00007ff82af30000 - 0x00007ff82af3c000 	C:\Program Files\Java\jdk-22\bin\vcruntime140_1.dll
0x00007ff801840000 - 0x00007ff8018ce000 	C:\Program Files\Java\jdk-22\bin\msvcp140.dll
0x00007fffd4660000 - 0x00007fffd53a9000 	C:\Program Files\Java\jdk-22\bin\server\jvm.dll
0x00007ff84df70000 - 0x00007ff84e021000 	C:\WINDOWS\System32\ADVAPI32.dll
0x00007ff84e090000 - 0x00007ff84e12f000 	C:\WINDOWS\System32\sechost.dll
0x00007ff84e1f0000 - 0x00007ff84e313000 	C:\WINDOWS\System32\RPCRT4.dll
0x00007ff84c690000 - 0x00007ff84c6b7000 	C:\WINDOWS\System32\bcrypt.dll
0x00007ff84e130000 - 0x00007ff84e19b000 	C:\WINDOWS\System32\WS2_32.dll
0x00007ff84bbd0000 - 0x00007ff84bc1b000 	C:\WINDOWS\SYSTEM32\POWRPROF.dll
0x00007ff845ce0000 - 0x00007ff845cea000 	C:\WINDOWS\SYSTEM32\VERSION.dll
0x00007ff83ee80000 - 0x00007ff83eea7000 	C:\WINDOWS\SYSTEM32\WINMM.dll
0x00007ff84ba90000 - 0x00007ff84baa2000 	C:\WINDOWS\SYSTEM32\UMPDC.dll
0x00007ff84a530000 - 0x00007ff84a542000 	C:\WINDOWS\SYSTEM32\kernel.appcore.dll
0x00007ff82acb0000 - 0x00007ff82acba000 	C:\Program Files\Java\jdk-22\bin\jimage.dll
0x00007ff839790000 - 0x00007ff839974000 	C:\WINDOWS\SYSTEM32\DBGHELP.DLL
0x00007ff8386f0000 - 0x00007ff838724000 	C:\WINDOWS\SYSTEM32\dbgcore.DLL
0x00007ff84cf10000 - 0x00007ff84cf92000 	C:\WINDOWS\System32\bcryptPrimitives.dll
0x00007ff829a20000 - 0x00007ff829a3e000 	C:\Program Files\Java\jdk-22\bin\java.dll
0x00007ff84d010000 - 0x00007ff84d77d000 	C:\WINDOWS\System32\SHELL32.dll
0x00007ff84eda0000 - 0x00007ff84eecb000 	C:\WINDOWS\System32\ole32.dll
0x00007ff84d800000 - 0x00007ff84db53000 	C:\WINDOWS\System32\combase.dll

dbghelp: loaded successfully - version: 4.0.5 - missing functions: none
symbol engine: initialized successfully - sym options: 0x614 - pdb path: .;C:\Program Files\Java\jdk-22\bin;C:\WINDOWS\SYSTEM32;C:\WINDOWS\WinSxS\amd64_microsoft.windows.common-controls_6595b64144ccf1df_6.0.19041.4355_none_60b8b9eb71f62e16;C:\Program Files\Java\jdk-22\bin\server

VM Arguments:
java_command: org.jetbrains.kotlin.cli.jvm.K2JVMCompiler @E:\Coding\EmptyProject\core\network\build\20241204_3659116783378854008.compiler.options
java_class_path (initial): C:\Users\longl\.gradle\caches\modules-2\files-2.1\org.jetbrains.kotlin\kotlin-compiler-embeddable\2.0.20\244b603e8c729f98baaf9088d90b5b9350c68af8\kotlin-compiler-embeddable-2.0.20.jar;C:\Users\longl\.gradle\caches\modules-2\files-2.1\org.jetbrains.kotlin\kotlin-stdlib\2.0.20\7388d355f7cceb002cd387ccb7ab3850e4e0a07f\kotlin-stdlib-2.0.20.jar;C:\Users\longl\.gradle\caches\modules-2\files-2.1\org.jetbrains.kotlin\kotlin-script-runtime\2.0.20\4aea042b39014e0a924c2e1d4a21b6fff7e4d35\kotlin-script-runtime-2.0.20.jar;C:\Users\longl\.gradle\caches\modules-2\files-2.1\org.jetbrains.kotlin\kotlin-reflect\1.6.10\1cbe9c92c12a94eea200d23c2bbaedaf3daf5132\kotlin-reflect-1.6.10.jar;C:\Users\longl\.gradle\caches\modules-2\files-2.1\org.jetbrains.kotlin\kotlin-daemon-embeddable\2.0.20\9eb02dce62f058efe6a121cf00cf5da9779e2746\kotlin-daemon-embeddable-2.0.20.jar;C:\Users\longl\.gradle\caches\modules-2\files-2.1\org.jetbrains.intellij.deps\trove4j\1.0.20200330\3afb14d5f9ceb459d724e907a21145e8ff394f02\trove4j-1.0.20200330.jar;C:\Users\longl\.gradle\caches\modules-2\files-2.1\org.jetbrains.kotlinx\kotlinx-coroutines-core-jvm\1.6.4\2c997cd1c0ef33f3e751d3831929aeff1390cb30\kotlinx-coroutines-core-jvm-1.6.4.jar;C:\Users\longl\.gradle\caches\modules-2\files-2.1\org.jetbrains\annotations\13.0\919f0dfe192fb4e063e7dacadee7f8bb9a2672a9\annotations-13.0.jar
Launcher Type: SUN_STANDARD

[Global flags]
     intx CICompilerCount                          = 4                                         {product} {ergonomic}
     uint ConcGCThreads                            = 3                                         {product} {ergonomic}
     uint G1ConcRefinementThreads                  = 10                                        {product} {ergonomic}
   size_t G1HeapRegionSize                         = 2097152                                   {product} {ergonomic}
   size_t InitialHeapSize                          = 268435456                                 {product} {ergonomic}
   size_t MarkStackSize                            = 4194304                                   {product} {ergonomic}
   size_t MaxHeapSize                              = 4269801472                                {product} {ergonomic}
   size_t MinHeapDeltaBytes                        = 2097152                                   {product} {ergonomic}
   size_t MinHeapSize                              = 8388608                                   {product} {ergonomic}
    uintx NonNMethodCodeHeapSize                   = 5839372                                {pd product} {ergonomic}
    uintx NonProfiledCodeHeapSize                  = 122909434                              {pd product} {ergonomic}
    uintx ProfiledCodeHeapSize                     = 122909434                              {pd product} {ergonomic}
    uintx ReservedCodeCacheSize                    = 251658240                              {pd product} {ergonomic}
     bool SegmentedCodeCache                       = true                                      {product} {ergonomic}
   size_t SoftMaxHeapSize                          = 4269801472                             {manageable} {ergonomic}
     bool UseCompressedOops                        = true                           {product lp64_product} {ergonomic}
     bool UseG1GC                                  = true                                      {product} {ergonomic}
     bool UseLargePagesIndividualAllocation        = false                                  {pd product} {ergonomic}

Logging:
Log output configuration:
 #0: stdout all=warning uptime,level,tags foldmultilines=false
 #1: stderr all=off uptime,level,tags foldmultilines=false

Environment Variables:
CLASSPATH=E:\Coding\EmptyProject\\gradle\wrapper\gradle-wrapper.jar
PATH=C:\Program Files\Common Files\Oracle\Java\javapath;C:\WINDOWS\system32;C:\WINDOWS;C:\WINDOWS\System32\Wbem;C:\WINDOWS\System32\WindowsPowerShell\v1.0\;C:\WINDOWS\System32\OpenSSH\;C:\Program Files\Cloudflare\Cloudflare WARP\;C:\Program Files\dotnet\;C:\Program Files\Git LFS;C:\Program Files\Java\jdk-22\bin;C:\Program Files\Git\cmd;C:\Users\longl\AppData\Local\Microsoft\WindowsApps;
USERNAME=longl
OS=Windows_NT
PROCESSOR_IDENTIFIER=Intel64 Family 6 Model 165 Stepping 3, GenuineIntel
TMP=C:\Users\longl\AppData\Local\Temp
TEMP=C:\Users\longl\AppData\Local\Temp




Periodic native trim disabled

---------------  S Y S T E M  ---------------

OS:
 Windows 10 , 64 bit Build 19041 (10.0.19041.5072)
OS uptime: 0 days 2:31 hours

CPU: total 12 (initial active 12) (6 cores per cpu, 2 threads per core) family 6 model 165 stepping 3 microcode 0xea, cx8, cmov, fxsr, ht, mmx, 3dnowpref, sse, sse2, sse3, ssse3, sse4.1, sse4.2, popcnt, lzcnt, tsc, tscinvbit, avx, avx2, aes, erms, clmul, bmi1, bmi2, adx, fma, vzeroupper, clflush, clflushopt, rdtscp, f16c
Processor Information for all 12 processors :
  Max Mhz: 2904, Current Mhz: 2904, Mhz Limit: 2904

Memory: 4k page, system-wide physical 16281M (660M free)
TotalPageFile size 26377M (AvailPageFile size 249M)
current process WorkingSet (physical memory assigned to process): 11M, peak: 11M
current process commit charge ("private bytes"): 64M, peak: 320M

vm_info: Java HotSpot(TM) 64-Bit Server VM (22.0.2+9-70) for windows-amd64 JRE (22.0.2+9-70), built on 2024-06-04T16:52:23Z by "mach5one" with MS VC++ 17.6 (VS2022)

END.
