#
# There is insufficient memory for the Java Runtime Environment to continue.
# Native memory allocation (malloc) failed to allocate 662656 bytes. Error detail: Chunk::new
# Possible reasons:
#   The system is out of physical RAM or swap space
#   This process is running with CompressedOops enabled, and the Java Heap may be blocking the growth of the native heap
# Possible solutions:
#   Reduce memory load on the system
#   Increase physical memory or swap space
#   Check if swap backing store is full
#   Decrease Java heap size (-Xmx/-Xms)
#   Decrease number of Java threads
#   Decrease Java thread stack sizes (-Xss)
#   Set larger code cache with -XX:ReservedCodeCacheSize=
#   JVM is running with Zero Based Compressed Oops mode in which the Java heap is
#     placed in the first 32GB address space. The Java Heap base address is the
#     maximum limit for the native heap growth. Please use -XX:HeapBaseMinAddress
#     to set the Java Heap base and to place the Java Heap above 32GB virtual address.
# This output file may be truncated or incomplete.
#
#  Out of Memory Error (arena.cpp:150), pid=14144, tid=13580
#
# JRE version: Java(TM) SE Runtime Environment (22.0.2+9) (build 22.0.2+9-70)
# Java VM: Java HotSpot(TM) 64-Bit Server VM (22.0.2+9-70, mixed mode, sharing, tiered, compressed oops, compressed class ptrs, g1 gc, windows-amd64)
# No core dump will be written. Minidumps are not enabled by default on client versions of Windows
#

---------------  S U M M A R Y ------------

Command Line: org.jetbrains.kotlin.cli.jvm.K2JVMCompiler @E:\Coding\EmptyProject\ui-test-hilt-manifest\build\20241204_6211056137371882117.compiler.options

Host: Intel(R) Core(TM) i5-10400F CPU @ 2.90GHz, 12 cores, 15G,  Windows 10 , 64 bit Build 19041 (10.0.19041.5072)
Time: Wed Dec  4 14:22:30 2024 SE Asia Standard Time elapsed time: 9.362304 seconds (0d 0h 0m 9s)

---------------  T H R E A D  ---------------

Current thread (0x000001ecfdc0b5d0):  JavaThread "C2 CompilerThread0" daemon [_thread_in_native, id=13580, stack(0x000000b629700000,0x000000b629800000) (1024K)]


Current CompileTask:
C2:9362 3056   !   4       jdk.internal.loader.BuiltinClassLoader::findClassOnClassPathOrNull (64 bytes)

Stack: [0x000000b629700000,0x000000b629800000]
Native frames: (J=compiled Java code, j=interpreted, Vv=VM code, C=native code)
V  [jvm.dll+0x6e26e9]  (no source info available)
V  [jvm.dll+0x875753]  (no source info available)
V  [jvm.dll+0x877b7e]  (no source info available)
V  [jvm.dll+0x878253]  (no source info available)
V  [jvm.dll+0x27fc86]  (no source info available)
V  [jvm.dll+0xc3d0f]  (no source info available)
V  [jvm.dll+0xc3f6b]  (no source info available)
V  [jvm.dll+0x2f3c7f]  (no source info available)
V  [jvm.dll+0x60c0fa]  (no source info available)
V  [jvm.dll+0x250c92]  (no source info available)
V  [jvm.dll+0x2492a6]  (no source info available)
V  [jvm.dll+0x246da6]  (no source info available)
V  [jvm.dll+0x1c4e80]  (no source info available)
V  [jvm.dll+0x2568f3]  (no source info available)
V  [jvm.dll+0x254baa]  (no source info available)
V  [jvm.dll+0x3f57a6]  (no source info available)
V  [jvm.dll+0x81dc0b]  (no source info available)
V  [jvm.dll+0x6e0d85]  (no source info available)
C  [ucrtbase.dll+0x21bb2]  (no source info available)
C  [KERNEL32.DLL+0x17374]  (no source info available)
C  [ntdll.dll+0x4cc91]  (no source info available)


---------------  P R O C E S S  ---------------

Threads class SMR info:
_java_thread_list=0x000001ecd60c6f40, length=11, elements={
0x000001eceb5bc440, 0x000001ecfdbfdd60, 0x000001ecfdc04ca0, 0x000001ecfdc06910,
0x000001ecfdc09380, 0x000001ecfdc09de0, 0x000001ecfdc0a840, 0x000001ecfdc0b5d0,
0x000001ecfdc0e750, 0x000001ecd417ce40, 0x000001ecd4181ce0
}

Java Threads: ( => current thread )
  0x000001eceb5bc440 JavaThread "main"                              [_thread_in_vm, id=11704, stack(0x000000b628800000,0x000000b628900000) (1024K)]
  0x000001ecfdbfdd60 JavaThread "Reference Handler"          daemon [_thread_blocked, id=12608, stack(0x000000b629100000,0x000000b629200000) (1024K)]
  0x000001ecfdc04ca0 JavaThread "Finalizer"                  daemon [_thread_blocked, id=6132, stack(0x000000b629200000,0x000000b629300000) (1024K)]
  0x000001ecfdc06910 JavaThread "Signal Dispatcher"          daemon [_thread_blocked, id=3424, stack(0x000000b629300000,0x000000b629400000) (1024K)]
  0x000001ecfdc09380 JavaThread "Attach Listener"            daemon [_thread_blocked, id=12224, stack(0x000000b629400000,0x000000b629500000) (1024K)]
  0x000001ecfdc09de0 JavaThread "Service Thread"             daemon [_thread_blocked, id=16380, stack(0x000000b629500000,0x000000b629600000) (1024K)]
  0x000001ecfdc0a840 JavaThread "Monitor Deflation Thread"   daemon [_thread_blocked, id=460, stack(0x000000b629600000,0x000000b629700000) (1024K)]
=>0x000001ecfdc0b5d0 JavaThread "C2 CompilerThread0"         daemon [_thread_in_native, id=13580, stack(0x000000b629700000,0x000000b629800000) (1024K)]
  0x000001ecfdc0e750 JavaThread "C1 CompilerThread0"         daemon [_thread_blocked, id=15348, stack(0x000000b629800000,0x000000b629900000) (1024K)]
  0x000001ecd417ce40 JavaThread "Notification Thread"        daemon [_thread_blocked, id=9572, stack(0x000000b629900000,0x000000b629a00000) (1024K)]
  0x000001ecd4181ce0 JavaThread "Common-Cleaner"             daemon [_thread_blocked, id=11940, stack(0x000000b629a00000,0x000000b629b00000) (1024K)]
Total: 11

Other Threads:
  0x000001ecfdbe3ce0 VMThread "VM Thread"                           [id=5800, stack(0x000000b629000000,0x000000b629100000) (1024K)]
  0x000001ecfdbc9ff0 WatcherThread "VM Periodic Task Thread"        [id=10744, stack(0x000000b628f00000,0x000000b629000000) (1024K)]
  0x000001eced7b7da0 WorkerThread "GC Thread#0"                     [id=2152, stack(0x000000b628a00000,0x000000b628b00000) (1024K)]
  0x000001ecd49a3fa0 WorkerThread "GC Thread#1"                     [id=12764, stack(0x000000b629c00000,0x000000b629d00000) (1024K)]
  0x000001ecd49b0630 WorkerThread "GC Thread#2"                     [id=10620, stack(0x000000b629d00000,0x000000b629e00000) (1024K)]
  0x000001ecd49b09e0 WorkerThread "GC Thread#3"                     [id=4232, stack(0x000000b629e00000,0x000000b629f00000) (1024K)]
  0x000001ecd49b0d90 WorkerThread "GC Thread#4"                     [id=14820, stack(0x000000b629f00000,0x000000b62a000000) (1024K)]
  0x000001ecd49b1140 WorkerThread "GC Thread#5"                     [id=288, stack(0x000000b62a000000,0x000000b62a100000) (1024K)]
  0x000001ecd4dde490 WorkerThread "GC Thread#6"                     [id=11308, stack(0x000000b629b00000,0x000000b629c00000) (1024K)]
  0x000001ecd4ddfab0 WorkerThread "GC Thread#7"                     [id=292, stack(0x000000b62a100000,0x000000b62a200000) (1024K)]
  0x000001ecd4dde840 WorkerThread "GC Thread#8"                     [id=7936, stack(0x000000b62a200000,0x000000b62a300000) (1024K)]
  0x000001ecd586f130 WorkerThread "GC Thread#9"                     [id=5964, stack(0x000000b62a400000,0x000000b62a500000) (1024K)]
  0x000001eced7c9b30 ConcurrentGCThread "G1 Main Marker"            [id=4684, stack(0x000000b628b00000,0x000000b628c00000) (1024K)]
  0x000001eced7ca550 WorkerThread "G1 Conc#0"                       [id=1988, stack(0x000000b628c00000,0x000000b628d00000) (1024K)]
  0x000001ecd586fc40 WorkerThread "G1 Conc#1"                       [id=10388, stack(0x000000b62a500000,0x000000b62a600000) (1024K)]
  0x000001ecd5871610 WorkerThread "G1 Conc#2"                       [id=12424, stack(0x000000b62a600000,0x000000b62a700000) (1024K)]
  0x000001ecfda8b140 ConcurrentGCThread "G1 Refine#0"               [id=1876, stack(0x000000b628d00000,0x000000b628e00000) (1024K)]
  0x000001ecfda8cee0 ConcurrentGCThread "G1 Service"                [id=16136, stack(0x000000b628e00000,0x000000b628f00000) (1024K)]
Total: 18

Threads with active compile tasks:
C2 CompilerThread0  9433 3056   !   4       jdk.internal.loader.BuiltinClassLoader::findClassOnClassPathOrNull (64 bytes)
Total: 1

VM state: not at safepoint (normal execution)

VM Mutex/Monitor currently owned by a thread: None

Heap address: 0x0000000701800000, size: 4072 MB, Compressed Oops mode: Zero based, Oop shift amount: 3

CDS archive(s) mapped at: [0x000001ec8f000000-0x000001ec8fc60000-0x000001ec8fc60000), size 12976128, SharedBaseAddress: 0x000001ec8f000000, ArchiveRelocationMode: 1.
Compressed class space mapped at: 0x000001ec90000000-0x000001ecd0000000, reserved size: 1073741824
Narrow klass base: 0x000001ec8f000000, Narrow klass shift: 0, Narrow klass range: 0x41000000

GC Precious Log:
 CardTable entry size: 512
 Card Set container configuration: InlinePtr #cards 4 size 8 Array Of Cards #cards 16 size 48 Howl #buckets 8 coarsen threshold 3686 Howl Bitmap #cards 512 size 80 coarsen threshold 460 Card regions per heap region 1 cards per card region 4096
 CPUs: 12 total, 12 available
 Memory: 16281M
 Large Page Support: Disabled
 NUMA Support: Disabled
 Compressed Oops: Enabled (Zero based)
 Heap Region Size: 2M
 Heap Min Capacity: 8M
 Heap Initial Capacity: 256M
 Heap Max Capacity: 4072M
 Pre-touch: Disabled
 Parallel Workers: 10
 Concurrent Workers: 3
 Concurrent Refinement Workers: 10
 Periodic GC: Disabled

Heap:
 garbage-first heap   total reserved 4169728K, committed 69632K, used 42886K [0x0000000701800000, 0x0000000800000000)
  region size 2048K, 13 young (26624K), 2 survivors (4096K)
 Metaspace       used 40737K, committed 41536K, reserved 1114112K
  class space    used 5210K, committed 5568K, reserved 1048576K

Heap Regions: E=young(eden), S=young(survivor), O=old, HS=humongous(starts), HC=humongous(continues), CS=collection set, F=free, TAMS=top-at-mark-start, PB=parsable bottom
|   0|0x0000000701800000, 0x0000000701a00000, 0x0000000701a00000|100%|HS|  |TAMS 0x0000000701800000| PB 0x0000000701800000| Complete |  0
|   1|0x0000000701a00000, 0x0000000701c00000, 0x0000000701c00000|100%|HC|  |TAMS 0x0000000701a00000| PB 0x0000000701a00000| Complete |  0
|   2|0x0000000701c00000, 0x0000000701e00000, 0x0000000701e00000|100%| O|  |TAMS 0x0000000701c00000| PB 0x0000000701c00000| Untracked |  0
|   3|0x0000000701e00000, 0x0000000702000000, 0x0000000702000000|100%| O|  |TAMS 0x0000000701e00000| PB 0x0000000701e00000| Untracked |  0
|   4|0x0000000702000000, 0x0000000702200000, 0x0000000702200000|100%| O|  |TAMS 0x0000000702000000| PB 0x0000000702000000| Untracked |  0
|   5|0x0000000702200000, 0x0000000702400000, 0x0000000702400000|100%| O|  |TAMS 0x0000000702200000| PB 0x0000000702200000| Untracked |  0
|   6|0x0000000702400000, 0x0000000702600000, 0x0000000702600000|100%| O|  |TAMS 0x0000000702400000| PB 0x0000000702400000| Untracked |  0
|   7|0x0000000702600000, 0x0000000702800000, 0x0000000702800000|100%| O|  |TAMS 0x0000000702600000| PB 0x0000000702600000| Untracked |  0
|   8|0x0000000702800000, 0x0000000702840800, 0x0000000702a00000| 12%| O|  |TAMS 0x0000000702800000| PB 0x0000000702800000| Untracked |  0
|   9|0x0000000702a00000, 0x0000000702c00000, 0x0000000702c00000|100%|HS|  |TAMS 0x0000000702a00000| PB 0x0000000702a00000| Complete |  0
|  10|0x0000000702c00000, 0x0000000702c00000, 0x0000000702e00000|  0%| F|  |TAMS 0x0000000702c00000| PB 0x0000000702c00000| Untracked |  0
|  11|0x0000000702e00000, 0x0000000702e00000, 0x0000000703000000|  0%| F|  |TAMS 0x0000000702e00000| PB 0x0000000702e00000| Untracked |  0
|  12|0x0000000703000000, 0x0000000703000000, 0x0000000703200000|  0%| F|  |TAMS 0x0000000703000000| PB 0x0000000703000000| Untracked |  0
|  13|0x0000000703200000, 0x0000000703200000, 0x0000000703400000|  0%| F|  |TAMS 0x0000000703200000| PB 0x0000000703200000| Untracked |  0
|  14|0x0000000703400000, 0x0000000703400000, 0x0000000703600000|  0%| F|  |TAMS 0x0000000703400000| PB 0x0000000703400000| Untracked |  0
|  15|0x0000000703600000, 0x0000000703600000, 0x0000000703800000|  0%| F|  |TAMS 0x0000000703600000| PB 0x0000000703600000| Untracked |  0
|  16|0x0000000703800000, 0x0000000703800000, 0x0000000703a00000|  0%| F|  |TAMS 0x0000000703800000| PB 0x0000000703800000| Untracked |  0
|  17|0x0000000703a00000, 0x0000000703a00000, 0x0000000703c00000|  0%| F|  |TAMS 0x0000000703a00000| PB 0x0000000703a00000| Untracked |  0
|  18|0x0000000703c00000, 0x0000000703c00000, 0x0000000703e00000|  0%| F|  |TAMS 0x0000000703c00000| PB 0x0000000703c00000| Untracked |  0
|  19|0x0000000703e00000, 0x0000000703e00000, 0x0000000704000000|  0%| F|  |TAMS 0x0000000703e00000| PB 0x0000000703e00000| Untracked |  0
|  20|0x0000000704000000, 0x0000000704000000, 0x0000000704200000|  0%| F|  |TAMS 0x0000000704000000| PB 0x0000000704000000| Untracked |  0
|  21|0x0000000704200000, 0x00000007043ff738, 0x0000000704400000| 99%| E|  |TAMS 0x0000000704200000| PB 0x0000000704200000| Complete |  0
|  22|0x0000000704400000, 0x0000000704600000, 0x0000000704600000|100%| E|CS|TAMS 0x0000000704400000| PB 0x0000000704400000| Complete |  0
|  23|0x0000000704600000, 0x0000000704800000, 0x0000000704800000|100%| E|CS|TAMS 0x0000000704600000| PB 0x0000000704600000| Complete |  0
|  24|0x0000000704800000, 0x00000007049a1170, 0x0000000704a00000| 81%| S|CS|TAMS 0x0000000704800000| PB 0x0000000704800000| Complete |  0
|  25|0x0000000704a00000, 0x0000000704c00000, 0x0000000704c00000|100%| S|CS|TAMS 0x0000000704a00000| PB 0x0000000704a00000| Complete |  0
|  26|0x0000000704c00000, 0x0000000704e00000, 0x0000000704e00000|100%| E|CS|TAMS 0x0000000704c00000| PB 0x0000000704c00000| Complete |  0
| 112|0x000000070f800000, 0x000000070fa00000, 0x000000070fa00000|100%| E|CS|TAMS 0x000000070f800000| PB 0x000000070f800000| Complete |  0
| 113|0x000000070fa00000, 0x000000070fc00000, 0x000000070fc00000|100%| E|CS|TAMS 0x000000070fa00000| PB 0x000000070fa00000| Complete |  0
| 114|0x000000070fc00000, 0x000000070fe00000, 0x000000070fe00000|100%| E|CS|TAMS 0x000000070fc00000| PB 0x000000070fc00000| Complete |  0
| 115|0x000000070fe00000, 0x0000000710000000, 0x0000000710000000|100%| E|CS|TAMS 0x000000070fe00000| PB 0x000000070fe00000| Complete |  0
| 116|0x0000000710000000, 0x0000000710200000, 0x0000000710200000|100%| E|CS|TAMS 0x0000000710000000| PB 0x0000000710000000| Complete |  0
| 126|0x0000000711400000, 0x0000000711600000, 0x0000000711600000|100%| E|CS|TAMS 0x0000000711400000| PB 0x0000000711400000| Complete |  0
| 127|0x0000000711600000, 0x0000000711800000, 0x0000000711800000|100%| E|CS|TAMS 0x0000000711600000| PB 0x0000000711600000| Complete |  0

Card table byte_map: [0x000001ecf6800000,0x000001ecf7000000] _byte_map_base: 0x000001ecf2ff4000

Marking Bits: (CMBitMap*) 0x000001eced7b93d0
 Bits: [0x000001ecf7000000, 0x000001ecfafa0000)

Polling page: 0x000001eceb6c0000

Metaspace:

Usage:
  Non-class:     34.71 MB used.
      Class:      5.09 MB used.
       Both:     39.80 MB used.

Virtual space:
  Non-class space:       64.00 MB reserved,      35.12 MB ( 55%) committed,  1 nodes.
      Class space:        1.00 GB reserved,       5.44 MB ( <1%) committed,  1 nodes.
             Both:        1.06 GB reserved,      40.56 MB (  4%) committed. 

Chunk freelists:
   Non-Class:  11.84 MB
       Class:  10.56 MB
        Both:  22.41 MB

MaxMetaspaceSize: unlimited
CompressedClassSpaceSize: 1.00 GB
Initial GC threshold: 21.00 MB
Current GC threshold: 59.94 MB
CDS: on
 - commit_granule_bytes: 65536.
 - commit_granule_words: 8192.
 - virtual_space_node_default_size: 8388608.
 - enlarge_chunks_in_place: 1.
 - use_allocation_guard: 0.


Internal statistics:

num_allocs_failed_limit: 9.
num_arena_births: 1252.
num_arena_deaths: 0.
num_vsnodes_births: 2.
num_vsnodes_deaths: 0.
num_space_committed: 648.
num_space_uncommitted: 0.
num_chunks_returned_to_freelist: 9.
num_chunks_taken_from_freelist: 2908.
num_chunk_merges: 9.
num_chunk_splits: 2086.
num_chunks_enlarged: 1468.
num_inconsistent_stats: 0.

CodeHeap 'non-profiled nmethods': size=120000Kb used=1616Kb max_used=1616Kb free=118383Kb
 bounds [0x000001ec87ad0000, 0x000001ec87d40000, 0x000001ec8f000000]
CodeHeap 'profiled nmethods': size=120000Kb used=5403Kb max_used=5403Kb free=114596Kb
 bounds [0x000001ec80000000, 0x000001ec80550000, 0x000001ec87530000]
CodeHeap 'non-nmethods': size=5760Kb used=1581Kb max_used=1658Kb free=4179Kb
 bounds [0x000001ec87530000, 0x000001ec877a0000, 0x000001ec87ad0000]
 total_blobs=3460 nmethods=2830 adapters=534
 compilation: enabled
              stopped_count=0, restarted_count=0
 full_count=0

Compilation events (20 events):
Event: 9.282 Thread 0x000001ecfdc0e750 3048       3       org.jetbrains.kotlin.metadata.ProtoBuf$Property::<init> (7 bytes)
Event: 9.282 Thread 0x000001ecfdc0e750 nmethod 3048 0x000001ec80543c90 code [0x000001ec80543e40, 0x000001ec80543f78]
Event: 9.282 Thread 0x000001ecfdc0e750 3050       3       org.jetbrains.kotlin.metadata.ProtoBuf$Property::hasName (16 bytes)
Event: 9.282 Thread 0x000001ecfdc0e750 nmethod 3050 0x000001ec80544010 code [0x000001ec805441a0, 0x000001ec80544308]
Event: 9.282 Thread 0x000001ecfdc0e750 3051       1       org.jetbrains.kotlin.metadata.ProtoBuf$Type$Argument::getType (5 bytes)
Event: 9.282 Thread 0x000001ecfdc0e750 nmethod 3051 0x000001ec87c62590 code [0x000001ec87c62720, 0x000001ec87c627f0]
Event: 9.285 Thread 0x000001ecfdc0b5d0 nmethod 3052 0x000001ec87c62890 code [0x000001ec87c62ae0, 0x000001ec87c632b8]
Event: 9.285 Thread 0x000001ecfdc0b5d0 3053       4       org.jetbrains.kotlin.protobuf.CodedOutputStream::computeRawVarint32Size (41 bytes)
Event: 9.286 Thread 0x000001ecfdc0b5d0 nmethod 3053 0x000001ec87c63790 code [0x000001ec87c63900, 0x000001ec87c639a0]
Event: 9.289 Thread 0x000001ecfdc0b5d0 3056   !   4       jdk.internal.loader.BuiltinClassLoader::findClassOnClassPathOrNull (64 bytes)
Event: 9.295 Thread 0x000001ecfdc0e750 3058       1       org.jetbrains.kotlin.com.intellij.util.pico.DefaultPicoContainer$InstanceComponentAdapter::getComponentInstance (5 bytes)
Event: 9.296 Thread 0x000001ecfdc0e750 nmethod 3058 0x000001ec87c63a90 code [0x000001ec87c63c20, 0x000001ec87c63cf0]
Event: 9.301 Thread 0x000001ecfdc0e750 3059       3       java.lang.invoke.MethodHandle::bindTo (19 bytes)
Event: 9.301 Thread 0x000001ecfdc0e750 nmethod 3059 0x000001ec80544390 code [0x000001ec805445a0, 0x000001ec80544bc8]
Event: 9.301 Thread 0x000001ecfdc0e750 3060       3       java.lang.invoke.MethodType::leadingReferenceParameter (30 bytes)
Event: 9.302 Thread 0x000001ecfdc0e750 nmethod 3060 0x000001ec80544e10 code [0x000001ec80544fe0, 0x000001ec805452c8]
Event: 9.302 Thread 0x000001ecfdc0e750 3061       3       java.lang.invoke.MethodHandle::bindArgumentL (10 bytes)
Event: 9.302 Thread 0x000001ecfdc0e750 nmethod 3061 0x000001ec80545410 code [0x000001ec80545620, 0x000001ec80545cb0]
Event: 9.302 Thread 0x000001ecfdc0e750 3062       3       java.lang.invoke.BoundMethodHandle::bindArgumentL (11 bytes)
Event: 9.302 Thread 0x000001ecfdc0e750 nmethod 3062 0x000001ec80545f10 code [0x000001ec80546100, 0x000001ec805465f8]

GC Heap History (12 events):
Event: 1.609 GC heap before
{Heap before GC invocations=0 (full 0):
 garbage-first heap   total reserved 4169728K, committed 262144K, used 28672K [0x0000000701800000, 0x0000000800000000)
  region size 2048K, 12 young (24576K), 0 survivors (0K)
 Metaspace       used 6909K, committed 7040K, reserved 1114112K
  class space    used 718K, committed 768K, reserved 1048576K
}
Event: 1.921 GC heap after
{Heap after GC invocations=1 (full 0):
 garbage-first heap   total reserved 4169728K, committed 262144K, used 7303K [0x0000000701800000, 0x0000000800000000)
  region size 2048K, 2 young (4096K), 2 survivors (4096K)
 Metaspace       used 6909K, committed 7040K, reserved 1114112K
  class space    used 718K, committed 768K, reserved 1048576K
}
Event: 3.498 GC heap before
{Heap before GC invocations=1 (full 0):
 garbage-first heap   total reserved 4169728K, committed 262144K, used 42119K [0x0000000701800000, 0x0000000800000000)
  region size 2048K, 19 young (38912K), 2 survivors (4096K)
 Metaspace       used 17639K, committed 17920K, reserved 1114112K
  class space    used 2141K, committed 2240K, reserved 1048576K
}
Event: 3.503 GC heap after
{Heap after GC invocations=2 (full 0):
 garbage-first heap   total reserved 4169728K, committed 262144K, used 9302K [0x0000000701800000, 0x0000000800000000)
  region size 2048K, 3 young (6144K), 3 survivors (6144K)
 Metaspace       used 17639K, committed 17920K, reserved 1114112K
  class space    used 2141K, committed 2240K, reserved 1048576K
}
Event: 4.318 GC heap before
{Heap before GC invocations=2 (full 0):
 garbage-first heap   total reserved 4169728K, committed 262144K, used 31830K [0x0000000701800000, 0x0000000800000000)
  region size 2048K, 14 young (28672K), 3 survivors (6144K)
 Metaspace       used 21252K, committed 21504K, reserved 1114112K
  class space    used 2931K, committed 3072K, reserved 1048576K
}
Event: 4.326 GC heap after
{Heap after GC invocations=3 (full 0):
 garbage-first heap   total reserved 4169728K, committed 262144K, used 15558K [0x0000000701800000, 0x0000000800000000)
  region size 2048K, 5 young (10240K), 5 survivors (10240K)
 Metaspace       used 21252K, committed 21504K, reserved 1114112K
  class space    used 2931K, committed 3072K, reserved 1048576K
}
Event: 6.064 GC heap before
{Heap before GC invocations=4 (full 0):
 garbage-first heap   total reserved 4169728K, committed 55296K, used 54470K [0x0000000701800000, 0x0000000800000000)
  region size 2048K, 24 young (49152K), 5 survivors (10240K)
 Metaspace       used 29106K, committed 29376K, reserved 1114112K
  class space    used 3720K, committed 3840K, reserved 1048576K
}
Event: 6.076 GC heap after
{Heap after GC invocations=5 (full 0):
 garbage-first heap   total reserved 4169728K, committed 69632K, used 17911K [0x0000000701800000, 0x0000000800000000)
  region size 2048K, 7 young (14336K), 7 survivors (14336K)
 Metaspace       used 29106K, committed 29376K, reserved 1114112K
  class space    used 3720K, committed 3840K, reserved 1048576K
}
Event: 7.169 GC heap before
{Heap before GC invocations=5 (full 0):
 garbage-first heap   total reserved 4169728K, committed 69632K, used 44535K [0x0000000701800000, 0x0000000800000000)
  region size 2048K, 20 young (40960K), 7 survivors (14336K)
 Metaspace       used 32560K, committed 33344K, reserved 1114112K
  class space    used 4211K, committed 4608K, reserved 1048576K
}
Event: 7.183 GC heap after
{Heap after GC invocations=6 (full 0):
 garbage-first heap   total reserved 4169728K, committed 69632K, used 19389K [0x0000000701800000, 0x0000000800000000)
  region size 2048K, 2 young (4096K), 2 survivors (4096K)
 Metaspace       used 32560K, committed 33344K, reserved 1114112K
  class space    used 4211K, committed 4608K, reserved 1048576K
}
Event: 7.985 GC heap before
{Heap before GC invocations=6 (full 0):
 garbage-first heap   total reserved 4169728K, committed 69632K, used 33725K [0x0000000701800000, 0x0000000800000000)
  region size 2048K, 10 young (20480K), 2 survivors (4096K)
 Metaspace       used 35982K, committed 36736K, reserved 1114112K
  class space    used 4623K, committed 4992K, reserved 1048576K
}
Event: 7.995 GC heap after
{Heap after GC invocations=7 (full 0):
 garbage-first heap   total reserved 4169728K, committed 69632K, used 20358K [0x0000000701800000, 0x0000000800000000)
  region size 2048K, 2 young (4096K), 2 survivors (4096K)
 Metaspace       used 35982K, committed 36736K, reserved 1114112K
  class space    used 4623K, committed 4992K, reserved 1048576K
}

Dll operation events (7 events):
Event: 0.009 Loaded shared library C:\Program Files\Java\jdk-22\bin\java.dll
Event: 0.397 Loaded shared library C:\Program Files\Java\jdk-22\bin\jsvml.dll
Event: 0.415 Loaded shared library C:\Program Files\Java\jdk-22\bin\net.dll
Event: 0.448 Loaded shared library C:\Program Files\Java\jdk-22\bin\nio.dll
Event: 0.579 Loaded shared library C:\Program Files\Java\jdk-22\bin\zip.dll
Event: 0.656 Loaded shared library C:\Program Files\Java\jdk-22\bin\jimage.dll
Event: 3.664 Loaded shared library C:\Program Files\Java\jdk-22\bin\verify.dll

Deoptimization events (20 events):
Event: 8.505 Thread 0x000001eceb5bc440 Uncommon trap: trap_request=0xffffff45 fr.pc=0x000001ec87bbae98 relative=0x0000000000000898
Event: 8.505 Thread 0x000001eceb5bc440 Uncommon trap: reason=unstable_if action=reinterpret pc=0x000001ec87bbae98 method=java.lang.String.lastIndexOf(II)I @ 4 c2
Event: 8.505 Thread 0x000001eceb5bc440 DEOPT PACKING pc=0x000001ec87bbae98 sp=0x000000b6288f7d60
Event: 8.505 Thread 0x000001eceb5bc440 DEOPT UNPACKING pc=0x000001ec875846a2 sp=0x000000b6288f7c50 mode 2
Event: 8.809 Thread 0x000001eceb5bc440 Uncommon trap: trap_request=0xffffffde fr.pc=0x000001ec87bcb998 relative=0x0000000000000078
Event: 8.809 Thread 0x000001eceb5bc440 Uncommon trap: reason=class_check action=maybe_recompile pc=0x000001ec87bcb998 method=java.util.Collections$UnmodifiableCollection.size()I @ 4 c2
Event: 8.809 Thread 0x000001eceb5bc440 DEOPT PACKING pc=0x000001ec87bcb998 sp=0x000000b6288fe3a0
Event: 8.809 Thread 0x000001eceb5bc440 DEOPT UNPACKING pc=0x000001ec875846a2 sp=0x000000b6288fe330 mode 2
Event: 8.860 Thread 0x000001eceb5bc440 Uncommon trap: trap_request=0xffffff45 fr.pc=0x000001ec87c48ce8 relative=0x00000000000094e8
Event: 8.860 Thread 0x000001eceb5bc440 Uncommon trap: reason=unstable_if action=reinterpret pc=0x000001ec87c48ce8 method=jdk.internal.loader.BuiltinClassLoader.loadClassOrNull(Ljava/lang/String;Z)Ljava/lang/Class; @ 42 c2
Event: 8.861 Thread 0x000001eceb5bc440 DEOPT PACKING pc=0x000001ec87c48ce8 sp=0x000000b6288f8c20
Event: 8.861 Thread 0x000001eceb5bc440 DEOPT UNPACKING pc=0x000001ec875846a2 sp=0x000000b6288f8cb8 mode 2
Event: 8.868 Thread 0x000001eceb5bc440 Uncommon trap: trap_request=0xffffffde fr.pc=0x000001ec87bcb998 relative=0x0000000000000078
Event: 8.868 Thread 0x000001eceb5bc440 Uncommon trap: reason=class_check action=maybe_recompile pc=0x000001ec87bcb998 method=java.util.Collections$UnmodifiableCollection.size()I @ 4 c2
Event: 8.868 Thread 0x000001eceb5bc440 DEOPT PACKING pc=0x000001ec87bcb998 sp=0x000000b6288fe250
Event: 8.868 Thread 0x000001eceb5bc440 DEOPT UNPACKING pc=0x000001ec875846a2 sp=0x000000b6288fe1e0 mode 2
Event: 8.962 Thread 0x000001eceb5bc440 Uncommon trap: trap_request=0xffffffde fr.pc=0x000001ec87bcb998 relative=0x0000000000000078
Event: 8.962 Thread 0x000001eceb5bc440 Uncommon trap: reason=class_check action=maybe_recompile pc=0x000001ec87bcb998 method=java.util.Collections$UnmodifiableCollection.size()I @ 4 c2
Event: 8.962 Thread 0x000001eceb5bc440 DEOPT PACKING pc=0x000001ec87bcb998 sp=0x000000b6288fe250
Event: 8.962 Thread 0x000001eceb5bc440 DEOPT UNPACKING pc=0x000001ec875846a2 sp=0x000000b6288fe1e0 mode 2

Classes loaded (20 events):
Event: 8.463 Loading class java/util/ArrayList$SubList$1
Event: 8.464 Loading class java/util/ArrayList$SubList$1 done
Event: 8.861 Loading class jdk/internal/module/ModulePatcher$PatchedModuleReader
Event: 8.861 Loading class jdk/internal/module/ModulePatcher$PatchedModuleReader done
Event: 8.861 Loading class sun/net/www/protocol/jrt/Handler
Event: 8.861 Loading class sun/net/www/protocol/jrt/Handler done
Event: 8.980 Loading class java/util/regex/Pattern$LineEnding
Event: 8.980 Loading class java/util/regex/Pattern$LineEnding done
Event: 9.026 Loading class java/util/ArrayList$ListItr
Event: 9.029 Loading class java/util/ArrayList$ListItr done
Event: 9.151 Loading class java/util/AbstractList$SubList
Event: 9.151 Loading class java/util/AbstractList$SubList done
Event: 9.151 Loading class java/util/AbstractList$SubList$1
Event: 9.151 Loading class java/util/AbstractList$SubList$1 done
Event: 9.152 Loading class java/util/AbstractList$ListItr
Event: 9.152 Loading class java/util/AbstractList$ListItr done
Event: 9.176 Loading class java/text/StringCharacterIterator
Event: 9.177 Loading class java/text/CharacterIterator
Event: 9.177 Loading class java/text/CharacterIterator done
Event: 9.177 Loading class java/text/StringCharacterIterator done

Classes unloaded (0 events):
No events

Classes redefined (0 events):
No events

Internal exceptions (20 events):
Event: 6.984 Thread 0x000001eceb5bc440 Exception <a 'java/lang/NoSuchMethodError'{0x0000000703882800}: 'java.lang.Object java.lang.invoke.DelegatingMethodHandle$Holder.reinvoke_L(java.lang.Object, java.lang.Object, java.lang.Object, java.lang.Object, java.lang.Object, java.lang.Object, java.lang.Object, java.lang.Object, java.lang.Object, java.lang.Object, java.lang.Object, java.lang.Object, java.lang.Object, java.lang.Object, java.lang.Object, java.lang.Object)'> (0x0000000703882800) 
thrown [s\open\src\hotspot\share\interpreter\linkResolver.c
Event: 7.017 Thread 0x000001eceb5bc440 Exception <a 'java/lang/NoSuchMethodError'{0x000000070390bb28}: 'java.lang.Object java.lang.invoke.DirectMethodHandle$Holder.newInvokeSpecial(java.lang.Object, java.lang.Object, java.lang.Object, java.lang.Object, java.lang.Object, java.lang.Object, java.lang.Object, java.lang.Object, java.lang.Object, java.lang.Object, java.lang.Object, java.lang.Object, java.lang.Object, java.lang.Object, java.lang.Object, java.lang.Object, java.lang.Object, java.lang.Object)'> (0x000000070390bb28) 
thrown [s\open\src\ho
Event: 7.017 Thread 0x000001eceb5bc440 Exception <a 'java/lang/NoSuchMethodError'{0x00000007039116a8}: 'java.lang.Object java.lang.invoke.DirectMethodHandle$Holder.invokeSpecial(java.lang.Object, java.lang.Object, java.lang.Object, java.lang.Object, java.lang.Object, java.lang.Object, java.lang.Object, java.lang.Object, java.lang.Object, java.lang.Object, java.lang.Object, java.lang.Object, java.lang.Object, java.lang.Object, java.lang.Object, java.lang.Object, java.lang.Object, java.lang.Object, java.lang.Object)'> (0x00000007039116a8) 
thrown
Event: 7.017 Thread 0x000001eceb5bc440 Exception <a 'java/lang/NoSuchMethodError'{0x0000000703916300}: 'java.lang.Object java.lang.invoke.DelegatingMethodHandle$Holder.reinvoke_L(java.lang.Object, java.lang.Object, java.lang.Object, java.lang.Object, java.lang.Object, java.lang.Object, java.lang.Object, java.lang.Object, java.lang.Object, java.lang.Object, java.lang.Object, java.lang.Object, java.lang.Object, java.lang.Object, java.lang.Object, java.lang.Object, java.lang.Object, java.lang.Object)'> (0x0000000703916300) 
thrown [s\open\src\hots
Event: 7.049 Thread 0x000001eceb5bc440 Exception <a 'java/lang/NoSuchMethodError'{0x000000070399c5b8}: 'java.lang.Object java.lang.invoke.DirectMethodHandle$Holder.newInvokeSpecial(java.lang.Object, java.lang.Object, java.lang.Object, java.lang.Object, java.lang.Object, java.lang.Object, java.lang.Object, java.lang.Object, java.lang.Object, java.lang.Object, java.lang.Object, java.lang.Object, java.lang.Object, java.lang.Object, java.lang.Object, java.lang.Object, java.lang.Object, java.lang.Object, java.lang.Object, java.lang.Object, java.lang
Event: 7.050 Thread 0x000001eceb5bc440 Exception <a 'java/lang/NoSuchMethodError'{0x00000007039a33c0}: 'java.lang.Object java.lang.invoke.DirectMethodHandle$Holder.invokeSpecial(java.lang.Object, java.lang.Object, java.lang.Object, java.lang.Object, java.lang.Object, java.lang.Object, java.lang.Object, java.lang.Object, java.lang.Object, java.lang.Object, java.lang.Object, java.lang.Object, java.lang.Object, java.lang.Object, java.lang.Object, java.lang.Object, java.lang.Object, java.lang.Object, java.lang.Object, java.lang.Object, java.lang.Ob
Event: 7.050 Thread 0x000001eceb5bc440 Exception <a 'java/lang/NoSuchMethodError'{0x00000007039a8b18}: 'java.lang.Object java.lang.invoke.DelegatingMethodHandle$Holder.reinvoke_L(java.lang.Object, java.lang.Object, java.lang.Object, java.lang.Object, java.lang.Object, java.lang.Object, java.lang.Object, java.lang.Object, java.lang.Object, java.lang.Object, java.lang.Object, java.lang.Object, java.lang.Object, java.lang.Object, java.lang.Object, java.lang.Object, java.lang.Object, java.lang.Object, java.lang.Object, java.lang.Object, java.lang.O
Event: 7.057 Thread 0x000001eceb5bc440 Exception <a 'java/lang/NoSuchMethodError'{0x0000000703674008}: 'java.lang.Object java.lang.invoke.DirectMethodHandle$Holder.invokeStatic(java.lang.Object, java.lang.Object, java.lang.Object, java.lang.Object, java.lang.Object, java.lang.Object, java.lang.Object, java.lang.Object, java.lang.Object, java.lang.Object, java.lang.Object, java.lang.Object, java.lang.Object, java.lang.Object, java.lang.Object, java.lang.Object, java.lang.Object, java.lang.Object, java.lang.Object, java.lang.Object, java.lang.Obj
Event: 7.059 Thread 0x000001eceb5bc440 Exception <a 'java/lang/NoSuchMethodError'{0x00000007036a5f48}: 'java.lang.Object java.lang.invoke.DirectMethodHandle$Holder.invokeStatic(java.lang.Object, java.lang.Object, java.lang.Object, java.lang.Object, java.lang.Object, java.lang.Object, java.lang.Object, java.lang.Object, java.lang.Object, java.lang.Object, java.lang.Object, java.lang.Object, java.lang.Object, java.lang.Object, java.lang.Object, java.lang.Object, java.lang.Object, java.lang.Object, java.lang.Object, java.lang.Object, java.lang.Obj
Event: 7.075 Thread 0x000001eceb5bc440 Exception <a 'java/lang/NoSuchMethodError'{0x0000000703729838}: 'java.lang.Object java.lang.invoke.DirectMethodHandle$Holder.newInvokeSpecial(java.lang.Object, java.lang.Object, java.lang.Object, java.lang.Object, java.lang.Object, java.lang.Object, java.lang.Object, java.lang.Object, java.lang.Object, java.lang.Object, java.lang.Object, java.lang.Object, java.lang.Object)'> (0x0000000703729838) 
thrown [s\open\src\hotspot\share\interpreter\linkResolver.cpp, line 774]
Event: 7.075 Thread 0x000001eceb5bc440 Exception <a 'java/lang/NoSuchMethodError'{0x000000070372e798}: 'java.lang.Object java.lang.invoke.DirectMethodHandle$Holder.invokeSpecial(java.lang.Object, java.lang.Object, java.lang.Object, java.lang.Object, java.lang.Object, java.lang.Object, java.lang.Object, java.lang.Object, java.lang.Object, java.lang.Object, java.lang.Object, java.lang.Object, java.lang.Object, java.lang.Object)'> (0x000000070372e798) 
thrown [s\open\src\hotspot\share\interpreter\linkResolver.cpp, line 774]
Event: 7.075 Thread 0x000001eceb5bc440 Exception <a 'java/lang/NoSuchMethodError'{0x0000000703732cc8}: 'java.lang.Object java.lang.invoke.DelegatingMethodHandle$Holder.reinvoke_L(java.lang.Object, java.lang.Object, java.lang.Object, java.lang.Object, java.lang.Object, java.lang.Object, java.lang.Object, java.lang.Object, java.lang.Object, java.lang.Object, java.lang.Object, java.lang.Object, java.lang.Object)'> (0x0000000703732cc8) 
thrown [s\open\src\hotspot\share\interpreter\linkResolver.cpp, line 774]
Event: 7.874 Thread 0x000001eceb5bc440 Exception <a 'java/lang/NoSuchMethodError'{0x000000070f838340}: 'int java.lang.invoke.DirectMethodHandle$Holder.invokeVirtual(java.lang.Object, java.lang.Object)'> (0x000000070f838340) 
thrown [s\open\src\hotspot\share\interpreter\linkResolver.cpp, line 774]
Event: 8.809 Thread 0x000001eceb5bc440 Exception <a 'java/lang/NoSuchMethodError'{0x000000070fac2ae0}: 'java.lang.Object java.lang.invoke.DirectMethodHandle$Holder.invokeSpecialIFC(java.lang.Object, java.lang.Object, java.lang.Object, java.lang.Object)'> (0x000000070fac2ae0) 
thrown [s\open\src\hotspot\share\interpreter\linkResolver.cpp, line 774]
Event: 9.063 Thread 0x000001eceb5bc440 Exception <a 'java/lang/NoSuchMethodError'{0x0000000704c465c0}: 'java.lang.Object java.lang.invoke.DirectMethodHandle$Holder.newInvokeSpecial(java.lang.Object, java.lang.Object, java.lang.Object, int)'> (0x0000000704c465c0) 
thrown [s\open\src\hotspot\share\interpreter\linkResolver.cpp, line 774]
Event: 9.063 Thread 0x000001eceb5bc440 Exception <a 'java/lang/NoSuchMethodError'{0x0000000704c4a710}: 'java.lang.Object java.lang.invoke.DirectMethodHandle$Holder.invokeSpecial(java.lang.Object, java.lang.Object, java.lang.Object, java.lang.Object, int)'> (0x0000000704c4a710) 
thrown [s\open\src\hotspot\share\interpreter\linkResolver.cpp, line 774]
Event: 9.063 Thread 0x000001eceb5bc440 Exception <a 'java/lang/NoSuchMethodError'{0x0000000704c4de48}: 'java.lang.Object java.lang.invoke.Invokers$Holder.linkToTargetMethod(java.lang.Object, java.lang.Object, int, java.lang.Object)'> (0x0000000704c4de48) 
thrown [s\open\src\hotspot\share\interpreter\linkResolver.cpp, line 774]
Event: 9.280 Thread 0x000001eceb5bc440 Exception <a 'java/lang/NoSuchMethodError'{0x00000007044b0ed8}: 'java.lang.Object java.lang.invoke.DirectMethodHandle$Holder.newInvokeSpecial(java.lang.Object, java.lang.Object, java.lang.Object, java.lang.Object, int)'> (0x00000007044b0ed8) 
thrown [s\open\src\hotspot\share\interpreter\linkResolver.cpp, line 774]
Event: 9.280 Thread 0x000001eceb5bc440 Exception <a 'java/lang/NoSuchMethodError'{0x00000007044b5260}: 'java.lang.Object java.lang.invoke.DirectMethodHandle$Holder.invokeSpecial(java.lang.Object, java.lang.Object, java.lang.Object, java.lang.Object, java.lang.Object, int)'> (0x00000007044b5260) 
thrown [s\open\src\hotspot\share\interpreter\linkResolver.cpp, line 774]
Event: 9.280 Thread 0x000001eceb5bc440 Exception <a 'java/lang/NoSuchMethodError'{0x00000007044b8f80}: 'java.lang.Object java.lang.invoke.Invokers$Holder.linkToTargetMethod(java.lang.Object, java.lang.Object, java.lang.Object, int, java.lang.Object)'> (0x00000007044b8f80) 
thrown [s\open\src\hotspot\share\interpreter\linkResolver.cpp, line 774]

ZGC Phase Switch (0 events):
No events

VM Operations (20 events):
Event: 7.492 Executing VM operation: HandshakeAllThreads (Deoptimize)
Event: 7.492 Executing VM operation: HandshakeAllThreads (Deoptimize) done
Event: 7.985 Executing VM operation: CollectForMetadataAllocation (Metadata GC Threshold)
Event: 7.995 Executing VM operation: CollectForMetadataAllocation (Metadata GC Threshold) done
Event: 8.013 Executing VM operation: G1PauseRemark
Event: 8.016 Executing VM operation: G1PauseRemark done
Event: 8.019 Executing VM operation: G1PauseCleanup
Event: 8.019 Executing VM operation: G1PauseCleanup done
Event: 8.029 Executing VM operation: HandshakeAllThreads (Deoptimize)
Event: 8.029 Executing VM operation: HandshakeAllThreads (Deoptimize) done
Event: 8.118 Executing VM operation: HandshakeAllThreads (Deoptimize)
Event: 8.118 Executing VM operation: HandshakeAllThreads (Deoptimize) done
Event: 8.515 Executing VM operation: HandshakeAllThreads (Deoptimize)
Event: 8.515 Executing VM operation: HandshakeAllThreads (Deoptimize) done
Event: 9.030 Executing VM operation: HandshakeAllThreads (Deoptimize)
Event: 9.030 Executing VM operation: HandshakeAllThreads (Deoptimize) done
Event: 9.030 Executing VM operation: Cleanup
Event: 9.030 Executing VM operation: Cleanup done
Event: 9.298 Executing VM operation: HandshakeAllThreads (Deoptimize)
Event: 9.298 Executing VM operation: HandshakeAllThreads (Deoptimize) done

Memory protections (0 events):
No events

Nmethod flushes (20 events):
Event: 8.016 Thread 0x000001ecfdbe3ce0 flushing  nmethod 0x000001ec8021a890
Event: 8.016 Thread 0x000001ecfdbe3ce0 flushing  nmethod 0x000001ec8021ac10
Event: 8.016 Thread 0x000001ecfdbe3ce0 flushing  nmethod 0x000001ec8021af90
Event: 8.016 Thread 0x000001ecfdbe3ce0 flushing  nmethod 0x000001ec8021b690
Event: 8.016 Thread 0x000001ecfdbe3ce0 flushing  nmethod 0x000001ec8021c190
Event: 8.016 Thread 0x000001ecfdbe3ce0 flushing  nmethod 0x000001ec8021db90
Event: 8.016 Thread 0x000001ecfdbe3ce0 flushing  nmethod 0x000001ec8021ea10
Event: 8.016 Thread 0x000001ecfdbe3ce0 flushing  nmethod 0x000001ec8021f390
Event: 8.016 Thread 0x000001ecfdbe3ce0 flushing  nmethod 0x000001ec8021fd90
Event: 8.016 Thread 0x000001ecfdbe3ce0 flushing  nmethod 0x000001ec80220910
Event: 8.016 Thread 0x000001ecfdbe3ce0 flushing  nmethod 0x000001ec80221710
Event: 8.016 Thread 0x000001ecfdbe3ce0 flushing  nmethod 0x000001ec8022ad10
Event: 8.016 Thread 0x000001ecfdbe3ce0 flushing  nmethod 0x000001ec8022b110
Event: 8.016 Thread 0x000001ecfdbe3ce0 flushing  nmethod 0x000001ec8022d010
Event: 8.016 Thread 0x000001ecfdbe3ce0 flushing  nmethod 0x000001ec80232290
Event: 8.016 Thread 0x000001ecfdbe3ce0 flushing  nmethod 0x000001ec80232a10
Event: 8.016 Thread 0x000001ecfdbe3ce0 flushing  nmethod 0x000001ec80233590
Event: 8.016 Thread 0x000001ecfdbe3ce0 flushing  nmethod 0x000001ec80233d10
Event: 8.016 Thread 0x000001ecfdbe3ce0 flushing  nmethod 0x000001ec80234190
Event: 8.016 Thread 0x000001ecfdbe3ce0 flushing  nmethod 0x000001ec80235190

Events (20 events):
Event: 0.191 Thread 0x000001eceb5bc440 Thread added: 0x000001ecfdc09de0
Event: 0.191 Thread 0x000001eceb5bc440 Thread added: 0x000001ecfdc0a840
Event: 0.191 Thread 0x000001eceb5bc440 Thread added: 0x000001ecfdc0b5d0
Event: 0.200 Thread 0x000001eceb5bc440 Thread added: 0x000001ecfdc0e750
Event: 0.324 Thread 0x000001eceb5bc440 Thread added: 0x000001ecd417ce40
Event: 0.328 Thread 0x000001eceb5bc440 Thread added: 0x000001ecd4181ce0
Event: 0.524 Thread 0x000001ecfdc0b5d0 Thread added: 0x000001ecd42e74c0
Event: 0.557 Thread 0x000001ecfdc0b5d0 Thread added: 0x000001ecd42e8eb0
Event: 1.118 Thread 0x000001ecd42e8eb0 Thread exited: 0x000001ecd42e8eb0
Event: 1.921 Thread 0x000001ecd42e74c0 Thread exited: 0x000001ecd42e74c0
Event: 2.090 Thread 0x000001ecfdc0b5d0 Thread added: 0x000001ecd4a8ed80
Event: 2.322 Thread 0x000001ecd4a8ed80 Thread exited: 0x000001ecd4a8ed80
Event: 3.729 Thread 0x000001ecfdc0e750 Thread added: 0x000001ecd53571c0
Event: 3.836 Thread 0x000001ecfdc0b5d0 Thread added: 0x000001ecd56fc460
Event: 4.173 Thread 0x000001ecd56fc460 Thread exited: 0x000001ecd56fc460
Event: 5.022 Thread 0x000001ecd53571c0 Thread exited: 0x000001ecd53571c0
Event: 6.277 Thread 0x000001ecfdc0e750 Thread added: 0x000001ecd55b0060
Event: 7.421 Thread 0x000001ecd55b0060 Thread exited: 0x000001ecd55b0060
Event: 8.351 Thread 0x000001ecfdc0e750 Thread added: 0x000001ecd4652200
Event: 8.857 Thread 0x000001ecd4652200 Thread exited: 0x000001ecd4652200


Dynamic libraries:
0x00007ff6df390000 - 0x00007ff6df3a0000 	C:\Program Files\Java\jdk-22\bin\java.exe
0x00007ff84eff0000 - 0x00007ff84f1e8000 	C:\WINDOWS\SYSTEM32\ntdll.dll
0x00007ff84dd70000 - 0x00007ff84de32000 	C:\WINDOWS\System32\KERNEL32.DLL
0x00007ff84ca30000 - 0x00007ff84cd2e000 	C:\WINDOWS\System32\KERNELBASE.dll
0x00007ff84ce10000 - 0x00007ff84cf10000 	C:\WINDOWS\System32\ucrtbase.dll
0x00007ff82ab60000 - 0x00007ff82ab77000 	C:\Program Files\Java\jdk-22\bin\jli.dll
0x00007ff84ea40000 - 0x00007ff84ebdd000 	C:\WINDOWS\System32\USER32.dll
0x00007ff84cd30000 - 0x00007ff84cd52000 	C:\WINDOWS\System32\win32u.dll
0x00007ff84e8c0000 - 0x00007ff84e8eb000 	C:\WINDOWS\System32\GDI32.dll
0x00007ff84c6c0000 - 0x00007ff84c7d7000 	C:\WINDOWS\System32\gdi32full.dll
0x00007ff84c830000 - 0x00007ff84c8cd000 	C:\WINDOWS\System32\msvcp_win.dll
0x00007ff829cb0000 - 0x00007ff829ccb000 	C:\Program Files\Java\jdk-22\bin\VCRUNTIME140.dll
0x00007ff838450000 - 0x00007ff8386ea000 	C:\WINDOWS\WinSxS\amd64_microsoft.windows.common-controls_6595b64144ccf1df_6.0.19041.4355_none_60b8b9eb71f62e16\COMCTL32.dll
0x00007ff84e8f0000 - 0x00007ff84e98e000 	C:\WINDOWS\System32\msvcrt.dll
0x00007ff84e1c0000 - 0x00007ff84e1ef000 	C:\WINDOWS\System32\IMM32.DLL
0x00007ff82af30000 - 0x00007ff82af3c000 	C:\Program Files\Java\jdk-22\bin\vcruntime140_1.dll
0x00007ff801840000 - 0x00007ff8018ce000 	C:\Program Files\Java\jdk-22\bin\msvcp140.dll
0x00007fffd4660000 - 0x00007fffd53a9000 	C:\Program Files\Java\jdk-22\bin\server\jvm.dll
0x00007ff84df70000 - 0x00007ff84e021000 	C:\WINDOWS\System32\ADVAPI32.dll
0x00007ff84e090000 - 0x00007ff84e12f000 	C:\WINDOWS\System32\sechost.dll
0x00007ff84e1f0000 - 0x00007ff84e313000 	C:\WINDOWS\System32\RPCRT4.dll
0x00007ff84c690000 - 0x00007ff84c6b7000 	C:\WINDOWS\System32\bcrypt.dll
0x00007ff84e130000 - 0x00007ff84e19b000 	C:\WINDOWS\System32\WS2_32.dll
0x00007ff84bbd0000 - 0x00007ff84bc1b000 	C:\WINDOWS\SYSTEM32\POWRPROF.dll
0x00007ff83ee80000 - 0x00007ff83eea7000 	C:\WINDOWS\SYSTEM32\WINMM.dll
0x00007ff845ce0000 - 0x00007ff845cea000 	C:\WINDOWS\SYSTEM32\VERSION.dll
0x00007ff84ba90000 - 0x00007ff84baa2000 	C:\WINDOWS\SYSTEM32\UMPDC.dll
0x00007ff84a530000 - 0x00007ff84a542000 	C:\WINDOWS\SYSTEM32\kernel.appcore.dll
0x00007ff82acb0000 - 0x00007ff82acba000 	C:\Program Files\Java\jdk-22\bin\jimage.dll
0x00007ff839790000 - 0x00007ff839974000 	C:\WINDOWS\SYSTEM32\DBGHELP.DLL
0x00007ff8386f0000 - 0x00007ff838724000 	C:\WINDOWS\SYSTEM32\dbgcore.DLL
0x00007ff84cf10000 - 0x00007ff84cf92000 	C:\WINDOWS\System32\bcryptPrimitives.dll
0x00007ff829a20000 - 0x00007ff829a3e000 	C:\Program Files\Java\jdk-22\bin\java.dll
0x00007ff84d010000 - 0x00007ff84d77d000 	C:\WINDOWS\System32\SHELL32.dll
0x00007ff84eda0000 - 0x00007ff84eecb000 	C:\WINDOWS\System32\ole32.dll
0x00007ff84d800000 - 0x00007ff84db53000 	C:\WINDOWS\System32\combase.dll
0x00007ff84a730000 - 0x00007ff84aed4000 	C:\WINDOWS\SYSTEM32\windows.storage.dll
0x00007ff84c0c0000 - 0x00007ff84c0ee000 	C:\WINDOWS\SYSTEM32\Wldp.dll
0x00007ff84ec70000 - 0x00007ff84ed3d000 	C:\WINDOWS\System32\OLEAUT32.dll
0x00007ff84e990000 - 0x00007ff84ea3d000 	C:\WINDOWS\System32\SHCORE.dll
0x00007ff84e030000 - 0x00007ff84e085000 	C:\WINDOWS\System32\shlwapi.dll
0x00007ff84c5c0000 - 0x00007ff84c5e4000 	C:\WINDOWS\SYSTEM32\profapi.dll
0x00007fffff5c0000 - 0x00007fffff697000 	C:\Program Files\Java\jdk-22\bin\jsvml.dll
0x00007ff82a960000 - 0x00007ff82a970000 	C:\Program Files\Java\jdk-22\bin\net.dll
0x00007ff84be20000 - 0x00007ff84be8a000 	C:\WINDOWS\system32\mswsock.dll
0x00007ff828a60000 - 0x00007ff828a76000 	C:\Program Files\Java\jdk-22\bin\nio.dll
0x00007ff826d50000 - 0x00007ff826d67000 	C:\Program Files\Java\jdk-22\bin\zip.dll
0x00007ff82a700000 - 0x00007ff82a710000 	C:\Program Files\Java\jdk-22\bin\verify.dll

dbghelp: loaded successfully - version: 4.0.5 - missing functions: none
symbol engine: initialized successfully - sym options: 0x614 - pdb path: .;C:\Program Files\Java\jdk-22\bin;C:\WINDOWS\SYSTEM32;C:\WINDOWS\WinSxS\amd64_microsoft.windows.common-controls_6595b64144ccf1df_6.0.19041.4355_none_60b8b9eb71f62e16;C:\Program Files\Java\jdk-22\bin\server

VM Arguments:
java_command: org.jetbrains.kotlin.cli.jvm.K2JVMCompiler @E:\Coding\EmptyProject\ui-test-hilt-manifest\build\20241204_6211056137371882117.compiler.options
java_class_path (initial): C:\Users\longl\.gradle\caches\modules-2\files-2.1\org.jetbrains.kotlin\kotlin-compiler-embeddable\2.0.20\244b603e8c729f98baaf9088d90b5b9350c68af8\kotlin-compiler-embeddable-2.0.20.jar;C:\Users\longl\.gradle\caches\modules-2\files-2.1\org.jetbrains.kotlin\kotlin-stdlib\2.0.20\7388d355f7cceb002cd387ccb7ab3850e4e0a07f\kotlin-stdlib-2.0.20.jar;C:\Users\longl\.gradle\caches\modules-2\files-2.1\org.jetbrains.kotlin\kotlin-script-runtime\2.0.20\4aea042b39014e0a924c2e1d4a21b6fff7e4d35\kotlin-script-runtime-2.0.20.jar;C:\Users\longl\.gradle\caches\modules-2\files-2.1\org.jetbrains.kotlin\kotlin-reflect\1.6.10\1cbe9c92c12a94eea200d23c2bbaedaf3daf5132\kotlin-reflect-1.6.10.jar;C:\Users\longl\.gradle\caches\modules-2\files-2.1\org.jetbrains.kotlin\kotlin-daemon-embeddable\2.0.20\9eb02dce62f058efe6a121cf00cf5da9779e2746\kotlin-daemon-embeddable-2.0.20.jar;C:\Users\longl\.gradle\caches\modules-2\files-2.1\org.jetbrains.intellij.deps\trove4j\1.0.20200330\3afb14d5f9ceb459d724e907a21145e8ff394f02\trove4j-1.0.20200330.jar;C:\Users\longl\.gradle\caches\modules-2\files-2.1\org.jetbrains.kotlinx\kotlinx-coroutines-core-jvm\1.6.4\2c997cd1c0ef33f3e751d3831929aeff1390cb30\kotlinx-coroutines-core-jvm-1.6.4.jar;C:\Users\longl\.gradle\caches\modules-2\files-2.1\org.jetbrains\annotations\13.0\919f0dfe192fb4e063e7dacadee7f8bb9a2672a9\annotations-13.0.jar
Launcher Type: SUN_STANDARD

[Global flags]
     intx CICompilerCount                          = 4                                         {product} {ergonomic}
     uint ConcGCThreads                            = 3                                         {product} {ergonomic}
     uint G1ConcRefinementThreads                  = 10                                        {product} {ergonomic}
   size_t G1HeapRegionSize                         = 2097152                                   {product} {ergonomic}
   size_t InitialHeapSize                          = 268435456                                 {product} {ergonomic}
   size_t MarkStackSize                            = 4194304                                   {product} {ergonomic}
   size_t MaxHeapSize                              = 4269801472                                {product} {ergonomic}
   size_t MaxNewSize                               = 2560622592                                {product} {ergonomic}
   size_t MinHeapDeltaBytes                        = 2097152                                   {product} {ergonomic}
   size_t MinHeapSize                              = 8388608                                   {product} {ergonomic}
    uintx NonNMethodCodeHeapSize                   = 5839372                                {pd product} {ergonomic}
    uintx NonProfiledCodeHeapSize                  = 122909434                              {pd product} {ergonomic}
    uintx ProfiledCodeHeapSize                     = 122909434                              {pd product} {ergonomic}
    uintx ReservedCodeCacheSize                    = 251658240                              {pd product} {ergonomic}
     bool SegmentedCodeCache                       = true                                      {product} {ergonomic}
   size_t SoftMaxHeapSize                          = 4269801472                             {manageable} {ergonomic}
     bool UseCompressedOops                        = true                           {product lp64_product} {ergonomic}
     bool UseG1GC                                  = true                                      {product} {ergonomic}
     bool UseLargePagesIndividualAllocation        = false                                  {pd product} {ergonomic}

Logging:
Log output configuration:
 #0: stdout all=warning uptime,level,tags foldmultilines=false
 #1: stderr all=off uptime,level,tags foldmultilines=false

Environment Variables:
CLASSPATH=E:\Coding\EmptyProject\\gradle\wrapper\gradle-wrapper.jar
PATH=C:\Program Files\Common Files\Oracle\Java\javapath;C:\WINDOWS\system32;C:\WINDOWS;C:\WINDOWS\System32\Wbem;C:\WINDOWS\System32\WindowsPowerShell\v1.0\;C:\WINDOWS\System32\OpenSSH\;C:\Program Files\Cloudflare\Cloudflare WARP\;C:\Program Files\dotnet\;C:\Program Files\Git LFS;C:\Program Files\Java\jdk-22\bin;C:\Program Files\Git\cmd;C:\Users\longl\AppData\Local\Microsoft\WindowsApps;
USERNAME=longl
OS=Windows_NT
PROCESSOR_IDENTIFIER=Intel64 Family 6 Model 165 Stepping 3, GenuineIntel
TMP=C:\Users\longl\AppData\Local\Temp
TEMP=C:\Users\longl\AppData\Local\Temp




Periodic native trim disabled

---------------  S Y S T E M  ---------------

OS:
 Windows 10 , 64 bit Build 19041 (10.0.19041.5072)
OS uptime: 0 days 2:23 hours

CPU: total 12 (initial active 12) (6 cores per cpu, 2 threads per core) family 6 model 165 stepping 3 microcode 0xea, cx8, cmov, fxsr, ht, mmx, 3dnowpref, sse, sse2, sse3, ssse3, sse4.1, sse4.2, popcnt, lzcnt, tsc, tscinvbit, avx, avx2, aes, erms, clmul, bmi1, bmi2, adx, fma, vzeroupper, clflush, clflushopt, rdtscp, f16c
Processor Information for all 12 processors :
  Max Mhz: 2904, Current Mhz: 2904, Mhz Limit: 2904

Memory: 4k page, system-wide physical 16281M (1203M free)
TotalPageFile size 26377M (AvailPageFile size 5M)
current process WorkingSet (physical memory assigned to process): 209M, peak: 210M
current process commit charge ("private bytes"): 253M, peak: 395M

vm_info: Java HotSpot(TM) 64-Bit Server VM (22.0.2+9-70) for windows-amd64 JRE (22.0.2+9-70), built on 2024-06-04T16:52:23Z by "mach5one" with MS VC++ 17.6 (VS2022)

END.
