#
# There is insufficient memory for the Java Runtime Environment to continue.
# Native memory allocation (mmap) failed to map 65536 bytes. Error detail: Failed to commit metaspace.
# Possible reasons:
#   The system is out of physical RAM or swap space
#   This process is running with CompressedOops enabled, and the Java Heap may be blocking the growth of the native heap
# Possible solutions:
#   Reduce memory load on the system
#   Increase physical memory or swap space
#   Check if swap backing store is full
#   Decrease Java heap size (-Xmx/-Xms)
#   Decrease number of Java threads
#   Decrease Java thread stack sizes (-Xss)
#   Set larger code cache with -XX:ReservedCodeCacheSize=
#   JVM is running with Zero Based Compressed Oops mode in which the Java heap is
#     placed in the first 32GB address space. The Java Heap base address is the
#     maximum limit for the native heap growth. Please use -XX:HeapBaseMinAddress
#     to set the Java Heap base and to place the Java Heap above 32GB virtual address.
# This output file may be truncated or incomplete.
#
#  Out of Memory Error (virtualSpaceNode.cpp:112), pid=4120, tid=956
#
# JRE version: Java(TM) SE Runtime Environment (22.0.2+9) (build 22.0.2+9-70)
# Java VM: Java HotSpot(TM) 64-Bit Server VM (22.0.2+9-70, mixed mode, sharing, tiered, compressed oops, compressed class ptrs, g1 gc, windows-amd64)
# No core dump will be written. Minidumps are not enabled by default on client versions of Windows
#

---------------  S U M M A R Y ------------

Command Line: org.jetbrains.kotlin.cli.jvm.K2JVMCompiler @E:\Coding\EmptyProject\core\analytics\build\20241204_13603666715137136251.compiler.options

Host: Intel(R) Core(TM) i5-10400F CPU @ 2.90GHz, 12 cores, 15G,  Windows 10 , 64 bit Build 19041 (10.0.19041.5072)
Time: Wed Dec  4 14:22:30 2024 SE Asia Standard Time elapsed time: 4.184161 seconds (0d 0h 0m 4s)

---------------  T H R E A D  ---------------

Current thread (0x00000132b0bcd5c0):  JavaThread "main"             [_thread_in_vm, id=956, stack(0x00000022f2100000,0x00000022f2200000) (1024K)]

Stack: [0x00000022f2100000,0x00000022f2200000]
Native frames: (J=compiled Java code, j=interpreted, Vv=VM code, C=native code)
V  [jvm.dll+0x6e26e9]  (no source info available)
V  [jvm.dll+0x875753]  (no source info available)
V  [jvm.dll+0x877b7e]  (no source info available)
V  [jvm.dll+0x878253]  (no source info available)
V  [jvm.dll+0x27fc86]  (no source info available)
V  [jvm.dll+0x87139e]  (no source info available)
V  [jvm.dll+0x685755]  (no source info available)
V  [jvm.dll+0x1e3cdc]  (no source info available)
V  [jvm.dll+0x1e3aae]  (no source info available)
V  [jvm.dll+0x6880a8]  (no source info available)
V  [jvm.dll+0x224f6c]  (no source info available)
V  [jvm.dll+0x68616e]  (no source info available)
V  [jvm.dll+0x269dbf]  (no source info available)
V  [jvm.dll+0x6903c4]  (no source info available)
V  [jvm.dll+0x2151c1]  (no source info available)
V  [jvm.dll+0x21564a]  (no source info available)
V  [jvm.dll+0x216071]  (no source info available)
V  [jvm.dll+0x20b3ae]  (no source info available)
V  [jvm.dll+0x5c4a8f]  (no source info available)
V  [jvm.dll+0x7ec826]  (no source info available)
V  [jvm.dll+0x47ce96]  (no source info available)
V  [jvm.dll+0x482d48]  (no source info available)
C  [java.dll+0x17e4]  (no source info available)
C  0x00000132c2bc1b0c  (no source info available)

The last pc belongs to native nmethod (printed below).
Java frames: (J=compiled Java code, j=interpreted, Vv=VM code)
J 582  java.lang.ClassLoader.defineClass1(Ljava/lang/ClassLoader;Ljava/lang/String;[BIILjava/security/ProtectionDomain;Ljava/lang/String;)Ljava/lang/Class; java.base@22.0.2 (0 bytes) @ 0x00000132c2bc1a71 [0x00000132c2bc19a0+0x00000000000000d1]
J 653 c1 java.lang.ClassLoader.defineClass(Ljava/lang/String;[BIILjava/security/ProtectionDomain;)Ljava/lang/Class; java.base@22.0.2 (43 bytes) @ 0x00000132bb1c0c7c [0x00000132bb1c0920+0x000000000000035c]
J 596 c1 java.security.SecureClassLoader.defineClass(Ljava/lang/String;[BIILjava/security/CodeSource;)Ljava/lang/Class; java.base@22.0.2 (16 bytes) @ 0x00000132bb199e1c [0x00000132bb199d40+0x00000000000000dc]
J 637 c1 jdk.internal.loader.BuiltinClassLoader.defineClass(Ljava/lang/String;Ljdk/internal/loader/Resource;)Ljava/lang/Class; java.base@22.0.2 (121 bytes) @ 0x00000132bb1b078c [0x00000132bb1af500+0x000000000000128c]
J 492 c1 jdk.internal.loader.BuiltinClassLoader.findClassOnClassPathOrNull(Ljava/lang/String;)Ljava/lang/Class; java.base@22.0.2 (64 bytes) @ 0x00000132bb16f2bc [0x00000132bb16e600+0x0000000000000cbc]
J 246 c1 jdk.internal.loader.BuiltinClassLoader.loadClassOrNull(Ljava/lang/String;Z)Ljava/lang/Class; java.base@22.0.2 (143 bytes) @ 0x00000132bb109a0c [0x00000132bb108fe0+0x0000000000000a2c]
J 608 c1 jdk.internal.loader.ClassLoaders$AppClassLoader.loadClass(Ljava/lang/String;Z)Ljava/lang/Class; java.base@22.0.2 (40 bytes) @ 0x00000132bb19fdc4 [0x00000132bb19fbe0+0x00000000000001e4]
J 607 c1 java.lang.ClassLoader.loadClass(Ljava/lang/String;)Ljava/lang/Class; java.base@22.0.2 (7 bytes) @ 0x00000132bb19f8d4 [0x00000132bb19f7c0+0x0000000000000114]
v  ~StubRoutines::call_stub 0x00000132c25f100d
j  org.jetbrains.kotlin.cli.jvm.compiler.KotlinCliJavaFileManagerImpl.<init>(Lorg/jetbrains/kotlin/com/intellij/psi/PsiManager;)V+80
j  org.jetbrains.kotlin.cli.jvm.compiler.KotlinCoreProjectEnvironment.createCoreFileManager()Lorg/jetbrains/kotlin/resolve/jvm/KotlinCliJavaFileManager;+20
j  org.jetbrains.kotlin.cli.jvm.compiler.KotlinCoreProjectEnvironment.createCoreFileManager()Lorg/jetbrains/kotlin/com/intellij/psi/impl/file/impl/JavaFileManager;+1
j  org.jetbrains.kotlin.com.intellij.core.JavaCoreProjectEnvironment.<init>(Lorg/jetbrains/kotlin/com/intellij/openapi/Disposable;Lorg/jetbrains/kotlin/com/intellij/core/CoreApplicationEnvironment;)V+202
j  org.jetbrains.kotlin.cli.jvm.compiler.KotlinCoreProjectEnvironment.<init>(Lorg/jetbrains/kotlin/com/intellij/openapi/Disposable;Lorg/jetbrains/kotlin/cli/jvm/compiler/KotlinCoreApplicationEnvironment;)V+18
j  org.jetbrains.kotlin.cli.jvm.compiler.KotlinCoreEnvironment$ProjectEnvironment.<init>(Lorg/jetbrains/kotlin/com/intellij/openapi/Disposable;Lorg/jetbrains/kotlin/cli/jvm/compiler/KotlinCoreApplicationEnvironment;Lorg/jetbrains/kotlin/config/CompilerConfiguration;)V+21
j  org.jetbrains.kotlin.cli.jvm.compiler.KotlinCoreEnvironment$Companion.createForProduction(Lorg/jetbrains/kotlin/com/intellij/openapi/Disposable;Lorg/jetbrains/kotlin/config/CompilerConfiguration;Lorg/jetbrains/kotlin/cli/jvm/compiler/EnvironmentConfigFiles;)Lorg/jetbrains/kotlin/cli/jvm/compiler/KotlinCoreEnvironment;+40
j  org.jetbrains.kotlin.cli.jvm.K2JVMCompiler.createCoreEnvironment(Lorg/jetbrains/kotlin/com/intellij/openapi/Disposable;Lorg/jetbrains/kotlin/config/CompilerConfiguration;Lorg/jetbrains/kotlin/cli/common/messages/MessageCollector;Ljava/lang/String;)Lorg/jetbrains/kotlin/cli/jvm/compiler/KotlinCoreEnvironment;+19
j  org.jetbrains.kotlin.cli.jvm.K2JVMCompiler.doExecute(Lorg/jetbrains/kotlin/cli/common/arguments/K2JVMCompilerArguments;Lorg/jetbrains/kotlin/config/CompilerConfiguration;Lorg/jetbrains/kotlin/com/intellij/openapi/Disposable;Lorg/jetbrains/kotlin/utils/KotlinPaths;)Lorg/jetbrains/kotlin/cli/common/ExitCode;+1003
j  org.jetbrains.kotlin.cli.jvm.K2JVMCompiler.doExecute(Lorg/jetbrains/kotlin/cli/common/arguments/CommonCompilerArguments;Lorg/jetbrains/kotlin/config/CompilerConfiguration;Lorg/jetbrains/kotlin/com/intellij/openapi/Disposable;Lorg/jetbrains/kotlin/utils/KotlinPaths;)Lorg/jetbrains/kotlin/cli/common/ExitCode;+9
j  org.jetbrains.kotlin.cli.common.CLICompiler.execImpl(Lorg/jetbrains/kotlin/cli/common/messages/MessageCollector;Lorg/jetbrains/kotlin/config/Services;Lorg/jetbrains/kotlin/cli/common/arguments/CommonCompilerArguments;)Lorg/jetbrains/kotlin/cli/common/ExitCode;+238
j  org.jetbrains.kotlin.cli.common.CLICompiler.execImpl(Lorg/jetbrains/kotlin/cli/common/messages/MessageCollector;Lorg/jetbrains/kotlin/config/Services;Lorg/jetbrains/kotlin/cli/common/arguments/CommonToolArguments;)Lorg/jetbrains/kotlin/cli/common/ExitCode;+7
j  org.jetbrains.kotlin.cli.common.CLITool.exec(Lorg/jetbrains/kotlin/cli/common/messages/MessageCollector;Lorg/jetbrains/kotlin/config/Services;Lorg/jetbrains/kotlin/cli/common/arguments/CommonToolArguments;)Lorg/jetbrains/kotlin/cli/common/ExitCode;+76
j  org.jetbrains.kotlin.cli.common.CLITool.exec(Ljava/io/PrintStream;Lorg/jetbrains/kotlin/config/Services;Lorg/jetbrains/kotlin/cli/common/messages/MessageRenderer;[Ljava/lang/String;)Lorg/jetbrains/kotlin/cli/common/ExitCode;+239
j  org.jetbrains.kotlin.cli.common.CLITool.exec(Ljava/io/PrintStream;Lorg/jetbrains/kotlin/cli/common/messages/MessageRenderer;[Ljava/lang/String;)Lorg/jetbrains/kotlin/cli/common/ExitCode;+25
j  org.jetbrains.kotlin.cli.common.CLITool$Companion.doMainNoExit(Lorg/jetbrains/kotlin/cli/common/CLITool;[Ljava/lang/String;Lorg/jetbrains/kotlin/cli/common/messages/MessageRenderer;)Lorg/jetbrains/kotlin/cli/common/ExitCode;+39
j  org.jetbrains.kotlin.cli.common.CLITool$Companion.doMainNoExit$default(Lorg/jetbrains/kotlin/cli/common/CLITool$Companion;Lorg/jetbrains/kotlin/cli/common/CLITool;[Ljava/lang/String;Lorg/jetbrains/kotlin/cli/common/messages/MessageRenderer;ILjava/lang/Object;)Lorg/jetbrains/kotlin/cli/common/ExitCode;+16
j  org.jetbrains.kotlin.cli.common.CLITool$Companion.doMain(Lorg/jetbrains/kotlin/cli/common/CLITool;[Ljava/lang/String;)V+54
j  org.jetbrains.kotlin.cli.jvm.K2JVMCompiler$Companion.main([Ljava/lang/String;)V+20
j  org.jetbrains.kotlin.cli.jvm.K2JVMCompiler.main([Ljava/lang/String;)V+4
v  ~StubRoutines::call_stub 0x00000132c25f100d

Compiled method (n/a) 4262  582     n 0       java.lang.ClassLoader::defineClass1 (native)
 total in heap  [0x00000132c2bc1810,0x00000132c2bc1e50] = 1600
 relocation     [0x00000132c2bc1968,0x00000132c2bc19a0] = 56
 main code      [0x00000132c2bc19a0,0x00000132c2bc1e4f] = 1199
 stub code      [0x00000132c2bc1e4f,0x00000132c2bc1e50] = 1

[Constant Pool (empty)]

[MachCode]
[Entry Point]
  # {method} {0x00000132d33ff260} 'defineClass1' '(Ljava/lang/ClassLoader;Ljava/lang/String;[BIILjava/security/ProtectionDomain;Ljava/lang/String;)Ljava/lang/Class;' in 'java/lang/ClassLoader'
  # parm0:    rdx:rdx   = 'java/lang/ClassLoader'
  # parm1:    r8:r8     = 'java/lang/String'
  # parm2:    r9:r9     = '[B'
  # parm3:    rdi       = int
  # parm4:    rsi       = int
  # parm5:    rcx:rcx   = 'java/security/ProtectionDomain'
  # parm6:    [sp+0xa0]   = 'java/lang/String'  (sp of caller)
  0x00000132c2bc19a0: 448b 5208 | 49bb 0000 | 00d3 3201 | 0000 4d03 | d349 3bc2 | 0f84 0600 

  0x00000132c2bc19b8: ;   {runtime_call ic_miss_stub}
  0x00000132c2bc19b8: 0000 e9c1 | cda7 ff90 
[Verified Entry Point]
  0x00000132c2bc19c0: 8984 2400 | 80ff ff55 | 488b ec48 | 81ec 9000 | 0000 6690 | 4181 7f20 | 0100 0000 

  0x00000132c2bc19dc: ;   {runtime_call StubRoutines (final stubs)}
  0x00000132c2bc19dc: 7405 e8fd | 32a6 ff48 | 837d 1000 | 488d 4510 | 480f 4445 | 1048 8944 | 2440 4889 | 4c24 7048 
  0x00000132c2bc19fc: 83f9 0048 | 8d44 2470 | 480f 4444 | 2470 4889 | 4424 3848 | 8974 2430 | 4889 7c24 | 284c 894c 
  0x00000132c2bc1a1c: 2458 4983 | f900 488d | 4424 5848 | 0f44 4424 | 5848 8944 | 2420 4c89 | 4424 5049 | 83f8 004c 
  0x00000132c2bc1a3c: 8d4c 2450 | 4c0f 444c | 2450 4889 | 5424 4848 | 83fa 004c | 8d44 2448 | 4c0f 4444 

  0x00000132c2bc1a58: ;   {oop(a 'java/lang/Class'{0x000000070fe07980} = 'java/lang/ClassLoader')}
  0x00000132c2bc1a58: 2448 49be | 8079 e00f | 0700 0000 | 4c89 7424 | 784c 8d74 | 2478 498b | d6c5 f877 

  0x00000132c2bc1a74: ;   {internal_word}
  0x00000132c2bc1a74: 49ba 711a | bcc2 3201 | 0000 4d89 | 97a8 0300 | 0049 89a7 | a003 0000 

  0x00000132c2bc1a8c: ;   {external_word}
  0x00000132c2bc1a8c: 49ba 6c40 | 2ad5 ff7f | 0000 4180 | 3a00 0f84 | 4e00 0000 | 5241 5041 

  0x00000132c2bc1aa4: ;   {metadata({method} {0x00000132d33ff260} 'defineClass1' '(Ljava/lang/ClassLoader;Ljava/lang/String;[BIILjava/security/ProtectionDomain;Ljava/lang/String;)Ljava/lang/Class;' in 'java/lang/ClassLoader')}
  0x00000132c2bc1aa4: 5148 ba58 | f23f d332 | 0100 0049 | 8bcf 4883 | ec20 40f6 | c40f 0f84 | 1900 0000 | 4883 ec08 
  0x00000132c2bc1ac4: ;   {runtime_call}
  0x00000132c2bc1ac4: 48b8 80b9 | dad4 ff7f | 0000 ffd0 | 4883 c408 | e90c 0000 

  0x00000132c2bc1ad8: ;   {runtime_call}
  0x00000132c2bc1ad8: 0048 b880 | b9da d4ff | 7f00 00ff | d048 83c4 | 2041 5941 | 585a 498d | 8fc0 0300 | 0041 c787 
  0x00000132c2bc1af8: 5404 0000 | 0400 0000 

  0x00000132c2bc1b00: ;   {runtime_call}
  0x00000132c2bc1b00: 48b8 a416 | a229 f87f | 0000 ffd0 | c5f8 7741 | c787 5404 | 0000 0500 | 0000 f083 | 4424 c000 
  0x00000132c2bc1b20: 493b af58 | 0400 000f | 870e 0000 | 0041 83bf | 5004 0000 | 000f 842b | 0000 00c5 | f877 4889 
  0x00000132c2bc1b40: 45f8 498b | cf4c 8be4 | 4883 ec20 | 4883 e4f0 

  0x00000132c2bc1b50: ;   {runtime_call}
  0x00000132c2bc1b50: 48b8 4023 | a5d4 ff7f | 0000 ffd0 | 498b e44d | 33e4 488b | 45f8 41c7 | 8754 0400 | 0008 0000 
  0x00000132c2bc1b70: 0041 83bf | d004 0000 | 020f 84a3 

  0x00000132c2bc1b7c: ;   {external_word}
  0x00000132c2bc1b7c: 0200 0049 | ba6c 402a | d5ff 7f00 | 0041 803a | 000f 844c | 0000 0048 

  0x00000132c2bc1b94: ;   {metadata({method} {0x00000132d33ff260} 'defineClass1' '(Ljava/lang/ClassLoader;Ljava/lang/String;[BIILjava/security/ProtectionDomain;Ljava/lang/String;)Ljava/lang/Class;' in 'java/lang/ClassLoader')}
  0x00000132c2bc1b94: 8945 f848 | ba58 f23f | d332 0100 | 0049 8bcf | 4883 ec20 | 40f6 c40f | 0f84 1900 | 0000 4883 
  0x00000132c2bc1bb4: ;   {runtime_call}
  0x00000132c2bc1bb4: ec08 48b8 | 80b9 dad4 | ff7f 0000 | ffd0 4883 | c408 e90c 

  0x00000132c2bc1bc8: ;   {runtime_call}
  0x00000132c2bc1bc8: 0000 0048 | b880 b9da | d4ff 7f00 | 00ff d048 | 83c4 2048 | 8b45 f849 | c787 a003 | 0000 0000 
  0x00000132c2bc1be8: 0000 49c7 | 87a8 0300 | 0000 0000 | 00c5 f877 | 4885 c00f | 84fe 0100 | 00a8 030f | 8508 0000 
  0x00000132c2bc1c08: 0048 8b00 | e9ee 0100 | 00a8 010f | 8509 0000 | 0048 8b40 | fee9 dd01 | 0000 488b | 40ff 4180 
  0x00000132c2bc1c28: 7f38 000f | 84ce 0100 | 0048 83f8 | 000f 84c4 | 0100 0049 | 8b4f 2848 | 83f9 000f | 8414 0000 
  0x00000132c2bc1c48: 0048 83e9 | 0849 894f | 2849 034f | 3048 8901 | e9a2 0100 | 0048 81ec | d000 0000 | 4889 0424 
  0x00000132c2bc1c68: 4889 4c24 | 0848 8954 | 2410 4889 | 7424 1848 | 897c 2420 | 4c89 4424 | 284c 894c | 2430 4c89 
  0x00000132c2bc1c88: 5424 384c | 895c 2440 | c5fb 1144 | 2450 c5fb | 114c 2458 | c5fb 1154 | 2460 c5fb | 115c 2468 
  0x00000132c2bc1ca8: c5fb 1164 | 2470 c5fb | 116c 2478 | c5fb 11b4 | 2480 0000 | 00c5 fb11 | bc24 8800 | 0000 c57b 
  0x00000132c2bc1cc8: ;   {no_reloc}
  0x00000132c2bc1cc8: 1184 2490 | 0000 00c5 | 7b11 8c24 | 9800 0000 | c57b 1194 | 24a0 0000 | 00c5 7b11 | 9c24 a800 
  0x00000132c2bc1ce8: 0000 c57b | 11a4 24b0 | 0000 00c5 | 7b11 ac24 | b800 0000 | c57b 11b4 | 24c0 0000 | 00c5 7b11 
  0x00000132c2bc1d08: bc24 c800 | 0000 498b | d748 8bc8 | 4883 ec20 | 40f6 c40f | 0f84 1900 | 0000 4883 

  0x00000132c2bc1d24: ;   {runtime_call}
  0x00000132c2bc1d24: ec08 48b8 | 303f 98d4 | ff7f 0000 | ffd0 4883 | c408 e90c 

  0x00000132c2bc1d38: ;   {runtime_call}
  0x00000132c2bc1d38: 0000 0048 | b830 3f98 | d4ff 7f00 | 00ff d048 | 83c4 20c5 | 7b10 bc24 | c800 0000 | c57b 10b4 
  0x00000132c2bc1d58: 24c0 0000 | 00c5 7b10 | ac24 b800 | 0000 c57b | 10a4 24b0 | 0000 00c5 | 7b10 9c24 | a800 0000 
  0x00000132c2bc1d78: c57b 1094 | 24a0 0000 | 00c5 7b10 | 8c24 9800 | 0000 c57b | 1084 2490 | 0000 00c5 | fb10 bc24 
  0x00000132c2bc1d98: 8800 0000 | c5fb 10b4 | 2480 0000 | 00c5 fb10 | 6c24 78c5 | fb10 6424 | 70c5 fb10 | 5c24 68c5 
  0x00000132c2bc1db8: fb10 5424 | 60c5 fb10 | 4c24 58c5 | fb10 4424 | 504c 8b5c | 2440 4c8b | 5424 384c | 8b4c 2430 
  0x00000132c2bc1dd8: 4c8b 4424 | 2848 8b7c | 2420 488b | 7424 1848 | 8b54 2410 | 488b 4c24 | 0848 8b04 | 2448 81c4 
  0x00000132c2bc1df8: d000 0000 | c5f8 7749 | 8b8f 3004 | 0000 c781 | 0001 0000 | 0000 0000 | c949 837f | 0800 0f85 
  0x00000132c2bc1e18: 0100 0000 

  0x00000132c2bc1e1c: ;   {runtime_call StubRoutines (initial stubs)}
  0x00000132c2bc1e1c: c3e9 def0 | a2ff c5f8 | 7748 8945 | f84c 8be4 | 4883 ec20 | 4883 e4f0 

  0x00000132c2bc1e34: ;   {runtime_call}
  0x00000132c2bc1e34: 48b8 d0f1 | dad4 ff7f | 0000 ffd0 | 498b e44d | 33e4 488b | 45f8 e930 | fdff fff4 
[/MachCode]


Compiled method (c1) 4271  653       3       java.lang.ClassLoader::defineClass (43 bytes)
 total in heap  [0x00000132bb1c0710,0x00000132bb1c1068] = 2392
 relocation     [0x00000132bb1c0868,0x00000132bb1c0908] = 160
 main code      [0x00000132bb1c0920,0x00000132bb1c0dc0] = 1184
 stub code      [0x00000132bb1c0dc0,0x00000132bb1c0e38] = 120
 metadata       [0x00000132bb1c0e38,0x00000132bb1c0e68] = 48
 scopes data    [0x00000132bb1c0e68,0x00000132bb1c0f58] = 240
 scopes pcs     [0x00000132bb1c0f58,0x00000132bb1c1038] = 224
 dependencies   [0x00000132bb1c1038,0x00000132bb1c1040] = 8
 nul chk table  [0x00000132bb1c1040,0x00000132bb1c1068] = 40

[Constant Pool (empty)]

[MachCode]
[Entry Point]
  # {method} {0x00000132d33ff5e0} 'defineClass' '(Ljava/lang/String;[BIILjava/security/ProtectionDomain;)Ljava/lang/Class;' in 'java/lang/ClassLoader'
  # this:     rdx:rdx   = 'java/lang/ClassLoader'
  # parm0:    r8:r8     = 'java/lang/String'
  # parm1:    r9:r9     = '[B'
  # parm2:    rdi       = int
  # parm3:    rsi       = int
  # parm4:    rcx:rcx   = 'java/security/ProtectionDomain'
  #           [sp+0xc0]  (sp of caller)
  0x00000132bb1c0920: 448b 5208 | 49bb 0000 | 00d3 3201 | 0000 4d03 | d34c 3bd0 

  0x00000132bb1c0934: ;   {runtime_call ic_miss_stub}
  0x00000132bb1c0934: 0f85 46de | 4707 660f | 1f44 0000 
[Verified Entry Point]
  0x00000132bb1c0940: 8984 2400 | 80ff ff55 | 4881 ecb0 | 0000 0090 | 4181 7f20 | 0100 0000 

  0x00000132bb1c0958: ;   {runtime_call StubRoutines (final stubs)}
  0x00000132bb1c0958: 7405 e881 | 4346 0748 | 8954 2478 

  0x00000132bb1c0964: ;   {metadata(method data for {method} {0x00000132d33ff5e0} 'defineClass' '(Ljava/lang/String;[BIILjava/security/ProtectionDomain;)Ljava/lang/Class;' in 'java/lang/ClassLoader')}
  0x00000132bb1c0964: 48bb a8f3 | 0d14 3301 | 0000 8b83 | cc00 0000 | 83c0 0289 | 83cc 0000 | 0025 fe07 | 0000 85c0 
  0x00000132bb1c0984: 0f84 5803 | 0000 89b4 | 2494 0000 | 0089 bc24 | 9000 0000 | 4c89 8c24 | 8800 0000 

  0x00000132bb1c09a0: ;   {metadata(method data for {method} {0x00000132d33ff5e0} 'defineClass' '(Ljava/lang/String;[BIILjava/security/ProtectionDomain;)Ljava/lang/Class;' in 'java/lang/ClassLoader')}
  0x00000132bb1c09a0: 488b da48 | b8a8 f30d | 1433 0100 | 0048 8380 | 1801 0000 | 0149 8bd8 | 4c8b c34c | 8bc9 488b 
  0x00000132bb1c09c0: ca48 8bd1 | 4889 9c24 | 8000 0000 

  0x00000132bb1c09cc: ;   {optimized virtual_call}
  0x00000132bb1c09cc: 6666 90e8 

  0x00000132bb1c09d0: ; ImmutableOopMap {[120]=Oop [128]=Oop [136]=Oop }
                      ;*invokevirtual preDefineClass {reexecute=0 rethrow=0 return_oop=0}
                      ; - java.lang.ClassLoader::defineClass@4 (line 1021)
  0x00000132bb1c09d0: cca7 fdff 

  0x00000132bb1c09d4: ;   {other}
  0x00000132bb1c09d4: 0f1f 8400 | c402 0000 | 4889 8424 | 9800 0000 | 488b 5424 

  0x00000132bb1c09e8: ;   {metadata(method data for {method} {0x00000132d33ff5e0} 'defineClass' '(Ljava/lang/String;[BIILjava/security/ProtectionDomain;)Ljava/lang/Class;' in 'java/lang/ClassLoader')}
  0x00000132bb1c09e8: 7849 b8a8 | f30d 1433 | 0100 0049 | 8380 4801 

  0x00000132bb1c09f8: ;   {metadata(method data for {method} {0x00000132d33ff2c8} 'defineClassSourceLocation' '(Ljava/security/ProtectionDomain;)Ljava/lang/String;' in 'java/lang/ClassLoader')}
  0x00000132bb1c09f8: 0000 0149 | b848 e30f | 1433 0100 | 0041 8b90 | cc00 0000 | 83c2 0241 | 8990 cc00 | 0000 81e2 
  0x00000132bb1c0a18: feff 1f00 | 85d2 0f84 | df02 0000 

  0x00000132bb1c0a24: ; implicit exception: dispatches to 0x00000132bb1c0d24
  0x00000132bb1c0a24: 483b 004c 

  0x00000132bb1c0a28: ;   {metadata(method data for {method} {0x00000132d33ff2c8} 'defineClassSourceLocation' '(Ljava/security/ProtectionDomain;)Ljava/lang/String;' in 'java/lang/ClassLoader')}
  0x00000132bb1c0a28: 8bc0 48ba | 48e3 0f14 | 3301 0000 | 4883 8218 | 0100 0001 | 448b 4010 | 49c1 e003 

  0x00000132bb1c0a44: ;   {metadata(method data for {method} {0x00000132d33ff2c8} 'defineClassSourceLocation' '(Ljava/security/ProtectionDomain;)Ljava/lang/String;' in 'java/lang/ClassLoader')}
  0x00000132bb1c0a44: 4d85 c048 | ba48 e30f | 1433 0100 | 0048 c7c6 | 5801 0000 | 7507 48c7 | c648 0100 | 0048 8b3c 
  0x00000132bb1c0a64: 3248 8d7f | 0148 893c | 320f 850f 

  0x00000132bb1c0a70: ;   {oop(nullptr)}
  0x00000132bb1c0a70: 0000 0048 | bb00 0000 | 0000 0000 | 00e9 a501 | 0000 493b | 0049 8bd0 

  0x00000132bb1c0a88: ;   {metadata(method data for {method} {0x00000132d33ff2c8} 'defineClassSourceLocation' '(Ljava/security/ProtectionDomain;)Ljava/lang/String;' in 'java/lang/ClassLoader')}
  0x00000132bb1c0a88: 48be 48e3 | 0f14 3301 | 0000 4883 | 8668 0100 | 0001 418b | 500c 48c1 | e203 4885 

  0x00000132bb1c0aa4: ;   {metadata(method data for {method} {0x00000132d33ff2c8} 'defineClassSourceLocation' '(Ljava/security/ProtectionDomain;)Ljava/lang/String;' in 'java/lang/ClassLoader')}
  0x00000132bb1c0aa4: d248 be48 | e30f 1433 | 0100 0048 | c7c7 a801 | 0000 7507 | 48c7 c798 | 0100 0048 | 8b1c 3e48 
  0x00000132bb1c0ac4: 8d5b 0148 | 891c 3e0f | 850f 0000 

  0x00000132bb1c0ad0: ;   {oop(nullptr)}
  0x00000132bb1c0ad0: 0048 bb00 | 0000 0000 | 0000 00e9 | 4701 0000 

  0x00000132bb1c0ae0: ;   {metadata(method data for {method} {0x00000132d33ff2c8} 'defineClassSourceLocation' '(Ljava/security/ProtectionDomain;)Ljava/lang/String;' in 'java/lang/ClassLoader')}
  0x00000132bb1c0ae0: 48be 48e3 | 0f14 3301 | 0000 4883 | 86b8 0100 | 0001 483b | 024c 8bc2 

  0x00000132bb1c0af8: ;   {metadata(method data for {method} {0x00000132d33ff2c8} 'defineClassSourceLocation' '(Ljava/security/ProtectionDomain;)Ljava/lang/String;' in 'java/lang/ClassLoader')}
  0x00000132bb1c0af8: 48be 48e3 | 0f14 3301 | 0000 4883 | 86e8 0100 

  0x00000132bb1c0b08: ;   {metadata(method data for {method} {0x00000132d301a690} 'toString' '()Ljava/lang/String;' in 'java/net/URL')}
  0x00000132bb1c0b08: 0001 49b8 | 5829 0d14 | 3301 0000 | 418b b0cc | 0000 0083 | c602 4189 | b0cc 0000 | 0081 e6fe 
  0x00000132bb1c0b28: ff1f 0085 | f60f 8400 | 0200 004c 

  0x00000132bb1c0b34: ;   {metadata(method data for {method} {0x00000132d301a690} 'toString' '()Ljava/lang/String;' in 'java/net/URL')}
  0x00000132bb1c0b34: 8bc2 48be | 5829 0d14 | 3301 0000 | 4883 8618 | 0100 0001 

  0x00000132bb1c0b48: ;   {metadata(method data for {method} {0x00000132d33f3ec0} 'toExternalForm' '()Ljava/lang/String;' in 'java/net/URL')}
  0x00000132bb1c0b48: 49b8 e02a | 0d14 3301 | 0000 418b | b0cc 0000 | 0083 c602 | 4189 b0cc | 0000 0081 | e6fe ff1f 
  0x00000132bb1c0b68: 0085 f60f | 84e3 0100 | 008b 7238 | 48c1 e603 

  0x00000132bb1c0b78: ; implicit exception: dispatches to 0x00000132bb1c0d75
  0x00000132bb1c0b78: 483b 064c 

  0x00000132bb1c0b7c: ;   {metadata(method data for {method} {0x00000132d33f3ec0} 'toExternalForm' '()Ljava/lang/String;' in 'java/net/URL')}
  0x00000132bb1c0b7c: 8bc6 48bf | e02a 0d14 | 3301 0000 | 458b 4008 | 49ba 0000 | 00d3 3201 | 0000 4d03 | c24c 3b87 
  0x00000132bb1c0b9c: 2001 0000 | 750d 4883 | 8728 0100 | 0001 e960 | 0000 004c | 3b87 3001 | 0000 750d | 4883 8738 
  0x00000132bb1c0bbc: 0100 0001 | e94a 0000 | 0048 83bf | 2001 0000 | 0075 174c | 8987 2001 | 0000 48c7 | 8728 0100 
  0x00000132bb1c0bdc: 0001 0000 | 00e9 2900 | 0000 4883 | bf30 0100 | 0000 7517 | 4c89 8730 | 0100 0048 | c787 3801 
  0x00000132bb1c0bfc: 0000 0100 | 0000 e908 | 0000 0048 | 8387 1801 | 0000 014c | 8bc2 488b 

  0x00000132bb1c0c14: ;   {optimized virtual_call}
  0x00000132bb1c0c14: d666 90e8 

  0x00000132bb1c0c18: ; ImmutableOopMap {[120]=Oop [128]=Oop [136]=Oop [152]=Oop }
                      ;*invokevirtual toExternalForm {reexecute=0 rethrow=0 return_oop=0}
                      ; - java.net.URL::toExternalForm@5 (line 1203)
                      ; - java.net.URL::toString@1 (line 1189)
                      ; - java.lang.ClassLoader::defineClassSourceLocation@22 (line 925)
                      ; - java.lang.ClassLoader::defineClass@12 (line 1022)
  0x00000132bb1c0c18: 84ae ffff 

  0x00000132bb1c0c1c: ;   {other}
  0x00000132bb1c0c1c: 0f1f 8400 | 0c05 0001 | 488b d848 | 8b84 2498 | 0000 008b | b424 9400 | 0000 8bbc | 2490 0000 
  0x00000132bb1c0c3c: 004c 8b8c | 2488 0000 | 004c 8b84 | 2480 0000 | 0048 8b54 

  0x00000132bb1c0c50: ;   {metadata(method data for {method} {0x00000132d33ff5e0} 'defineClass' '(Ljava/lang/String;[BIILjava/security/ProtectionDomain;)Ljava/lang/Class;' in 'java/lang/ClassLoader')}
  0x00000132bb1c0c50: 2478 48b9 | a8f3 0d14 | 3301 0000 | 4883 8178 | 0100 0001 | 4c8b da49 | 8bd3 488b | c848 891c 
  0x00000132bb1c0c70: 2466 0f1f 

  0x00000132bb1c0c74: ;   {static_call}
  0x00000132bb1c0c74: 4400 00e8 

  0x00000132bb1c0c78: ; ImmutableOopMap {[120]=Oop [152]=Oop }
                      ;*invokestatic defineClass1 {reexecute=0 rethrow=0 return_oop=0}
                      ; - java.lang.ClassLoader::defineClass@27 (line 1023)
  0x00000132bb1c0c78: 440d a007 

  0x00000132bb1c0c7c: ;   {other}
  0x00000132bb1c0c7c: 0f1f 8400 | 6c05 0002 | 488b 5424 

  0x00000132bb1c0c88: ;   {metadata(method data for {method} {0x00000132d33ff5e0} 'defineClass' '(Ljava/lang/String;[BIILjava/security/ProtectionDomain;)Ljava/lang/Class;' in 'java/lang/ClassLoader')}
  0x00000132bb1c0c88: 7849 b8a8 | f30d 1433 | 0100 0049 | 8380 8801 | 0000 014c | 8bc0 4c8b | 8c24 9800 | 0000 488b 
  0x00000132bb1c0ca8: 5424 7848 | 8984 24a0 | 0000 000f 

  0x00000132bb1c0cb4: ;   {optimized virtual_call}
  0x00000132bb1c0cb4: 1f40 00e8 

  0x00000132bb1c0cb8: ; ImmutableOopMap {[160]=Oop }
                      ;*invokevirtual postDefineClass {reexecute=0 rethrow=0 return_oop=0}
                      ; - java.lang.ClassLoader::defineClass@37 (line 1024)
  0x00000132bb1c0cb8: e4bf fdff 

  0x00000132bb1c0cbc: ;   {other}
  0x00000132bb1c0cbc: 0f1f 8400 | ac05 0003 | 488b 8424 | a000 0000 | 4881 c4b0 | 0000 005d 

  0x00000132bb1c0cd4: ;   {poll_return}
  0x00000132bb1c0cd4: 493b a758 | 0400 000f | 8799 0000 

  0x00000132bb1c0ce0: ;   {metadata({method} {0x00000132d33ff5e0} 'defineClass' '(Ljava/lang/String;[BIILjava/security/ProtectionDomain;)Ljava/lang/Class;' in 'java/lang/ClassLoader')}
  0x00000132bb1c0ce0: 00c3 49ba | d8f5 3fd3 | 3201 0000 | 4c89 5424 | 0848 c704 | 24ff ffff 

  0x00000132bb1c0cf8: ;   {runtime_call counter_overflow Runtime1 stub}
  0x00000132bb1c0cf8: ffe8 0290 

  0x00000132bb1c0cfc: ; ImmutableOopMap {rdx=Oop r8=Oop r9=Oop rcx=Oop [120]=Oop }
                      ;*synchronization entry
                      ; - java.lang.ClassLoader::defineClass@-1 (line 1021)
  0x00000132bb1c0cfc: 5507 e987 

  0x00000132bb1c0d00: ;   {metadata({method} {0x00000132d33ff2c8} 'defineClassSourceLocation' '(Ljava/security/ProtectionDomain;)Ljava/lang/String;' in 'java/lang/ClassLoader')}
  0x00000132bb1c0d00: fcff ff49 | bac0 f23f | d332 0100 | 004c 8954 | 2408 48c7 | 0424 ffff 

  0x00000132bb1c0d18: ;   {runtime_call counter_overflow Runtime1 stub}
  0x00000132bb1c0d18: ffff e8e1 

  0x00000132bb1c0d1c: ; ImmutableOopMap {rax=Oop [120]=Oop [128]=Oop [136]=Oop [152]=Oop }
                      ;*synchronization entry
                      ; - java.lang.ClassLoader::defineClassSourceLocation@-1 (line 922)
                      ; - java.lang.ClassLoader::defineClass@12 (line 1022)
  0x00000132bb1c0d1c: 8f55 07e9 | 00fd ffff 

  0x00000132bb1c0d24: ;   {runtime_call throw_null_pointer_exception Runtime1 stub}
  0x00000132bb1c0d24: e8d7 3e55 

  0x00000132bb1c0d28: ; ImmutableOopMap {rax=Oop [120]=Oop [128]=Oop [136]=Oop [152]=Oop }
                      ;*invokevirtual getCodeSource {reexecute=0 rethrow=0 return_oop=0}
                      ; - java.lang.ClassLoader::defineClassSourceLocation@1 (line 922)
                      ; - java.lang.ClassLoader::defineClass@12 (line 1022)
                      ;   {runtime_call throw_null_pointer_exception Runtime1 stub}
  0x00000132bb1c0d28: 07e8 d23e 

  0x00000132bb1c0d2c: ; ImmutableOopMap {rax=Oop r8=Oop [120]=Oop [128]=Oop [136]=Oop [152]=Oop }
                      ;*invokevirtual getLocation {reexecute=0 rethrow=0 return_oop=0}
                      ; - java.lang.ClassLoader::defineClassSourceLocation@12 (line 924)
                      ; - java.lang.ClassLoader::defineClass@12 (line 1022)
                      ;   {runtime_call throw_null_pointer_exception Runtime1 stub}
  0x00000132bb1c0d2c: 5507 e8cd 

  0x00000132bb1c0d30: ; ImmutableOopMap {rdx=Oop [120]=Oop [128]=Oop [136]=Oop [152]=Oop }
                      ;*invokevirtual toString {reexecute=0 rethrow=0 return_oop=0}
                      ; - java.lang.ClassLoader::defineClassSourceLocation@22 (line 925)
                      ; - java.lang.ClassLoader::defineClass@12 (line 1022)
                      ;   {metadata({method} {0x00000132d301a690} 'toString' '()Ljava/lang/String;' in 'java/net/URL')}
  0x00000132bb1c0d30: 3e55 0749 | ba88 a601 | d332 0100 | 004c 8954 | 2408 48c7 | 0424 ffff 

  0x00000132bb1c0d48: ;   {runtime_call counter_overflow Runtime1 stub}
  0x00000132bb1c0d48: ffff e8b1 

  0x00000132bb1c0d4c: ; ImmutableOopMap {rdx=Oop [120]=Oop [128]=Oop [136]=Oop [152]=Oop }
                      ;*synchronization entry
                      ; - java.net.URL::toString@-1 (line 1189)
                      ; - java.lang.ClassLoader::defineClassSourceLocation@22 (line 925)
                      ; - java.lang.ClassLoader::defineClass@12 (line 1022)
  0x00000132bb1c0d4c: 8f55 07e9 | dffd ffff 

  0x00000132bb1c0d54: ;   {metadata({method} {0x00000132d33f3ec0} 'toExternalForm' '()Ljava/lang/String;' in 'java/net/URL')}
  0x00000132bb1c0d54: 49ba b83e | 3fd3 3201 | 0000 4c89 | 5424 0848 | c704 24ff 

  0x00000132bb1c0d68: ;   {runtime_call counter_overflow Runtime1 stub}
  0x00000132bb1c0d68: ffff ffe8 

  0x00000132bb1c0d6c: ; ImmutableOopMap {rdx=Oop [120]=Oop [128]=Oop [136]=Oop [152]=Oop }
                      ;*synchronization entry
                      ; - java.net.URL::toExternalForm@-1 (line 1203)
                      ; - java.net.URL::toString@1 (line 1189)
                      ; - java.lang.ClassLoader::defineClassSourceLocation@22 (line 925)
                      ; - java.lang.ClassLoader::defineClass@12 (line 1022)
  0x00000132bb1c0d6c: 908f 5507 | e9fc fdff 

  0x00000132bb1c0d74: ;   {runtime_call throw_null_pointer_exception Runtime1 stub}
  0x00000132bb1c0d74: ffe8 863e 

  0x00000132bb1c0d78: ; ImmutableOopMap {rdx=Oop rsi=Oop [120]=Oop [128]=Oop [136]=Oop [152]=Oop }
                      ;*invokevirtual toExternalForm {reexecute=0 rethrow=0 return_oop=0}
                      ; - java.net.URL::toExternalForm@5 (line 1203)
                      ; - java.net.URL::toString@1 (line 1189)
                      ; - java.lang.ClassLoader::defineClassSourceLocation@22 (line 925)
                      ; - java.lang.ClassLoader::defineClass@12 (line 1022)
                      ;   {internal_word}
  0x00000132bb1c0d78: 5507 49ba | d40c 1cbb | 3201 0000 | 4d89 9770 

  0x00000132bb1c0d88: ;   {runtime_call SafepointBlob}
  0x00000132bb1c0d88: 0400 00e9 | 7049 4807 | 498b 8708 | 0500 0049 | c787 0805 | 0000 0000 | 0000 49c7 | 8710 0500 
  0x00000132bb1c0da8: 0000 0000 | 0048 81c4 | b000 0000 

  0x00000132bb1c0db4: ;   {runtime_call unwind_exception Runtime1 stub}
  0x00000132bb1c0db4: 5de9 462f | 5507 f4f4 | f4f4 f4f4 
[Stub Code]
  0x00000132bb1c0dc0: ;   {no_reloc}
  0x00000132bb1c0dc0: 0f1f 4400 

  0x00000132bb1c0dc4: ;   {static_stub}
  0x00000132bb1c0dc4: 0048 bb00 | 0000 0000 

  0x00000132bb1c0dcc: ;   {runtime_call}
  0x00000132bb1c0dcc: 0000 00e9 | fbff ffff 

  0x00000132bb1c0dd4: ;   {static_stub}
  0x00000132bb1c0dd4: 48bb 0000 | 0000 0000 

  0x00000132bb1c0ddc: ;   {runtime_call}
  0x00000132bb1c0ddc: 0000 e9fb 

  0x00000132bb1c0de0: ;   {static_stub}
  0x00000132bb1c0de0: ffff ff48 | bb00 0000 | 0000 0000 

  0x00000132bb1c0dec: ;   {runtime_call}
  0x00000132bb1c0dec: 00e9 fbff 

  0x00000132bb1c0df0: ;   {static_stub}
  0x00000132bb1c0df0: ffff 48bb | 0000 0000 | 0000 0000 

  0x00000132bb1c0dfc: ;   {runtime_call}
  0x00000132bb1c0dfc: e9fb ffff 

  0x00000132bb1c0e00: ;   {runtime_call handle_exception_from_callee Runtime1 stub}
  0x00000132bb1c0e00: ffe8 fa5b 

  0x00000132bb1c0e04: ;   {external_word}
  0x00000132bb1c0e04: 5507 48b9 | c028 02d5 | ff7f 0000 | 4883 e4f0 

  0x00000132bb1c0e14: ;   {runtime_call}
  0x00000132bb1c0e14: 48b8 3099 | c9d4 ff7f | 0000 ffd0 

  0x00000132bb1c0e20: ;   {section_word}
  0x00000132bb1c0e20: f449 ba21 | 0e1c bb32 | 0100 0041 

  0x00000132bb1c0e2c: ;   {runtime_call DeoptimizationBlob}
  0x00000132bb1c0e2c: 52e9 6e3b | 4807 f4f4 | f4f4 f4f4 
[/MachCode]


Compiled method (c1) 4281  596       3       java.security.SecureClassLoader::defineClass (16 bytes)
 total in heap  [0x00000132bb199b90,0x00000132bb199f90] = 1024
 relocation     [0x00000132bb199ce8,0x00000132bb199d38] = 80
 main code      [0x00000132bb199d40,0x00000132bb199e98] = 344
 stub code      [0x00000132bb199e98,0x00000132bb199ee8] = 80
 metadata       [0x00000132bb199ee8,0x00000132bb199ef0] = 8
 scopes data    [0x00000132bb199ef0,0x00000132bb199f38] = 72
 scopes pcs     [0x00000132bb199f38,0x00000132bb199f88] = 80
 dependencies   [0x00000132bb199f88,0x00000132bb199f90] = 8

[Constant Pool (empty)]

[MachCode]
[Entry Point]
  # {method} {0x00000132d30438c0} 'defineClass' '(Ljava/lang/String;[BIILjava/security/CodeSource;)Ljava/lang/Class;' in 'java/security/SecureClassLoader'
  # this:     rdx:rdx   = 'java/security/SecureClassLoader'
  # parm0:    r8:r8     = 'java/lang/String'
  # parm1:    r9:r9     = '[B'
  # parm2:    rdi       = int
  # parm3:    rsi       = int
  # parm4:    rcx:rcx   = 'java/security/CodeSource'
  #           [sp+0x80]  (sp of caller)
  0x00000132bb199d40: 448b 5208 | 49bb 0000 | 00d3 3201 | 0000 4d03 | d34c 3bd0 

  0x00000132bb199d54: ;   {runtime_call ic_miss_stub}
  0x00000132bb199d54: 0f85 264a | 4a07 660f | 1f44 0000 
[Verified Entry Point]
  0x00000132bb199d60: 8984 2400 | 80ff ff55 | 4883 ec70 | 4181 7f20 | 0100 0000 

  0x00000132bb199d74: ;   {runtime_call StubRoutines (final stubs)}
  0x00000132bb199d74: 7405 e865 

  0x00000132bb199d78: ;   {metadata(method data for {method} {0x00000132d30438c0} 'defineClass' '(Ljava/lang/String;[BIILjava/security/CodeSource;)Ljava/lang/Class;' in 'java/security/SecureClassLoader')}
  0x00000132bb199d78: af48 0748 | bbc8 ef0d | 1433 0100 | 008b 83cc | 0000 0083 | c002 8983 | cc00 0000 | 25fe 0700 
  0x00000132bb199d98: 0085 c00f | 8496 0000 | 0089 7424 | 5c89 7c24 | 584c 894c | 2450 4c89 | 4424 4848 

  0x00000132bb199db4: ;   {metadata(method data for {method} {0x00000132d30438c0} 'defineClass' '(Ljava/lang/String;[BIILjava/security/CodeSource;)Ljava/lang/Class;' in 'java/security/SecureClassLoader')}
  0x00000132bb199db4: 8bda 48b8 | c8ef 0d14 | 3301 0000 | 4883 8018 | 0100 0001 | 4c8b c148 | 8bc2 488b | d048 8944 
  0x00000132bb199dd4: ;   {optimized virtual_call}
  0x00000132bb199dd4: 2440 90e8 

  0x00000132bb199dd8: ; ImmutableOopMap {[64]=Oop [72]=Oop [80]=Oop }
                      ;*invokevirtual getProtectionDomain {reexecute=0 rethrow=0 return_oop=0}
                      ; - java.security.SecureClassLoader::defineClass@9 (line 150)
  0x00000132bb199dd8: c460 0200 

  0x00000132bb199ddc: ;   {other}
  0x00000132bb199ddc: 0f1f 8400 | 4c02 0000 | 488b 5424 

  0x00000132bb199de8: ;   {metadata(method data for {method} {0x00000132d30438c0} 'defineClass' '(Ljava/lang/String;[BIILjava/security/CodeSource;)Ljava/lang/Class;' in 'java/security/SecureClassLoader')}
  0x00000132bb199de8: 4049 b8c8 | ef0d 1433 | 0100 0049 | 8380 4801 | 0000 014c | 8b44 2448 | 4c8b 4c24 | 508b 7c24 
  0x00000132bb199e08: 588b 7424 | 5c48 8bc8 | 488b 5424 

  0x00000132bb199e14: ;   {optimized virtual_call}
  0x00000132bb199e14: 4066 90e8 

  0x00000132bb199e18: ; ImmutableOopMap {}
                      ;*invokevirtual defineClass {reexecute=0 rethrow=0 return_oop=0}
                      ; - java.security.SecureClassLoader::defineClass@12 (line 150)
  0x00000132bb199e18: 246b 0200 

  0x00000132bb199e1c: ;   {other}
  0x00000132bb199e1c: 0f1f 8400 | 8c02 0001 | 4883 c470 

  0x00000132bb199e28: ;   {poll_return}
  0x00000132bb199e28: 5d49 3ba7 | 5804 0000 | 0f87 2200 

  0x00000132bb199e34: ;   {metadata({method} {0x00000132d30438c0} 'defineClass' '(Ljava/lang/String;[BIILjava/security/CodeSource;)Ljava/lang/Class;' in 'java/security/SecureClassLoader')}
  0x00000132bb199e34: 0000 c349 | bab8 3804 | d332 0100 | 004c 8954 | 2408 48c7 | 0424 ffff 

  0x00000132bb199e4c: ;   {runtime_call counter_overflow Runtime1 stub}
  0x00000132bb199e4c: ffff e8ad 

  0x00000132bb199e50: ; ImmutableOopMap {rdx=Oop r8=Oop r9=Oop rcx=Oop }
                      ;*synchronization entry
                      ; - java.security.SecureClassLoader::defineClass@-1 (line 150)
  0x00000132bb199e50: fe57 07e9 | 49ff ffff 

  0x00000132bb199e58: ;   {internal_word}
  0x00000132bb199e58: 49ba 299e | 19bb 3201 | 0000 4d89 | 9770 0400 

  0x00000132bb199e68: ;   {runtime_call SafepointBlob}
  0x00000132bb199e68: 00e9 92b8 | 4a07 498b | 8708 0500 | 0049 c787 | 0805 0000 | 0000 0000 | 49c7 8710 | 0500 0000 
  0x00000132bb199e88: 0000 0048 | 83c4 705d 

  0x00000132bb199e90: ;   {runtime_call unwind_exception Runtime1 stub}
  0x00000132bb199e90: e96b 9e57 | 07f4 f4f4 
[Stub Code]
  0x00000132bb199e98: ;   {no_reloc}
  0x00000132bb199e98: 48bb 0838 | 04d3 3201 

  0x00000132bb199ea0: ;   {runtime_call I2C/C2I adapters}
  0x00000132bb199ea0: 0000 e940 

  0x00000132bb199ea4: ;   {static_stub}
  0x00000132bb199ea4: a34a 0748 | bbd8 f53f | d332 0100 

  0x00000132bb199eb0: ;   {runtime_call I2C/C2I adapters}
  0x00000132bb199eb0: 00e9 bf72 

  0x00000132bb199eb4: ;   {runtime_call handle_exception_from_callee Runtime1 stub}
  0x00000132bb199eb4: 4907 e845 

  0x00000132bb199eb8: ;   {external_word}
  0x00000132bb199eb8: cb57 0748 | b9c0 2802 | d5ff 7f00 | 0048 83e4 

  0x00000132bb199ec8: ;   {runtime_call}
  0x00000132bb199ec8: f048 b830 | 99c9 d4ff | 7f00 00ff 

  0x00000132bb199ed4: ;   {section_word}
  0x00000132bb199ed4: d0f4 49ba | d69e 19bb | 3201 0000 

  0x00000132bb199ee0: ;   {runtime_call DeoptimizationBlob}
  0x00000132bb199ee0: 4152 e9b9 | aa4a 07f4 
[/MachCode]


---------------  P R O C E S S  ---------------

Threads class SMR info:
_java_thread_list=0x00000132d25d9340, length=11, elements={
0x00000132b0bcd5c0, 0x00000132d220f040, 0x00000132d2213f70, 0x00000132d2215be0,
0x00000132d2218650, 0x00000132d22190b0, 0x00000132d2219b10, 0x00000132d221a8a0,
0x00000132d221df20, 0x00000132d23ffa60, 0x00000132d2404900
}

Java Threads: ( => current thread )
=>0x00000132b0bcd5c0 JavaThread "main"                              [_thread_in_vm, id=956, stack(0x00000022f2100000,0x00000022f2200000) (1024K)]
  0x00000132d220f040 JavaThread "Reference Handler"          daemon [_thread_blocked, id=8720, stack(0x00000022f2b00000,0x00000022f2c00000) (1024K)]
  0x00000132d2213f70 JavaThread "Finalizer"                  daemon [_thread_blocked, id=4668, stack(0x00000022f2c00000,0x00000022f2d00000) (1024K)]
  0x00000132d2215be0 JavaThread "Signal Dispatcher"          daemon [_thread_blocked, id=15892, stack(0x00000022f2d00000,0x00000022f2e00000) (1024K)]
  0x00000132d2218650 JavaThread "Attach Listener"            daemon [_thread_blocked, id=13648, stack(0x00000022f2e00000,0x00000022f2f00000) (1024K)]
  0x00000132d22190b0 JavaThread "Service Thread"             daemon [_thread_blocked, id=15376, stack(0x00000022f2f00000,0x00000022f3000000) (1024K)]
  0x00000132d2219b10 JavaThread "Monitor Deflation Thread"   daemon [_thread_blocked, id=10012, stack(0x00000022f3000000,0x00000022f3100000) (1024K)]
  0x00000132d221a8a0 JavaThread "C2 CompilerThread0"         daemon [_thread_blocked, id=12036, stack(0x00000022f3100000,0x00000022f3200000) (1024K)]
  0x00000132d221df20 JavaThread "C1 CompilerThread0"         daemon [_thread_blocked, id=13392, stack(0x00000022f3200000,0x00000022f3300000) (1024K)]
  0x00000132d23ffa60 JavaThread "Notification Thread"        daemon [_thread_blocked, id=13408, stack(0x00000022f3300000,0x00000022f3400000) (1024K)]
  0x00000132d2404900 JavaThread "Common-Cleaner"             daemon [_thread_blocked, id=13972, stack(0x00000022f3400000,0x00000022f3500000) (1024K)]
Total: 11

Other Threads:
  0x00000132d21f1cc0 VMThread "VM Thread"                           [id=6272, stack(0x00000022f2900000,0x00000022f2a00000) (1024K)] _threads_hazard_ptr=0x00000132d25d9340
  0x00000132d21d8c80 WatcherThread "VM Periodic Task Thread"        [id=13544, stack(0x00000022f2800000,0x00000022f2900000) (1024K)]
  0x00000132b2dc7fc0 WorkerThread "GC Thread#0"                     [id=10624, stack(0x00000022f2300000,0x00000022f2400000) (1024K)]
  0x00000132d2b15fb0 WorkerThread "GC Thread#1"                     [id=16336, stack(0x00000022f3500000,0x00000022f3600000) (1024K)]
  0x00000132d2b16360 WorkerThread "GC Thread#2"                     [id=3252, stack(0x00000022f3600000,0x00000022f3700000) (1024K)]
  0x00000132d2b16710 WorkerThread "GC Thread#3"                     [id=13356, stack(0x00000022f3700000,0x00000022f3800000) (1024K)]
  0x00000132d2b16ac0 WorkerThread "GC Thread#4"                     [id=16192, stack(0x00000022f3800000,0x00000022f3900000) (1024K)]
  0x00000132d2b6f610 WorkerThread "GC Thread#5"                     [id=10216, stack(0x00000022f3900000,0x00000022f3a00000) (1024K)]
  0x00000132b2dd8e30 ConcurrentGCThread "G1 Main Marker"            [id=9728, stack(0x00000022f2400000,0x00000022f2500000) (1024K)]
  0x00000132b2dd9940 WorkerThread "G1 Conc#0"                       [id=1780, stack(0x00000022f2500000,0x00000022f2600000) (1024K)]
  0x00000132b2e2e090 ConcurrentGCThread "G1 Refine#0"               [id=9276, stack(0x00000022f2600000,0x00000022f2700000) (1024K)]
  0x00000132d209c700 ConcurrentGCThread "G1 Service"                [id=1716, stack(0x00000022f2700000,0x00000022f2800000) (1024K)]
Total: 12

Threads with active compile tasks:
Total: 0

VM state: synchronizing (normal execution)

VM Mutex/Monitor currently owned by a thread:  ([mutex/lock_event])
[0x00007fffd52cab00] Metaspace_lock - owner thread: 0x00000132b0bcd5c0
[0x00007fffd52ccb80] Threads_lock - owner thread: 0x00000132d21f1cc0

Heap address: 0x0000000701800000, size: 4072 MB, Compressed Oops mode: Zero based, Oop shift amount: 3

CDS archive(s) mapped at: [0x00000132d3000000-0x00000132d3c60000-0x00000132d3c60000), size 12976128, SharedBaseAddress: 0x00000132d3000000, ArchiveRelocationMode: 1.
Compressed class space mapped at: 0x00000132d4000000-0x0000013314000000, reserved size: 1073741824
Narrow klass base: 0x00000132d3000000, Narrow klass shift: 0, Narrow klass range: 0x41000000

GC Precious Log:
 CardTable entry size: 512
 Card Set container configuration: InlinePtr #cards 4 size 8 Array Of Cards #cards 16 size 48 Howl #buckets 8 coarsen threshold 3686 Howl Bitmap #cards 512 size 80 coarsen threshold 460 Card regions per heap region 1 cards per card region 4096
 CPUs: 12 total, 12 available
 Memory: 16281M
 Large Page Support: Disabled
 NUMA Support: Disabled
 Compressed Oops: Enabled (Zero based)
 Heap Region Size: 2M
 Heap Min Capacity: 8M
 Heap Initial Capacity: 256M
 Heap Max Capacity: 4072M
 Pre-touch: Disabled
 Parallel Workers: 10
 Concurrent Workers: 3
 Concurrent Refinement Workers: 10
 Periodic GC: Disabled

Heap:
 garbage-first heap   total reserved 4169728K, committed 262144K, used 33887K [0x0000000701800000, 0x0000000800000000)
  region size 2048K, 17 young (34816K), 2 survivors (4096K)
 Metaspace       used 15346K, committed 15616K, reserved 1114112K
  class space    used 1712K, committed 1856K, reserved 1048576K

Heap Regions: E=young(eden), S=young(survivor), O=old, HS=humongous(starts), HC=humongous(continues), CS=collection set, F=free, TAMS=top-at-mark-start, PB=parsable bottom
|   0|0x0000000701800000, 0x0000000701a00000, 0x0000000701a00000|100%|HS|  |TAMS 0x0000000701800000| PB 0x0000000701800000| Complete |  0
|   1|0x0000000701a00000, 0x0000000701c00000, 0x0000000701c00000|100%|HC|  |TAMS 0x0000000701a00000| PB 0x0000000701a00000| Complete |  0
|   2|0x0000000701c00000, 0x0000000701c00000, 0x0000000701e00000|  0%| F|  |TAMS 0x0000000701c00000| PB 0x0000000701c00000| Untracked |  0
|   3|0x0000000701e00000, 0x0000000701e00000, 0x0000000702000000|  0%| F|  |TAMS 0x0000000701e00000| PB 0x0000000701e00000| Untracked |  0
|   4|0x0000000702000000, 0x0000000702000000, 0x0000000702200000|  0%| F|  |TAMS 0x0000000702000000| PB 0x0000000702000000| Untracked |  0
|   5|0x0000000702200000, 0x0000000702200000, 0x0000000702400000|  0%| F|  |TAMS 0x0000000702200000| PB 0x0000000702200000| Untracked |  0
|   6|0x0000000702400000, 0x0000000702400000, 0x0000000702600000|  0%| F|  |TAMS 0x0000000702400000| PB 0x0000000702400000| Untracked |  0
|   7|0x0000000702600000, 0x0000000702600000, 0x0000000702800000|  0%| F|  |TAMS 0x0000000702600000| PB 0x0000000702600000| Untracked |  0
|   8|0x0000000702800000, 0x0000000702800000, 0x0000000702a00000|  0%| F|  |TAMS 0x0000000702800000| PB 0x0000000702800000| Untracked |  0
|   9|0x0000000702a00000, 0x0000000702a00000, 0x0000000702c00000|  0%| F|  |TAMS 0x0000000702a00000| PB 0x0000000702a00000| Untracked |  0
|  10|0x0000000702c00000, 0x0000000702c00000, 0x0000000702e00000|  0%| F|  |TAMS 0x0000000702c00000| PB 0x0000000702c00000| Untracked |  0
|  11|0x0000000702e00000, 0x0000000702e00000, 0x0000000703000000|  0%| F|  |TAMS 0x0000000702e00000| PB 0x0000000702e00000| Untracked |  0
|  12|0x0000000703000000, 0x0000000703000000, 0x0000000703200000|  0%| F|  |TAMS 0x0000000703000000| PB 0x0000000703000000| Untracked |  0
|  13|0x0000000703200000, 0x0000000703200000, 0x0000000703400000|  0%| F|  |TAMS 0x0000000703200000| PB 0x0000000703200000| Untracked |  0
|  14|0x0000000703400000, 0x0000000703400000, 0x0000000703600000|  0%| F|  |TAMS 0x0000000703400000| PB 0x0000000703400000| Untracked |  0
|  15|0x0000000703600000, 0x0000000703600000, 0x0000000703800000|  0%| F|  |TAMS 0x0000000703600000| PB 0x0000000703600000| Untracked |  0
|  16|0x0000000703800000, 0x0000000703800000, 0x0000000703a00000|  0%| F|  |TAMS 0x0000000703800000| PB 0x0000000703800000| Untracked |  0
|  17|0x0000000703a00000, 0x0000000703a00000, 0x0000000703c00000|  0%| F|  |TAMS 0x0000000703a00000| PB 0x0000000703a00000| Untracked |  0
|  18|0x0000000703c00000, 0x0000000703c00000, 0x0000000703e00000|  0%| F|  |TAMS 0x0000000703c00000| PB 0x0000000703c00000| Untracked |  0
|  19|0x0000000703e00000, 0x0000000703e00000, 0x0000000704000000|  0%| F|  |TAMS 0x0000000703e00000| PB 0x0000000703e00000| Untracked |  0
|  20|0x0000000704000000, 0x0000000704000000, 0x0000000704200000|  0%| F|  |TAMS 0x0000000704000000| PB 0x0000000704000000| Untracked |  0
|  21|0x0000000704200000, 0x0000000704200000, 0x0000000704400000|  0%| F|  |TAMS 0x0000000704200000| PB 0x0000000704200000| Untracked |  0
|  22|0x0000000704400000, 0x0000000704400000, 0x0000000704600000|  0%| F|  |TAMS 0x0000000704400000| PB 0x0000000704400000| Untracked |  0
|  23|0x0000000704600000, 0x0000000704600000, 0x0000000704800000|  0%| F|  |TAMS 0x0000000704600000| PB 0x0000000704600000| Untracked |  0
|  24|0x0000000704800000, 0x0000000704800000, 0x0000000704a00000|  0%| F|  |TAMS 0x0000000704800000| PB 0x0000000704800000| Untracked |  0
|  25|0x0000000704a00000, 0x0000000704a00000, 0x0000000704c00000|  0%| F|  |TAMS 0x0000000704a00000| PB 0x0000000704a00000| Untracked |  0
|  26|0x0000000704c00000, 0x0000000704c00000, 0x0000000704e00000|  0%| F|  |TAMS 0x0000000704c00000| PB 0x0000000704c00000| Untracked |  0
|  27|0x0000000704e00000, 0x0000000704e00000, 0x0000000705000000|  0%| F|  |TAMS 0x0000000704e00000| PB 0x0000000704e00000| Untracked |  0
|  28|0x0000000705000000, 0x0000000705000000, 0x0000000705200000|  0%| F|  |TAMS 0x0000000705000000| PB 0x0000000705000000| Untracked |  0
|  29|0x0000000705200000, 0x0000000705200000, 0x0000000705400000|  0%| F|  |TAMS 0x0000000705200000| PB 0x0000000705200000| Untracked |  0
|  30|0x0000000705400000, 0x0000000705400000, 0x0000000705600000|  0%| F|  |TAMS 0x0000000705400000| PB 0x0000000705400000| Untracked |  0
|  31|0x0000000705600000, 0x0000000705600000, 0x0000000705800000|  0%| F|  |TAMS 0x0000000705600000| PB 0x0000000705600000| Untracked |  0
|  32|0x0000000705800000, 0x0000000705800000, 0x0000000705a00000|  0%| F|  |TAMS 0x0000000705800000| PB 0x0000000705800000| Untracked |  0
|  33|0x0000000705a00000, 0x0000000705a00000, 0x0000000705c00000|  0%| F|  |TAMS 0x0000000705a00000| PB 0x0000000705a00000| Untracked |  0
|  34|0x0000000705c00000, 0x0000000705c00000, 0x0000000705e00000|  0%| F|  |TAMS 0x0000000705c00000| PB 0x0000000705c00000| Untracked |  0
|  35|0x0000000705e00000, 0x0000000705e00000, 0x0000000706000000|  0%| F|  |TAMS 0x0000000705e00000| PB 0x0000000705e00000| Untracked |  0
|  36|0x0000000706000000, 0x0000000706000000, 0x0000000706200000|  0%| F|  |TAMS 0x0000000706000000| PB 0x0000000706000000| Untracked |  0
|  37|0x0000000706200000, 0x0000000706200000, 0x0000000706400000|  0%| F|  |TAMS 0x0000000706200000| PB 0x0000000706200000| Untracked |  0
|  38|0x0000000706400000, 0x0000000706400000, 0x0000000706600000|  0%| F|  |TAMS 0x0000000706400000| PB 0x0000000706400000| Untracked |  0
|  39|0x0000000706600000, 0x0000000706600000, 0x0000000706800000|  0%| F|  |TAMS 0x0000000706600000| PB 0x0000000706600000| Untracked |  0
|  40|0x0000000706800000, 0x0000000706800000, 0x0000000706a00000|  0%| F|  |TAMS 0x0000000706800000| PB 0x0000000706800000| Untracked |  0
|  41|0x0000000706a00000, 0x0000000706a00000, 0x0000000706c00000|  0%| F|  |TAMS 0x0000000706a00000| PB 0x0000000706a00000| Untracked |  0
|  42|0x0000000706c00000, 0x0000000706c00000, 0x0000000706e00000|  0%| F|  |TAMS 0x0000000706c00000| PB 0x0000000706c00000| Untracked |  0
|  43|0x0000000706e00000, 0x0000000706e00000, 0x0000000707000000|  0%| F|  |TAMS 0x0000000706e00000| PB 0x0000000706e00000| Untracked |  0
|  44|0x0000000707000000, 0x0000000707000000, 0x0000000707200000|  0%| F|  |TAMS 0x0000000707000000| PB 0x0000000707000000| Untracked |  0
|  45|0x0000000707200000, 0x0000000707200000, 0x0000000707400000|  0%| F|  |TAMS 0x0000000707200000| PB 0x0000000707200000| Untracked |  0
|  46|0x0000000707400000, 0x0000000707400000, 0x0000000707600000|  0%| F|  |TAMS 0x0000000707400000| PB 0x0000000707400000| Untracked |  0
|  47|0x0000000707600000, 0x0000000707600000, 0x0000000707800000|  0%| F|  |TAMS 0x0000000707600000| PB 0x0000000707600000| Untracked |  0
|  48|0x0000000707800000, 0x0000000707800000, 0x0000000707a00000|  0%| F|  |TAMS 0x0000000707800000| PB 0x0000000707800000| Untracked |  0
|  49|0x0000000707a00000, 0x0000000707a00000, 0x0000000707c00000|  0%| F|  |TAMS 0x0000000707a00000| PB 0x0000000707a00000| Untracked |  0
|  50|0x0000000707c00000, 0x0000000707c00000, 0x0000000707e00000|  0%| F|  |TAMS 0x0000000707c00000| PB 0x0000000707c00000| Untracked |  0
|  51|0x0000000707e00000, 0x0000000707e00000, 0x0000000708000000|  0%| F|  |TAMS 0x0000000707e00000| PB 0x0000000707e00000| Untracked |  0
|  52|0x0000000708000000, 0x0000000708000000, 0x0000000708200000|  0%| F|  |TAMS 0x0000000708000000| PB 0x0000000708000000| Untracked |  0
|  53|0x0000000708200000, 0x0000000708200000, 0x0000000708400000|  0%| F|  |TAMS 0x0000000708200000| PB 0x0000000708200000| Untracked |  0
|  54|0x0000000708400000, 0x0000000708400000, 0x0000000708600000|  0%| F|  |TAMS 0x0000000708400000| PB 0x0000000708400000| Untracked |  0
|  55|0x0000000708600000, 0x0000000708600000, 0x0000000708800000|  0%| F|  |TAMS 0x0000000708600000| PB 0x0000000708600000| Untracked |  0
|  56|0x0000000708800000, 0x0000000708800000, 0x0000000708a00000|  0%| F|  |TAMS 0x0000000708800000| PB 0x0000000708800000| Untracked |  0
|  57|0x0000000708a00000, 0x0000000708a00000, 0x0000000708c00000|  0%| F|  |TAMS 0x0000000708a00000| PB 0x0000000708a00000| Untracked |  0
|  58|0x0000000708c00000, 0x0000000708c00000, 0x0000000708e00000|  0%| F|  |TAMS 0x0000000708c00000| PB 0x0000000708c00000| Untracked |  0
|  59|0x0000000708e00000, 0x0000000708e00000, 0x0000000709000000|  0%| F|  |TAMS 0x0000000708e00000| PB 0x0000000708e00000| Untracked |  0
|  60|0x0000000709000000, 0x0000000709000000, 0x0000000709200000|  0%| F|  |TAMS 0x0000000709000000| PB 0x0000000709000000| Untracked |  0
|  61|0x0000000709200000, 0x0000000709200000, 0x0000000709400000|  0%| F|  |TAMS 0x0000000709200000| PB 0x0000000709200000| Untracked |  0
|  62|0x0000000709400000, 0x0000000709400000, 0x0000000709600000|  0%| F|  |TAMS 0x0000000709400000| PB 0x0000000709400000| Untracked |  0
|  63|0x0000000709600000, 0x0000000709600000, 0x0000000709800000|  0%| F|  |TAMS 0x0000000709600000| PB 0x0000000709600000| Untracked |  0
|  64|0x0000000709800000, 0x0000000709800000, 0x0000000709a00000|  0%| F|  |TAMS 0x0000000709800000| PB 0x0000000709800000| Untracked |  0
|  65|0x0000000709a00000, 0x0000000709a00000, 0x0000000709c00000|  0%| F|  |TAMS 0x0000000709a00000| PB 0x0000000709a00000| Untracked |  0
|  66|0x0000000709c00000, 0x0000000709c00000, 0x0000000709e00000|  0%| F|  |TAMS 0x0000000709c00000| PB 0x0000000709c00000| Untracked |  0
|  67|0x0000000709e00000, 0x0000000709e00000, 0x000000070a000000|  0%| F|  |TAMS 0x0000000709e00000| PB 0x0000000709e00000| Untracked |  0
|  68|0x000000070a000000, 0x000000070a000000, 0x000000070a200000|  0%| F|  |TAMS 0x000000070a000000| PB 0x000000070a000000| Untracked |  0
|  69|0x000000070a200000, 0x000000070a200000, 0x000000070a400000|  0%| F|  |TAMS 0x000000070a200000| PB 0x000000070a200000| Untracked |  0
|  70|0x000000070a400000, 0x000000070a400000, 0x000000070a600000|  0%| F|  |TAMS 0x000000070a400000| PB 0x000000070a400000| Untracked |  0
|  71|0x000000070a600000, 0x000000070a600000, 0x000000070a800000|  0%| F|  |TAMS 0x000000070a600000| PB 0x000000070a600000| Untracked |  0
|  72|0x000000070a800000, 0x000000070a800000, 0x000000070aa00000|  0%| F|  |TAMS 0x000000070a800000| PB 0x000000070a800000| Untracked |  0
|  73|0x000000070aa00000, 0x000000070aa00000, 0x000000070ac00000|  0%| F|  |TAMS 0x000000070aa00000| PB 0x000000070aa00000| Untracked |  0
|  74|0x000000070ac00000, 0x000000070ac00000, 0x000000070ae00000|  0%| F|  |TAMS 0x000000070ac00000| PB 0x000000070ac00000| Untracked |  0
|  75|0x000000070ae00000, 0x000000070ae00000, 0x000000070b000000|  0%| F|  |TAMS 0x000000070ae00000| PB 0x000000070ae00000| Untracked |  0
|  76|0x000000070b000000, 0x000000070b000000, 0x000000070b200000|  0%| F|  |TAMS 0x000000070b000000| PB 0x000000070b000000| Untracked |  0
|  77|0x000000070b200000, 0x000000070b200000, 0x000000070b400000|  0%| F|  |TAMS 0x000000070b200000| PB 0x000000070b200000| Untracked |  0
|  78|0x000000070b400000, 0x000000070b400000, 0x000000070b600000|  0%| F|  |TAMS 0x000000070b400000| PB 0x000000070b400000| Untracked |  0
|  79|0x000000070b600000, 0x000000070b600000, 0x000000070b800000|  0%| F|  |TAMS 0x000000070b600000| PB 0x000000070b600000| Untracked |  0
|  80|0x000000070b800000, 0x000000070b800000, 0x000000070ba00000|  0%| F|  |TAMS 0x000000070b800000| PB 0x000000070b800000| Untracked |  0
|  81|0x000000070ba00000, 0x000000070ba00000, 0x000000070bc00000|  0%| F|  |TAMS 0x000000070ba00000| PB 0x000000070ba00000| Untracked |  0
|  82|0x000000070bc00000, 0x000000070bc00000, 0x000000070be00000|  0%| F|  |TAMS 0x000000070bc00000| PB 0x000000070bc00000| Untracked |  0
|  83|0x000000070be00000, 0x000000070be00000, 0x000000070c000000|  0%| F|  |TAMS 0x000000070be00000| PB 0x000000070be00000| Untracked |  0
|  84|0x000000070c000000, 0x000000070c000000, 0x000000070c200000|  0%| F|  |TAMS 0x000000070c000000| PB 0x000000070c000000| Untracked |  0
|  85|0x000000070c200000, 0x000000070c200000, 0x000000070c400000|  0%| F|  |TAMS 0x000000070c200000| PB 0x000000070c200000| Untracked |  0
|  86|0x000000070c400000, 0x000000070c400000, 0x000000070c600000|  0%| F|  |TAMS 0x000000070c400000| PB 0x000000070c400000| Untracked |  0
|  87|0x000000070c600000, 0x000000070c600000, 0x000000070c800000|  0%| F|  |TAMS 0x000000070c600000| PB 0x000000070c600000| Untracked |  0
|  88|0x000000070c800000, 0x000000070c800000, 0x000000070ca00000|  0%| F|  |TAMS 0x000000070c800000| PB 0x000000070c800000| Untracked |  0
|  89|0x000000070ca00000, 0x000000070ca00000, 0x000000070cc00000|  0%| F|  |TAMS 0x000000070ca00000| PB 0x000000070ca00000| Untracked |  0
|  90|0x000000070cc00000, 0x000000070cc00000, 0x000000070ce00000|  0%| F|  |TAMS 0x000000070cc00000| PB 0x000000070cc00000| Untracked |  0
|  91|0x000000070ce00000, 0x000000070ce00000, 0x000000070d000000|  0%| F|  |TAMS 0x000000070ce00000| PB 0x000000070ce00000| Untracked |  0
|  92|0x000000070d000000, 0x000000070d000000, 0x000000070d200000|  0%| F|  |TAMS 0x000000070d000000| PB 0x000000070d000000| Untracked |  0
|  93|0x000000070d200000, 0x000000070d200000, 0x000000070d400000|  0%| F|  |TAMS 0x000000070d200000| PB 0x000000070d200000| Untracked |  0
|  94|0x000000070d400000, 0x000000070d400000, 0x000000070d600000|  0%| F|  |TAMS 0x000000070d400000| PB 0x000000070d400000| Untracked |  0
|  95|0x000000070d600000, 0x000000070d600000, 0x000000070d800000|  0%| F|  |TAMS 0x000000070d600000| PB 0x000000070d600000| Untracked |  0
|  96|0x000000070d800000, 0x000000070d800000, 0x000000070da00000|  0%| F|  |TAMS 0x000000070d800000| PB 0x000000070d800000| Untracked |  0
|  97|0x000000070da00000, 0x000000070da00000, 0x000000070dc00000|  0%| F|  |TAMS 0x000000070da00000| PB 0x000000070da00000| Untracked |  0
|  98|0x000000070dc00000, 0x000000070dc00000, 0x000000070de00000|  0%| F|  |TAMS 0x000000070dc00000| PB 0x000000070dc00000| Untracked |  0
|  99|0x000000070de00000, 0x000000070de00000, 0x000000070e000000|  0%| F|  |TAMS 0x000000070de00000| PB 0x000000070de00000| Untracked |  0
| 100|0x000000070e000000, 0x000000070e000000, 0x000000070e200000|  0%| F|  |TAMS 0x000000070e000000| PB 0x000000070e000000| Untracked |  0
| 101|0x000000070e200000, 0x000000070e200000, 0x000000070e400000|  0%| F|  |TAMS 0x000000070e200000| PB 0x000000070e200000| Untracked |  0
| 102|0x000000070e400000, 0x000000070e400000, 0x000000070e600000|  0%| F|  |TAMS 0x000000070e400000| PB 0x000000070e400000| Untracked |  0
| 103|0x000000070e600000, 0x000000070e600000, 0x000000070e800000|  0%| F|  |TAMS 0x000000070e600000| PB 0x000000070e600000| Untracked |  0
| 104|0x000000070e800000, 0x000000070e800000, 0x000000070ea00000|  0%| F|  |TAMS 0x000000070e800000| PB 0x000000070e800000| Untracked |  0
| 105|0x000000070ea00000, 0x000000070ea00000, 0x000000070ec00000|  0%| F|  |TAMS 0x000000070ea00000| PB 0x000000070ea00000| Untracked |  0
| 106|0x000000070ec00000, 0x000000070ec00000, 0x000000070ee00000|  0%| F|  |TAMS 0x000000070ec00000| PB 0x000000070ec00000| Untracked |  0
| 107|0x000000070ee00000, 0x000000070ee00000, 0x000000070f000000|  0%| F|  |TAMS 0x000000070ee00000| PB 0x000000070ee00000| Untracked |  0
| 108|0x000000070f000000, 0x000000070f000000, 0x000000070f200000|  0%| F|  |TAMS 0x000000070f000000| PB 0x000000070f000000| Untracked |  0
| 109|0x000000070f200000, 0x000000070f200000, 0x000000070f400000|  0%| F|  |TAMS 0x000000070f200000| PB 0x000000070f200000| Untracked |  0
| 110|0x000000070f400000, 0x000000070f400000, 0x000000070f600000|  0%| F|  |TAMS 0x000000070f400000| PB 0x000000070f400000| Untracked |  0
| 111|0x000000070f600000, 0x000000070f6e0580, 0x000000070f800000| 43%| E|  |TAMS 0x000000070f600000| PB 0x000000070f600000| Complete |  0
| 112|0x000000070f800000, 0x000000070fa00000, 0x000000070fa00000|100%| E|CS|TAMS 0x000000070f800000| PB 0x000000070f800000| Complete |  0
| 113|0x000000070fa00000, 0x000000070fc00000, 0x000000070fc00000|100%| E|CS|TAMS 0x000000070fa00000| PB 0x000000070fa00000| Complete |  0
| 114|0x000000070fc00000, 0x000000070fd17f90, 0x000000070fe00000| 54%| S|CS|TAMS 0x000000070fc00000| PB 0x000000070fc00000| Complete |  0
| 115|0x000000070fe00000, 0x0000000710000000, 0x0000000710000000|100%| S|CS|TAMS 0x000000070fe00000| PB 0x000000070fe00000| Complete |  0
| 116|0x0000000710000000, 0x0000000710200000, 0x0000000710200000|100%| E|CS|TAMS 0x0000000710000000| PB 0x0000000710000000| Complete |  0
| 117|0x0000000710200000, 0x0000000710400000, 0x0000000710400000|100%| E|CS|TAMS 0x0000000710200000| PB 0x0000000710200000| Complete |  0
| 118|0x0000000710400000, 0x0000000710600000, 0x0000000710600000|100%| E|CS|TAMS 0x0000000710400000| PB 0x0000000710400000| Complete |  0
| 119|0x0000000710600000, 0x0000000710800000, 0x0000000710800000|100%| E|CS|TAMS 0x0000000710600000| PB 0x0000000710600000| Complete |  0
| 120|0x0000000710800000, 0x0000000710a00000, 0x0000000710a00000|100%| E|CS|TAMS 0x0000000710800000| PB 0x0000000710800000| Complete |  0
| 121|0x0000000710a00000, 0x0000000710c00000, 0x0000000710c00000|100%| E|CS|TAMS 0x0000000710a00000| PB 0x0000000710a00000| Complete |  0
| 122|0x0000000710c00000, 0x0000000710e00000, 0x0000000710e00000|100%| E|CS|TAMS 0x0000000710c00000| PB 0x0000000710c00000| Complete |  0
| 123|0x0000000710e00000, 0x0000000711000000, 0x0000000711000000|100%| E|CS|TAMS 0x0000000710e00000| PB 0x0000000710e00000| Complete |  0
| 124|0x0000000711000000, 0x0000000711200000, 0x0000000711200000|100%| E|CS|TAMS 0x0000000711000000| PB 0x0000000711000000| Complete |  0
| 125|0x0000000711200000, 0x0000000711400000, 0x0000000711400000|100%| E|CS|TAMS 0x0000000711200000| PB 0x0000000711200000| Complete |  0
| 126|0x0000000711400000, 0x0000000711600000, 0x0000000711600000|100%| E|CS|TAMS 0x0000000711400000| PB 0x0000000711400000| Complete |  0
| 127|0x0000000711600000, 0x0000000711800000, 0x0000000711800000|100%| E|  |TAMS 0x0000000711600000| PB 0x0000000711600000| Complete |  0

Card table byte_map: [0x00000132cae10000,0x00000132cb610000] _byte_map_base: 0x00000132c7604000

Marking Bits: (CMBitMap*) 0x00000132b2dc86d0
 Bits: [0x00000132cb610000, 0x00000132cf5b0000)

Polling page: 0x00000132b0d40000

Metaspace:

Usage:
  Non-class:     13.32 MB used.
      Class:      1.67 MB used.
       Both:     14.99 MB used.

Virtual space:
  Non-class space:       64.00 MB reserved,      13.44 MB ( 21%) committed,  1 nodes.
      Class space:        1.00 GB reserved,       1.81 MB ( <1%) committed,  1 nodes.
             Both:        1.06 GB reserved,      15.25 MB (  1%) committed. 

Chunk freelists:
   Non-Class:  368.00 KB
       Class:  14.17 MB
        Both:  14.53 MB

MaxMetaspaceSize: unlimited
CompressedClassSpaceSize: 1.00 GB
Initial GC threshold: 21.00 MB
Current GC threshold: 21.00 MB
CDS: on
 - commit_granule_bytes: 65536.
 - commit_granule_words: 8192.
 - virtual_space_node_default_size: 8388608.
 - enlarge_chunks_in_place: 1.
 - use_allocation_guard: 0.


Internal statistics:

num_allocs_failed_limit: 0.
num_arena_births: 172.
num_arena_deaths: 0.
num_vsnodes_births: 2.
num_vsnodes_deaths: 0.
num_space_committed: 244.
num_space_uncommitted: 0.
num_chunks_returned_to_freelist: 0.
num_chunks_taken_from_freelist: 695.
num_chunk_merges: 0.
num_chunk_splits: 535.
num_chunks_enlarged: 467.
num_inconsistent_stats: 0.

CodeHeap 'non-profiled nmethods': size=120000Kb used=389Kb max_used=389Kb free=119610Kb
 bounds [0x00000132c2b90000, 0x00000132c2e00000, 0x00000132ca0c0000]
CodeHeap 'profiled nmethods': size=120000Kb used=1918Kb max_used=1918Kb free=118081Kb
 bounds [0x00000132bb0c0000, 0x00000132bb330000, 0x00000132c25f0000]
CodeHeap 'non-nmethods': size=5760Kb used=1413Kb max_used=1433Kb free=4346Kb
 bounds [0x00000132c25f0000, 0x00000132c2860000, 0x00000132c2b90000]
 total_blobs=1655 nmethods=1150 adapters=410
 compilation: enabled
              stopped_count=0, restarted_count=0
 full_count=0

Compilation events (20 events):
Event: 3.987 Thread 0x00000132d221df20 1141       3       java.lang.invoke.MethodHandles$Lookup::isArrayClone (50 bytes)
Event: 3.988 Thread 0x00000132d221df20 nmethod 1141 0x00000132bb298890 code [0x00000132bb298aa0, 0x00000132bb299138]
Event: 3.988 Thread 0x00000132d221df20 1142       3       sun.invoke.util.VerifyAccess::isMemberAccessible (338 bytes)
Event: 3.989 Thread 0x00000132d221df20 nmethod 1142 0x00000132bb299390 code [0x00000132bb299720, 0x00000132bb29a9c8]
Event: 3.989 Thread 0x00000132d221df20 1143       3       java.lang.invoke.MethodHandles$Lookup::isClassAccessible (53 bytes)
Event: 3.989 Thread 0x00000132d221df20 nmethod 1143 0x00000132bb29af10 code [0x00000132bb29b120, 0x00000132bb29b6d0]
Event: 3.989 Thread 0x00000132d221df20 1144       3       java.lang.invoke.MemberName::changeReferenceKind (46 bytes)
Event: 3.990 Thread 0x00000132d221df20 nmethod 1144 0x00000132bb29b910 code [0x00000132bb29baa0, 0x00000132bb29bbd0]
Event: 3.992 Thread 0x00000132d221df20 1145       3       sun.invoke.util.BytecodeDescriptor::unparseMethod (66 bytes)
Event: 3.993 Thread 0x00000132d221df20 nmethod 1145 0x00000132bb29bc90 code [0x00000132bb29bec0, 0x00000132bb29c500]
Event: 3.995 Thread 0x00000132d221df20 1146       3       java.lang.invoke.AbstractValidatingLambdaMetafactory::isAdaptableTo (126 bytes)
Event: 3.996 Thread 0x00000132d221df20 nmethod 1146 0x00000132bb29c810 code [0x00000132bb29caa0, 0x00000132bb29d410]
Event: 4.121 Thread 0x00000132d221df20 1147       3       java.lang.String::startsWith (123 bytes)
Event: 4.122 Thread 0x00000132d221df20 nmethod 1147 0x00000132bb29d790 code [0x00000132bb29d9c0, 0x00000132bb29e110]
Event: 4.135 Thread 0x00000132d221df20 1148       3       java.lang.invoke.MethodHandle::keepsAlive (20 bytes)
Event: 4.136 Thread 0x00000132d221df20 nmethod 1148 0x00000132bb29e390 code [0x00000132bb29e5e0, 0x00000132bb29efe0]
Event: 4.137 Thread 0x00000132d221df20 1149       3       org.jetbrains.kotlin.com.intellij.openapi.util.ObjectNode::getObject (14 bytes)
Event: 4.138 Thread 0x00000132d221df20 nmethod 1149 0x00000132bb29f310 code [0x00000132bb29f4c0, 0x00000132bb29f640]
Event: 4.141 Thread 0x00000132d221df20 1150       3       java.lang.invoke.DirectMethodHandle$Constructor::<init> (44 bytes)
Event: 4.141 Thread 0x00000132d221df20 nmethod 1150 0x00000132bb29f710 code [0x00000132bb29f8c0, 0x00000132bb29faf0]

GC Heap History (2 events):
Event: 2.183 GC heap before
{Heap before GC invocations=0 (full 0):
 garbage-first heap   total reserved 4169728K, committed 262144K, used 26624K [0x0000000701800000, 0x0000000800000000)
  region size 2048K, 12 young (24576K), 0 survivors (0K)
 Metaspace       used 6826K, committed 6976K, reserved 1114112K
  class space    used 699K, committed 768K, reserved 1048576K
}
Event: 2.231 GC heap after
{Heap after GC invocations=1 (full 0):
 garbage-first heap   total reserved 4169728K, committed 262144K, used 7263K [0x0000000701800000, 0x0000000800000000)
  region size 2048K, 2 young (4096K), 2 survivors (4096K)
 Metaspace       used 6826K, committed 6976K, reserved 1114112K
  class space    used 699K, committed 768K, reserved 1048576K
}

Dll operation events (6 events):
Event: 0.063 Loaded shared library C:\Program Files\Java\jdk-22\bin\java.dll
Event: 0.408 Loaded shared library C:\Program Files\Java\jdk-22\bin\jsvml.dll
Event: 0.451 Loaded shared library C:\Program Files\Java\jdk-22\bin\net.dll
Event: 0.454 Loaded shared library C:\Program Files\Java\jdk-22\bin\nio.dll
Event: 0.496 Loaded shared library C:\Program Files\Java\jdk-22\bin\zip.dll
Event: 0.535 Loaded shared library C:\Program Files\Java\jdk-22\bin\jimage.dll

Deoptimization events (20 events):
Event: 2.603 Thread 0x00000132b0bcd5c0 Uncommon trap: trap_request=0xffffffde fr.pc=0x00000132c2bd8e48 relative=0x0000000000000128
Event: 2.603 Thread 0x00000132b0bcd5c0 Uncommon trap: reason=class_check action=maybe_recompile pc=0x00000132c2bd8e48 method=jdk.internal.misc.Unsafe.allocateUninitializedArray(Ljava/lang/Class;I)Ljava/lang/Object; @ 51 c2
Event: 2.603 Thread 0x00000132b0bcd5c0 DEOPT PACKING pc=0x00000132c2bd8e48 sp=0x00000022f21f9e60
Event: 2.603 Thread 0x00000132b0bcd5c0 DEOPT UNPACKING pc=0x00000132c26446a2 sp=0x00000022f21f9dd8 mode 2
Event: 2.603 Thread 0x00000132b0bcd5c0 Uncommon trap: trap_request=0xffffffde fr.pc=0x00000132c2bd8e48 relative=0x0000000000000128
Event: 2.603 Thread 0x00000132b0bcd5c0 Uncommon trap: reason=class_check action=maybe_recompile pc=0x00000132c2bd8e48 method=jdk.internal.misc.Unsafe.allocateUninitializedArray(Ljava/lang/Class;I)Ljava/lang/Object; @ 51 c2
Event: 2.603 Thread 0x00000132b0bcd5c0 DEOPT PACKING pc=0x00000132c2bd8e48 sp=0x00000022f21f9f00
Event: 2.603 Thread 0x00000132b0bcd5c0 DEOPT UNPACKING pc=0x00000132c26446a2 sp=0x00000022f21f9e78 mode 2
Event: 2.603 Thread 0x00000132b0bcd5c0 Uncommon trap: trap_request=0xffffffde fr.pc=0x00000132c2bd8e48 relative=0x0000000000000128
Event: 2.603 Thread 0x00000132b0bcd5c0 Uncommon trap: reason=class_check action=maybe_recompile pc=0x00000132c2bd8e48 method=jdk.internal.misc.Unsafe.allocateUninitializedArray(Ljava/lang/Class;I)Ljava/lang/Object; @ 51 c2
Event: 2.603 Thread 0x00000132b0bcd5c0 DEOPT PACKING pc=0x00000132c2bd8e48 sp=0x00000022f21f9b00
Event: 2.603 Thread 0x00000132b0bcd5c0 DEOPT UNPACKING pc=0x00000132c26446a2 sp=0x00000022f21f9a78 mode 2
Event: 2.603 Thread 0x00000132b0bcd5c0 Uncommon trap: trap_request=0xffffffde fr.pc=0x00000132c2bd8e48 relative=0x0000000000000128
Event: 2.603 Thread 0x00000132b0bcd5c0 Uncommon trap: reason=class_check action=maybe_recompile pc=0x00000132c2bd8e48 method=jdk.internal.misc.Unsafe.allocateUninitializedArray(Ljava/lang/Class;I)Ljava/lang/Object; @ 51 c2
Event: 2.603 Thread 0x00000132b0bcd5c0 DEOPT PACKING pc=0x00000132c2bd8e48 sp=0x00000022f21f9ac0
Event: 2.603 Thread 0x00000132b0bcd5c0 DEOPT UNPACKING pc=0x00000132c26446a2 sp=0x00000022f21f9a38 mode 2
Event: 4.121 Thread 0x00000132b0bcd5c0 Uncommon trap: trap_request=0xffffff45 fr.pc=0x00000132c2bd4678 relative=0x0000000000000238
Event: 4.121 Thread 0x00000132b0bcd5c0 Uncommon trap: reason=unstable_if action=reinterpret pc=0x00000132c2bd4678 method=java.lang.String.startsWith(Ljava/lang/String;I)Z @ 1 c2
Event: 4.121 Thread 0x00000132b0bcd5c0 DEOPT PACKING pc=0x00000132c2bd4678 sp=0x00000022f21fdb20
Event: 4.121 Thread 0x00000132b0bcd5c0 DEOPT UNPACKING pc=0x00000132c26446a2 sp=0x00000022f21fdac8 mode 2

Classes loaded (20 events):
Event: 3.679 Loading class javax/xml/stream/XMLStreamException
Event: 3.679 Loading class javax/xml/stream/XMLStreamException done
Event: 3.679 Loading class java/text/ParseException
Event: 3.679 Loading class java/text/ParseException done
Event: 3.687 Loading class javax/xml/stream/Location
Event: 3.687 Loading class javax/xml/stream/Location done
Event: 3.687 Loading class java/io/CharConversionException
Event: 3.687 Loading class java/io/CharConversionException done
Event: 3.687 Loading class java/io/UnsupportedEncodingException
Event: 3.687 Loading class java/io/UnsupportedEncodingException done
Event: 3.688 Loading class javax/xml/namespace/NamespaceContext
Event: 3.688 Loading class javax/xml/namespace/NamespaceContext done
Event: 3.688 Loading class javax/xml/stream/XMLStreamConstants
Event: 3.688 Loading class javax/xml/stream/XMLStreamConstants done
Event: 3.693 Loading class javax/xml/stream/XMLStreamReader
Event: 3.693 Loading class javax/xml/stream/XMLStreamReader done
Event: 3.774 Loading class javax/swing/Icon
Event: 3.774 Loading class javax/swing/Icon done
Event: 3.775 Loading class sun/invoke/util/VerifyAccess$1
Event: 3.775 Loading class sun/invoke/util/VerifyAccess$1 done

Classes unloaded (0 events):
No events

Classes redefined (0 events):
No events

Internal exceptions (20 events):
Event: 3.228 Thread 0x00000132b0bcd5c0 Exception <a 'java/lang/NoSuchMethodError'{0x0000000710943db8}: 'void java.lang.invoke.DirectMethodHandle$Holder.invokeStaticInit(java.lang.Object)'> (0x0000000710943db8) 
thrown [s\open\src\hotspot\share\interpreter\linkResolver.cpp, line 774]
Event: 3.250 Thread 0x00000132b0bcd5c0 Exception <a 'java/lang/NoSuchMethodError'{0x0000000710989b98}: 'void java.lang.invoke.DelegatingMethodHandle$Holder.reinvoke_L(java.lang.Object, java.lang.Object, java.lang.Object, long, java.lang.Object)'> (0x0000000710989b98) 
thrown [s\open\src\hotspot\share\interpreter\linkResolver.cpp, line 774]
Event: 3.252 Thread 0x00000132b0bcd5c0 Exception <a 'java/lang/NoSuchMethodError'{0x0000000710997a08}: 'void java.lang.invoke.DelegatingMethodHandle$Holder.reinvoke_L(java.lang.Object, java.lang.Object, java.lang.Object, long, long)'> (0x0000000710997a08) 
thrown [s\open\src\hotspot\share\interpreter\linkResolver.cpp, line 774]
Event: 3.253 Thread 0x00000132b0bcd5c0 Exception <a 'java/lang/NoSuchMethodError'{0x000000071099f400}: 'java.lang.Object java.lang.invoke.DirectMethodHandle$Holder.invokeSpecial(java.lang.Object, java.lang.Object, java.lang.Object, java.lang.Object, long)'> (0x000000071099f400) 
thrown [s\open\src\hotspot\share\interpreter\linkResolver.cpp, line 774]
Event: 3.255 Thread 0x00000132b0bcd5c0 Exception <a 'java/lang/NoSuchMethodError'{0x00000007109ae058}: 'int java.lang.invoke.DelegatingMethodHandle$Holder.reinvoke_L(java.lang.Object, java.lang.Object, java.lang.Object, long, java.lang.Object, java.lang.Object)'> (0x00000007109ae058) 
thrown [s\open\src\hotspot\share\interpreter\linkResolver.cpp, line 774]
Event: 3.257 Thread 0x00000132b0bcd5c0 Exception <a 'java/lang/NoSuchMethodError'{0x00000007109bc438}: 'int java.lang.invoke.DelegatingMethodHandle$Holder.reinvoke_L(java.lang.Object, java.lang.Object, java.lang.Object, long, int, int)'> (0x00000007109bc438) 
thrown [s\open\src\hotspot\share\interpreter\linkResolver.cpp, line 774]
Event: 3.286 Thread 0x00000132b0bcd5c0 Exception <a 'java/lang/NoSuchMethodError'{0x00000007109ca5c8}: 'int java.lang.invoke.DelegatingMethodHandle$Holder.reinvoke_L(java.lang.Object, java.lang.Object, java.lang.Object, long, long, long)'> (0x00000007109ca5c8) 
thrown [s\open\src\hotspot\share\interpreter\linkResolver.cpp, line 774]
Event: 3.288 Thread 0x00000132b0bcd5c0 Exception <a 'java/lang/NoSuchMethodError'{0x00000007109d83e0}: 'int java.lang.invoke.DelegatingMethodHandle$Holder.reinvoke_L(java.lang.Object, java.lang.Object, java.lang.Object, long, int)'> (0x00000007109d83e0) 
thrown [s\open\src\hotspot\share\interpreter\linkResolver.cpp, line 774]
Event: 3.290 Thread 0x00000132b0bcd5c0 Exception <a 'java/lang/NoSuchMethodError'{0x00000007109ea670}: 'long java.lang.invoke.DelegatingMethodHandle$Holder.reinvoke_L(java.lang.Object, java.lang.Object, java.lang.Object, long)'> (0x00000007109ea670) 
thrown [s\open\src\hotspot\share\interpreter\linkResolver.cpp, line 774]
Event: 3.291 Thread 0x00000132b0bcd5c0 Exception <a 'java/lang/NoSuchMethodError'{0x00000007109f1398}: 'int java.lang.invoke.DirectMethodHandle$Holder.invokeSpecial(java.lang.Object, java.lang.Object, java.lang.Object, java.lang.Object)'> (0x00000007109f1398) 
thrown [s\open\src\hotspot\share\interpreter\linkResolver.cpp, line 774]
Event: 3.292 Thread 0x00000132b0bcd5c0 Exception <a 'java/lang/NoSuchMethodError'{0x00000007106008b8}: 'void java.lang.invoke.DelegatingMethodHandle$Holder.reinvoke_L(java.lang.Object, java.lang.Object, java.lang.Object, long, java.lang.Object, long, long)'> (0x00000007106008b8) 
thrown [s\open\src\hotspot\share\interpreter\linkResolver.cpp, line 774]
Event: 3.293 Thread 0x00000132b0bcd5c0 Exception <a 'java/lang/NoSuchMethodError'{0x0000000710607698}: 'long java.lang.invoke.Invokers$Holder.invokeExact_MT(java.lang.Object, java.lang.Object, java.lang.Object)'> (0x0000000710607698) 
thrown [s\open\src\hotspot\share\interpreter\linkResolver.cpp, line 774]
Event: 3.293 Thread 0x00000132b0bcd5c0 Exception <a 'java/lang/NoSuchMethodError'{0x000000071060b5c0}: 'int java.lang.invoke.Invokers$Holder.invokeExact_MT(java.lang.Object, java.lang.Object, java.lang.Object)'> (0x000000071060b5c0) 
thrown [s\open\src\hotspot\share\interpreter\linkResolver.cpp, line 774]
Event: 3.393 Thread 0x00000132b0bcd5c0 Exception <a 'java/lang/NoSuchMethodError'{0x00000007106ebb48}: 'int java.lang.invoke.DirectMethodHandle$Holder.invokeStaticInit(java.lang.Object, java.lang.Object, java.lang.Object)'> (0x00000007106ebb48) 
thrown [s\open\src\hotspot\share\interpreter\linkResolver.cpp, line 774]
Event: 3.426 Thread 0x00000132b0bcd5c0 Exception <a 'java/lang/NoSuchMethodError'{0x0000000710717c58}: 'int java.lang.invoke.DirectMethodHandle$Holder.invokeStaticInit(java.lang.Object, java.lang.Object)'> (0x0000000710717c58) 
thrown [s\open\src\hotspot\share\interpreter\linkResolver.cpp, line 774]
Event: 3.446 Thread 0x00000132b0bcd5c0 Exception <a 'java/lang/NoSuchMethodError'{0x00000007107d46a8}: 'int java.lang.invoke.DirectMethodHandle$Holder.invokeStatic(java.lang.Object)'> (0x00000007107d46a8) 
thrown [s\open\src\hotspot\share\interpreter\linkResolver.cpp, line 774]
Event: 3.446 Thread 0x00000132b0bcd5c0 Exception <a 'java/lang/NoSuchMethodError'{0x00000007107d7ae0}: 'int java.lang.invoke.DirectMethodHandle$Holder.invokeStaticInit(java.lang.Object)'> (0x00000007107d7ae0) 
thrown [s\open\src\hotspot\share\interpreter\linkResolver.cpp, line 774]
Event: 3.764 Thread 0x00000132b0bcd5c0 Exception <a 'java/lang/NoSuchMethodError'{0x0000000710105dd8}: 'void java.lang.invoke.DirectMethodHandle$Holder.invokeStatic(java.lang.Object, java.lang.Object, java.lang.Object, java.lang.Object)'> (0x0000000710105dd8) 
thrown [s\open\src\hotspot\share\interpreter\linkResolver.cpp, line 774]
Event: 3.856 Thread 0x00000132b0bcd5c0 Exception <a 'java/lang/NoSuchMethodError'{0x000000070fa5e0d0}: 'java.lang.Object java.lang.invoke.DirectMethodHandle$Holder.invokeInterface(java.lang.Object, java.lang.Object)'> (0x000000070fa5e0d0) 
thrown [s\open\src\hotspot\share\interpreter\linkResolver.cpp, line 774]
Event: 3.930 Thread 0x00000132b0bcd5c0 Exception <a 'java/lang/NoSuchMethodError'{0x000000070f8c7ac8}: 'void java.lang.invoke.DirectMethodHandle$Holder.invokeStaticInit(java.lang.Object, java.lang.Object)'> (0x000000070f8c7ac8) 
thrown [s\open\src\hotspot\share\interpreter\linkResolver.cpp, line 774]

ZGC Phase Switch (0 events):
No events

VM Operations (10 events):
Event: 0.498 Executing VM operation: HandshakeAllThreads (Deoptimize)
Event: 0.498 Executing VM operation: HandshakeAllThreads (Deoptimize) done
Event: 1.296 Executing VM operation: HandshakeAllThreads (Deoptimize)
Event: 1.296 Executing VM operation: HandshakeAllThreads (Deoptimize) done
Event: 1.296 Executing VM operation: Cleanup
Event: 1.296 Executing VM operation: Cleanup done
Event: 2.183 Executing VM operation: G1CollectForAllocation (G1 Evacuation Pause)
Event: 2.231 Executing VM operation: G1CollectForAllocation (G1 Evacuation Pause) done
Event: 3.245 Executing VM operation: Cleanup
Event: 3.246 Executing VM operation: Cleanup done

Memory protections (0 events):
No events

Nmethod flushes (0 events):
No events

Events (15 events):
Event: 0.180 Thread 0x00000132b0bcd5c0 Thread added: 0x00000132b0bcd5c0
Event: 0.369 Thread 0x00000132b0bcd5c0 Thread added: 0x00000132d220f040
Event: 0.369 Thread 0x00000132b0bcd5c0 Thread added: 0x00000132d2213f70
Event: 0.370 Thread 0x00000132b0bcd5c0 Thread added: 0x00000132d2215be0
Event: 0.370 Thread 0x00000132b0bcd5c0 Thread added: 0x00000132d2218650
Event: 0.370 Thread 0x00000132b0bcd5c0 Thread added: 0x00000132d22190b0
Event: 0.370 Thread 0x00000132b0bcd5c0 Thread added: 0x00000132d2219b10
Event: 0.370 Thread 0x00000132b0bcd5c0 Thread added: 0x00000132d221a8a0
Event: 0.382 Thread 0x00000132b0bcd5c0 Thread added: 0x00000132d221df20
Event: 0.421 Thread 0x00000132b0bcd5c0 Thread added: 0x00000132d23ffa60
Event: 0.432 Thread 0x00000132b0bcd5c0 Thread added: 0x00000132d2404900
Event: 0.476 Thread 0x00000132d221a8a0 Thread added: 0x00000132d24e8990
Event: 0.478 Thread 0x00000132d221a8a0 Thread added: 0x00000132d24e9050
Event: 0.656 Thread 0x00000132d24e9050 Thread exited: 0x00000132d24e9050
Event: 0.773 Thread 0x00000132d24e8990 Thread exited: 0x00000132d24e8990


Dynamic libraries:
0x00007ff6df390000 - 0x00007ff6df3a0000 	C:\Program Files\Java\jdk-22\bin\java.exe
0x00007ff84eff0000 - 0x00007ff84f1e8000 	C:\WINDOWS\SYSTEM32\ntdll.dll
0x00007ff84dd70000 - 0x00007ff84de32000 	C:\WINDOWS\System32\KERNEL32.DLL
0x00007ff84ca30000 - 0x00007ff84cd2e000 	C:\WINDOWS\System32\KERNELBASE.dll
0x00007ff84ce10000 - 0x00007ff84cf10000 	C:\WINDOWS\System32\ucrtbase.dll
0x00007ff82ab60000 - 0x00007ff82ab77000 	C:\Program Files\Java\jdk-22\bin\jli.dll
0x00007ff84ea40000 - 0x00007ff84ebdd000 	C:\WINDOWS\System32\USER32.dll
0x00007ff84cd30000 - 0x00007ff84cd52000 	C:\WINDOWS\System32\win32u.dll
0x00007ff84e8c0000 - 0x00007ff84e8eb000 	C:\WINDOWS\System32\GDI32.dll
0x00007ff84c6c0000 - 0x00007ff84c7d7000 	C:\WINDOWS\System32\gdi32full.dll
0x00007ff84c830000 - 0x00007ff84c8cd000 	C:\WINDOWS\System32\msvcp_win.dll
0x00007ff829cb0000 - 0x00007ff829ccb000 	C:\Program Files\Java\jdk-22\bin\VCRUNTIME140.dll
0x00007ff838450000 - 0x00007ff8386ea000 	C:\WINDOWS\WinSxS\amd64_microsoft.windows.common-controls_6595b64144ccf1df_6.0.19041.4355_none_60b8b9eb71f62e16\COMCTL32.dll
0x00007ff84e8f0000 - 0x00007ff84e98e000 	C:\WINDOWS\System32\msvcrt.dll
0x00007ff84e1c0000 - 0x00007ff84e1ef000 	C:\WINDOWS\System32\IMM32.DLL
0x00007ff82af30000 - 0x00007ff82af3c000 	C:\Program Files\Java\jdk-22\bin\vcruntime140_1.dll
0x00007ff801840000 - 0x00007ff8018ce000 	C:\Program Files\Java\jdk-22\bin\msvcp140.dll
0x00007fffd4660000 - 0x00007fffd53a9000 	C:\Program Files\Java\jdk-22\bin\server\jvm.dll
0x00007ff84df70000 - 0x00007ff84e021000 	C:\WINDOWS\System32\ADVAPI32.dll
0x00007ff84e090000 - 0x00007ff84e12f000 	C:\WINDOWS\System32\sechost.dll
0x00007ff84e1f0000 - 0x00007ff84e313000 	C:\WINDOWS\System32\RPCRT4.dll
0x00007ff84c690000 - 0x00007ff84c6b7000 	C:\WINDOWS\System32\bcrypt.dll
0x00007ff84e130000 - 0x00007ff84e19b000 	C:\WINDOWS\System32\WS2_32.dll
0x00007ff84bbd0000 - 0x00007ff84bc1b000 	C:\WINDOWS\SYSTEM32\POWRPROF.dll
0x00007ff83ee80000 - 0x00007ff83eea7000 	C:\WINDOWS\SYSTEM32\WINMM.dll
0x00007ff845ce0000 - 0x00007ff845cea000 	C:\WINDOWS\SYSTEM32\VERSION.dll
0x00007ff84ba90000 - 0x00007ff84baa2000 	C:\WINDOWS\SYSTEM32\UMPDC.dll
0x00007ff84a530000 - 0x00007ff84a542000 	C:\WINDOWS\SYSTEM32\kernel.appcore.dll
0x00007ff82acb0000 - 0x00007ff82acba000 	C:\Program Files\Java\jdk-22\bin\jimage.dll
0x00007ff839790000 - 0x00007ff839974000 	C:\WINDOWS\SYSTEM32\DBGHELP.DLL
0x00007ff8386f0000 - 0x00007ff838724000 	C:\WINDOWS\SYSTEM32\dbgcore.DLL
0x00007ff84cf10000 - 0x00007ff84cf92000 	C:\WINDOWS\System32\bcryptPrimitives.dll
0x00007ff829a20000 - 0x00007ff829a3e000 	C:\Program Files\Java\jdk-22\bin\java.dll
0x00007ff84d010000 - 0x00007ff84d77d000 	C:\WINDOWS\System32\SHELL32.dll
0x00007ff84eda0000 - 0x00007ff84eecb000 	C:\WINDOWS\System32\ole32.dll
0x00007ff84d800000 - 0x00007ff84db53000 	C:\WINDOWS\System32\combase.dll
0x00007ff84a730000 - 0x00007ff84aed4000 	C:\WINDOWS\SYSTEM32\windows.storage.dll
0x00007ff84c0c0000 - 0x00007ff84c0ee000 	C:\WINDOWS\SYSTEM32\Wldp.dll
0x00007ff84ec70000 - 0x00007ff84ed3d000 	C:\WINDOWS\System32\OLEAUT32.dll
0x00007ff84e990000 - 0x00007ff84ea3d000 	C:\WINDOWS\System32\SHCORE.dll
0x00007ff84e030000 - 0x00007ff84e085000 	C:\WINDOWS\System32\shlwapi.dll
0x00007ff84c5c0000 - 0x00007ff84c5e4000 	C:\WINDOWS\SYSTEM32\profapi.dll
0x00007fffff5c0000 - 0x00007fffff697000 	C:\Program Files\Java\jdk-22\bin\jsvml.dll
0x00007ff82a960000 - 0x00007ff82a970000 	C:\Program Files\Java\jdk-22\bin\net.dll
0x00007ff84be20000 - 0x00007ff84be8a000 	C:\WINDOWS\system32\mswsock.dll
0x00007ff828a60000 - 0x00007ff828a76000 	C:\Program Files\Java\jdk-22\bin\nio.dll
0x00007ff826d50000 - 0x00007ff826d67000 	C:\Program Files\Java\jdk-22\bin\zip.dll

dbghelp: loaded successfully - version: 4.0.5 - missing functions: none
symbol engine: initialized successfully - sym options: 0x614 - pdb path: .;C:\Program Files\Java\jdk-22\bin;C:\WINDOWS\SYSTEM32;C:\WINDOWS\WinSxS\amd64_microsoft.windows.common-controls_6595b64144ccf1df_6.0.19041.4355_none_60b8b9eb71f62e16;C:\Program Files\Java\jdk-22\bin\server

VM Arguments:
java_command: org.jetbrains.kotlin.cli.jvm.K2JVMCompiler @E:\Coding\EmptyProject\core\analytics\build\20241204_13603666715137136251.compiler.options
java_class_path (initial): C:\Users\longl\.gradle\caches\modules-2\files-2.1\org.jetbrains.kotlin\kotlin-compiler-embeddable\2.0.20\244b603e8c729f98baaf9088d90b5b9350c68af8\kotlin-compiler-embeddable-2.0.20.jar;C:\Users\longl\.gradle\caches\modules-2\files-2.1\org.jetbrains.kotlin\kotlin-stdlib\2.0.20\7388d355f7cceb002cd387ccb7ab3850e4e0a07f\kotlin-stdlib-2.0.20.jar;C:\Users\longl\.gradle\caches\modules-2\files-2.1\org.jetbrains.kotlin\kotlin-script-runtime\2.0.20\4aea042b39014e0a924c2e1d4a21b6fff7e4d35\kotlin-script-runtime-2.0.20.jar;C:\Users\longl\.gradle\caches\modules-2\files-2.1\org.jetbrains.kotlin\kotlin-reflect\1.6.10\1cbe9c92c12a94eea200d23c2bbaedaf3daf5132\kotlin-reflect-1.6.10.jar;C:\Users\longl\.gradle\caches\modules-2\files-2.1\org.jetbrains.kotlin\kotlin-daemon-embeddable\2.0.20\9eb02dce62f058efe6a121cf00cf5da9779e2746\kotlin-daemon-embeddable-2.0.20.jar;C:\Users\longl\.gradle\caches\modules-2\files-2.1\org.jetbrains.intellij.deps\trove4j\1.0.20200330\3afb14d5f9ceb459d724e907a21145e8ff394f02\trove4j-1.0.20200330.jar;C:\Users\longl\.gradle\caches\modules-2\files-2.1\org.jetbrains.kotlinx\kotlinx-coroutines-core-jvm\1.6.4\2c997cd1c0ef33f3e751d3831929aeff1390cb30\kotlinx-coroutines-core-jvm-1.6.4.jar;C:\Users\longl\.gradle\caches\modules-2\files-2.1\org.jetbrains\annotations\13.0\919f0dfe192fb4e063e7dacadee7f8bb9a2672a9\annotations-13.0.jar
Launcher Type: SUN_STANDARD

[Global flags]
     intx CICompilerCount                          = 4                                         {product} {ergonomic}
     uint ConcGCThreads                            = 3                                         {product} {ergonomic}
     uint G1ConcRefinementThreads                  = 10                                        {product} {ergonomic}
   size_t G1HeapRegionSize                         = 2097152                                   {product} {ergonomic}
   size_t InitialHeapSize                          = 268435456                                 {product} {ergonomic}
   size_t MarkStackSize                            = 4194304                                   {product} {ergonomic}
   size_t MaxHeapSize                              = 4269801472                                {product} {ergonomic}
   size_t MaxNewSize                               = 2560622592                                {product} {ergonomic}
   size_t MinHeapDeltaBytes                        = 2097152                                   {product} {ergonomic}
   size_t MinHeapSize                              = 8388608                                   {product} {ergonomic}
    uintx NonNMethodCodeHeapSize                   = 5839372                                {pd product} {ergonomic}
    uintx NonProfiledCodeHeapSize                  = 122909434                              {pd product} {ergonomic}
    uintx ProfiledCodeHeapSize                     = 122909434                              {pd product} {ergonomic}
    uintx ReservedCodeCacheSize                    = 251658240                              {pd product} {ergonomic}
     bool SegmentedCodeCache                       = true                                      {product} {ergonomic}
   size_t SoftMaxHeapSize                          = 4269801472                             {manageable} {ergonomic}
     bool UseCompressedOops                        = true                           {product lp64_product} {ergonomic}
     bool UseG1GC                                  = true                                      {product} {ergonomic}
     bool UseLargePagesIndividualAllocation        = false                                  {pd product} {ergonomic}

Logging:
Log output configuration:
 #0: stdout all=warning uptime,level,tags foldmultilines=false
 #1: stderr all=off uptime,level,tags foldmultilines=false

Environment Variables:
CLASSPATH=E:\Coding\EmptyProject\\gradle\wrapper\gradle-wrapper.jar
PATH=C:\Program Files\Common Files\Oracle\Java\javapath;C:\WINDOWS\system32;C:\WINDOWS;C:\WINDOWS\System32\Wbem;C:\WINDOWS\System32\WindowsPowerShell\v1.0\;C:\WINDOWS\System32\OpenSSH\;C:\Program Files\Cloudflare\Cloudflare WARP\;C:\Program Files\dotnet\;C:\Program Files\Git LFS;C:\Program Files\Java\jdk-22\bin;C:\Program Files\Git\cmd;C:\Users\longl\AppData\Local\Microsoft\WindowsApps;
USERNAME=longl
OS=Windows_NT
PROCESSOR_IDENTIFIER=Intel64 Family 6 Model 165 Stepping 3, GenuineIntel
TMP=C:\Users\longl\AppData\Local\Temp
TEMP=C:\Users\longl\AppData\Local\Temp




Periodic native trim disabled

---------------  S Y S T E M  ---------------

OS:
 Windows 10 , 64 bit Build 19041 (10.0.19041.5072)
OS uptime: 0 days 2:23 hours

CPU: total 12 (initial active 12) (6 cores per cpu, 2 threads per core) family 6 model 165 stepping 3 microcode 0xea, cx8, cmov, fxsr, ht, mmx, 3dnowpref, sse, sse2, sse3, ssse3, sse4.1, sse4.2, popcnt, lzcnt, tsc, tscinvbit, avx, avx2, aes, erms, clmul, bmi1, bmi2, adx, fma, vzeroupper, clflush, clflushopt, rdtscp, f16c
Processor Information for all 12 processors :
  Max Mhz: 2904, Current Mhz: 2904, Mhz Limit: 2904

Memory: 4k page, system-wide physical 16281M (1609M free)
TotalPageFile size 26377M (AvailPageFile size 214M)
current process WorkingSet (physical memory assigned to process): 101M, peak: 101M
current process commit charge ("private bytes"): 372M, peak: 372M

vm_info: Java HotSpot(TM) 64-Bit Server VM (22.0.2+9-70) for windows-amd64 JRE (22.0.2+9-70), built on 2024-06-04T16:52:23Z by "mach5one" with MS VC++ 17.6 (VS2022)

END.
