#
# There is insufficient memory for the Java Runtime Environment to continue.
# Native memory allocation (mmap) failed to map 18874368 bytes. Error detail: G1 virtual space
# Possible reasons:
#   The system is out of physical RAM or swap space
#   This process is running with CompressedOops enabled, and the Java Heap may be blocking the growth of the native heap
# Possible solutions:
#   Reduce memory load on the system
#   Increase physical memory or swap space
#   Check if swap backing store is full
#   Decrease Java heap size (-Xmx/-Xms)
#   Decrease number of Java threads
#   Decrease Java thread stack sizes (-Xss)
#   Set larger code cache with -XX:ReservedCodeCacheSize=
#   JVM is running with Zero Based Compressed Oops mode in which the Java heap is
#     placed in the first 32GB address space. The Java Heap base address is the
#     maximum limit for the native heap growth. Please use -XX:HeapBaseMinAddress
#     to set the Java Heap base and to place the Java Heap above 32GB virtual address.
# This output file may be truncated or incomplete.
#
#  Out of Memory Error (os_windows.cpp:3631), pid=11692, tid=2152
#
# JRE version: Java(TM) SE Runtime Environment (22.0.2+9) (build 22.0.2+9-70)
# Java VM: Java HotSpot(TM) 64-Bit Server VM (22.0.2+9-70, mixed mode, sharing, tiered, compressed oops, compressed class ptrs, g1 gc, windows-amd64)
# No core dump will be written. Minidumps are not enabled by default on client versions of Windows
#

---------------  S U M M A R Y ------------

Command Line: org.jetbrains.kotlin.cli.jvm.K2JVMCompiler @E:\Coding\EmptyProject\core\designsystem\build\20241204_17368515561673492105.compiler.options

Host: Intel(R) Core(TM) i5-10400F CPU @ 2.90GHz, 12 cores, 15G,  Windows 10 , 64 bit Build 19041 (10.0.19041.5072)
Time: Wed Dec  4 14:29:41 2024 SE Asia Standard Time elapsed time: 7.166871 seconds (0d 0h 0m 7s)

---------------  T H R E A D  ---------------

Current thread (0x000002297e1f37d0):  VMThread "VM Thread"          [id=2152, stack(0x0000004c38f00000,0x0000004c39000000) (1024K)]

Stack: [0x0000004c38f00000,0x0000004c39000000]
Native frames: (J=compiled Java code, j=interpreted, Vv=VM code, C=native code)
V  [jvm.dll+0x6e26e9]  (no source info available)
V  [jvm.dll+0x875753]  (no source info available)
V  [jvm.dll+0x877b7e]  (no source info available)
V  [jvm.dll+0x878253]  (no source info available)
V  [jvm.dll+0x27fc86]  (no source info available)
V  [jvm.dll+0x6ded85]  (no source info available)
V  [jvm.dll+0x6d388a]  (no source info available)
V  [jvm.dll+0x358b8a]  (no source info available)
V  [jvm.dll+0x3610b6]  (no source info available)
V  [jvm.dll+0x3b419e]  (no source info available)
V  [jvm.dll+0x3b4448]  (no source info available)
V  [jvm.dll+0x32c5ec]  (no source info available)
V  [jvm.dll+0x32c677]  (no source info available)
V  [jvm.dll+0x37244c]  (no source info available)
V  [jvm.dll+0x370b46]  (no source info available)
V  [jvm.dll+0x32bcd7]  (no source info available)
V  [jvm.dll+0x370304]  (no source info available)
V  [jvm.dll+0x87e0f0]  (no source info available)
V  [jvm.dll+0x87f477]  (no source info available)
V  [jvm.dll+0x87f9f0]  (no source info available)
V  [jvm.dll+0x87fc93]  (no source info available)
V  [jvm.dll+0x81dc0b]  (no source info available)
V  [jvm.dll+0x6e0d85]  (no source info available)
C  [ucrtbase.dll+0x21bb2]  (no source info available)
C  [KERNEL32.DLL+0x17374]  (no source info available)
C  [ntdll.dll+0x4cc91]  (no source info available)

VM_Operation (0x0000004c388fb110): G1CollectForAllocation, mode: safepoint, requested by thread 0x000002296bb5e5a0


---------------  P R O C E S S  ---------------

Threads class SMR info:
_java_thread_list=0x0000022956ee59d0, length=12, elements={
0x000002296bb5e5a0, 0x000002297e20e7c0, 0x000002297e20f6e0, 0x000002297e215360,
0x000002297e217dd0, 0x000002297e218830, 0x000002297e219290, 0x000002297e21a020,
0x000002297e21da00, 0x0000022954258120, 0x0000022954260fe0, 0x0000022957d5ef30
}

Java Threads: ( => current thread )
  0x000002296bb5e5a0 JavaThread "main"                              [_thread_blocked, id=16308, stack(0x0000004c38800000,0x0000004c38900000) (1024K)]
  0x000002297e20e7c0 JavaThread "Reference Handler"          daemon [_thread_blocked, id=9824, stack(0x0000004c39000000,0x0000004c39100000) (1024K)]
  0x000002297e20f6e0 JavaThread "Finalizer"                  daemon [_thread_blocked, id=10404, stack(0x0000004c39100000,0x0000004c39200000) (1024K)]
  0x000002297e215360 JavaThread "Signal Dispatcher"          daemon [_thread_blocked, id=11336, stack(0x0000004c39200000,0x0000004c39300000) (1024K)]
  0x000002297e217dd0 JavaThread "Attach Listener"            daemon [_thread_blocked, id=11868, stack(0x0000004c39300000,0x0000004c39400000) (1024K)]
  0x000002297e218830 JavaThread "Service Thread"             daemon [_thread_blocked, id=9536, stack(0x0000004c39400000,0x0000004c39500000) (1024K)]
  0x000002297e219290 JavaThread "Monitor Deflation Thread"   daemon [_thread_blocked, id=304, stack(0x0000004c39500000,0x0000004c39600000) (1024K)]
  0x000002297e21a020 JavaThread "C2 CompilerThread0"         daemon [_thread_in_native, id=14120, stack(0x0000004c39600000,0x0000004c39700000) (1024K)]
  0x000002297e21da00 JavaThread "C1 CompilerThread0"         daemon [_thread_blocked, id=8156, stack(0x0000004c39700000,0x0000004c39800000) (1024K)]
  0x0000022954258120 JavaThread "Notification Thread"        daemon [_thread_blocked, id=14720, stack(0x0000004c39800000,0x0000004c39900000) (1024K)]
  0x0000022954260fe0 JavaThread "Common-Cleaner"             daemon [_thread_blocked, id=10124, stack(0x0000004c39900000,0x0000004c39a00000) (1024K)]
  0x0000022957d5ef30 JavaThread "C2 CompilerThread1"         daemon [_thread_blocked, id=15412, stack(0x0000004c39f00000,0x0000004c3a000000) (1024K)]
Total: 12

Other Threads:
=>0x000002297e1f37d0 VMThread "VM Thread"                           [id=2152, stack(0x0000004c38f00000,0x0000004c39000000) (1024K)]
  0x000002297e1dd0f0 WatcherThread "VM Periodic Task Thread"        [id=13580, stack(0x0000004c38e00000,0x0000004c38f00000) (1024K)]
  0x000002296ddc8360 WorkerThread "GC Thread#0"                     [id=14500, stack(0x0000004c38900000,0x0000004c38a00000) (1024K)]
  0x00000229549b6b40 WorkerThread "GC Thread#1"                     [id=15080, stack(0x0000004c39a00000,0x0000004c39b00000) (1024K)]
  0x00000229549e3150 WorkerThread "GC Thread#2"                     [id=3596, stack(0x0000004c39b00000,0x0000004c39c00000) (1024K)]
  0x00000229549e3500 WorkerThread "GC Thread#3"                     [id=7932, stack(0x0000004c39c00000,0x0000004c39d00000) (1024K)]
  0x00000229549e38b0 WorkerThread "GC Thread#4"                     [id=12212, stack(0x0000004c39d00000,0x0000004c39e00000) (1024K)]
  0x00000229549e3c60 WorkerThread "GC Thread#5"                     [id=14944, stack(0x0000004c39e00000,0x0000004c39f00000) (1024K)]
  0x00000229550d49c0 WorkerThread "GC Thread#6"                     [id=7884, stack(0x0000004c3a100000,0x0000004c3a200000) (1024K)]
  0x00000229550d4d70 WorkerThread "GC Thread#7"                     [id=4720, stack(0x0000004c3a200000,0x0000004c3a300000) (1024K)]
  0x00000229550d5120 WorkerThread "GC Thread#8"                     [id=6316, stack(0x0000004c3a300000,0x0000004c3a400000) (1024K)]
  0x00000229555a5cd0 WorkerThread "GC Thread#9"                     [id=15620, stack(0x0000004c3a000000,0x0000004c3a100000) (1024K)]
  0x000002296ddda1e0 ConcurrentGCThread "G1 Main Marker"            [id=1292, stack(0x0000004c38a00000,0x0000004c38b00000) (1024K)]
  0x000002296dddacf0 WorkerThread "G1 Conc#0"                       [id=8484, stack(0x0000004c38b00000,0x0000004c38c00000) (1024K)]
  0x00000229555a51c0 WorkerThread "G1 Conc#1"                       [id=15636, stack(0x0000004c3a400000,0x0000004c3a500000) (1024K)]
  0x00000229555a6080 WorkerThread "G1 Conc#2"                       [id=14184, stack(0x0000004c3a500000,0x0000004c3a600000) (1024K)]
  0x000002296de2e700 ConcurrentGCThread "G1 Refine#0"               [id=5960, stack(0x0000004c38c00000,0x0000004c38d00000) (1024K)]
  0x000002297e09c490 ConcurrentGCThread "G1 Service"                [id=10148, stack(0x0000004c38d00000,0x0000004c38e00000) (1024K)]
Total: 18

Threads with active compile tasks:
C2 CompilerThread0  7231 3863       4       java.lang.ClassLoader::loadClass (7 bytes)
C1 CompilerThread0  7231 4339   !   3       org.jetbrains.kotlin.cli.jvm.index.JvmDependenciesIndexImpl::findClass (291 bytes)
C2 CompilerThread1  7231 4267   !   4       org.jetbrains.kotlin.metadata.ProtoBuf$Function::<init> (1410 bytes)
Total: 3

VM state: at safepoint (normal execution)

VM Mutex/Monitor currently owned by a thread:  ([mutex/lock_event])
[0x00007fffd52ccb80] Threads_lock - owner thread: 0x000002297e1f37d0
[0x00007fffd52ccc80] Heap_lock - owner thread: 0x000002296bb5e5a0

Heap address: 0x0000000701800000, size: 4072 MB, Compressed Oops mode: Zero based, Oop shift amount: 3

CDS archive(s) mapped at: [0x000002290f000000-0x000002290fc60000-0x000002290fc60000), size 12976128, SharedBaseAddress: 0x000002290f000000, ArchiveRelocationMode: 1.
Compressed class space mapped at: 0x0000022910000000-0x0000022950000000, reserved size: 1073741824
Narrow klass base: 0x000002290f000000, Narrow klass shift: 0, Narrow klass range: 0x41000000

GC Precious Log:
 CardTable entry size: 512
 Card Set container configuration: InlinePtr #cards 4 size 8 Array Of Cards #cards 16 size 48 Howl #buckets 8 coarsen threshold 3686 Howl Bitmap #cards 512 size 80 coarsen threshold 460 Card regions per heap region 1 cards per card region 4096
 CPUs: 12 total, 12 available
 Memory: 16281M
 Large Page Support: Disabled
 NUMA Support: Disabled
 Compressed Oops: Enabled (Zero based)
 Heap Region Size: 2M
 Heap Min Capacity: 8M
 Heap Initial Capacity: 256M
 Heap Max Capacity: 4072M
 Pre-touch: Disabled
 Parallel Workers: 10
 Concurrent Workers: 3
 Concurrent Refinement Workers: 10
 Periodic GC: Disabled

Heap:
 garbage-first heap   total reserved 4169728K, committed 81920K, used 51899K [0x0000000701800000, 0x0000000800000000)
  region size 2048K, 2 young (4096K), 2 survivors (4096K)
 Metaspace       used 40166K, committed 40512K, reserved 1114112K
  class space    used 4840K, committed 4992K, reserved 1048576K

Heap Regions: E=young(eden), S=young(survivor), O=old, HS=humongous(starts), HC=humongous(continues), CS=collection set, F=free, TAMS=top-at-mark-start, PB=parsable bottom
|   0|0x0000000701800000, 0x0000000701a00000, 0x0000000701a00000|100%|HS|  |TAMS 0x0000000701a00000| PB 0x0000000701800000| Complete |  0
|   1|0x0000000701a00000, 0x0000000701c00000, 0x0000000701c00000|100%|HC|  |TAMS 0x0000000701c00000| PB 0x0000000701a00000| Complete |  0
|   2|0x0000000701c00000, 0x0000000701e00000, 0x0000000701e00000|100%| O|  |TAMS 0x0000000701e00000| PB 0x0000000701c00000| Untracked |  0
|   3|0x0000000701e00000, 0x0000000702000000, 0x0000000702000000|100%| O|  |TAMS 0x0000000702000000| PB 0x0000000701e00000| Untracked |  0
|   4|0x0000000702000000, 0x0000000702200000, 0x0000000702200000|100%| O|  |TAMS 0x0000000702200000| PB 0x0000000702000000| Untracked |  0
|   5|0x0000000702200000, 0x0000000702400000, 0x0000000702400000|100%| O|  |TAMS 0x0000000702400000| PB 0x0000000702200000| Untracked |  0
|   6|0x0000000702400000, 0x0000000702600000, 0x0000000702600000|100%| O|  |TAMS 0x0000000702600000| PB 0x0000000702400000| Untracked |  0
|   7|0x0000000702600000, 0x0000000702800000, 0x0000000702800000|100%| O|  |TAMS 0x0000000702800000| PB 0x0000000702600000| Untracked |  0
|   8|0x0000000702800000, 0x0000000702a00000, 0x0000000702a00000|100%| O|  |TAMS 0x0000000702a00000| PB 0x0000000702800000| Untracked |  0
|   9|0x0000000702a00000, 0x0000000702c00000, 0x0000000702c00000|100%| O|  |TAMS 0x0000000702c00000| PB 0x0000000702a00000| Untracked |  0
|  10|0x0000000702c00000, 0x0000000702e00000, 0x0000000702e00000|100%| O|  |TAMS 0x0000000702e00000| PB 0x0000000702c00000| Untracked |  0
|  11|0x0000000702e00000, 0x0000000703000000, 0x0000000703000000|100%| O|  |TAMS 0x0000000702e00000| PB 0x0000000702e00000| Untracked |  0
|  12|0x0000000703000000, 0x0000000703200000, 0x0000000703200000|100%| O|  |TAMS 0x0000000703200000| PB 0x0000000703000000| Untracked |  0
|  13|0x0000000703200000, 0x0000000703400000, 0x0000000703400000|100%| O|  |TAMS 0x0000000703400000| PB 0x0000000703200000| Untracked |  0
|  14|0x0000000703400000, 0x0000000703600000, 0x0000000703600000|100%| O|  |TAMS 0x0000000703600000| PB 0x0000000703400000| Untracked |  0
|  15|0x0000000703600000, 0x0000000703800000, 0x0000000703800000|100%| O|  |TAMS 0x0000000703800000| PB 0x0000000703600000| Untracked |  0
|  16|0x0000000703800000, 0x0000000703a00000, 0x0000000703a00000|100%| O|  |TAMS 0x0000000703a00000| PB 0x0000000703800000| Untracked |  0
|  17|0x0000000703a00000, 0x0000000703c00000, 0x0000000703c00000|100%| O|  |TAMS 0x0000000703a00000| PB 0x0000000703a00000| Untracked |  0
|  18|0x0000000703c00000, 0x0000000703e00000, 0x0000000703e00000|100%| O|  |TAMS 0x0000000703c00000| PB 0x0000000703c00000| Untracked |  0
|  19|0x0000000703e00000, 0x0000000704000000, 0x0000000704000000|100%| O|  |TAMS 0x0000000703e00000| PB 0x0000000703e00000| Untracked |  0
|  20|0x0000000704000000, 0x0000000704000000, 0x0000000704200000|  0%| F|  |TAMS 0x0000000704000000| PB 0x0000000704000000| Untracked |  0
|  21|0x0000000704200000, 0x0000000704200000, 0x0000000704400000|  0%| F|  |TAMS 0x0000000704200000| PB 0x0000000704200000| Untracked |  0
|  22|0x0000000704400000, 0x0000000704400000, 0x0000000704600000|  0%| F|  |TAMS 0x0000000704400000| PB 0x0000000704400000| Untracked |  0
|  23|0x0000000704600000, 0x0000000704800000, 0x0000000704800000|100%| O|  |TAMS 0x0000000704600000| PB 0x0000000704600000| Untracked |  0
|  24|0x0000000704800000, 0x0000000704a00000, 0x0000000704a00000|100%| S|CS|TAMS 0x0000000704800000| PB 0x0000000704800000| Complete |  0
|  25|0x0000000704a00000, 0x0000000704c00000, 0x0000000704c00000|100%| S|CS|TAMS 0x0000000704a00000| PB 0x0000000704a00000| Complete |  0
|  26|0x0000000704c00000, 0x0000000704c00000, 0x0000000704e00000|  0%| F|  |TAMS 0x0000000704c00000| PB 0x0000000704c00000| Untracked |  0
|  27|0x0000000704e00000, 0x0000000704e00000, 0x0000000705000000|  0%| F|  |TAMS 0x0000000704e00000| PB 0x0000000704e00000| Untracked |  0
| 105|0x000000070ea00000, 0x000000070ea00000, 0x000000070ec00000|  0%| F|  |TAMS 0x000000070ea00000| PB 0x000000070ea00000| Untracked |  0
| 106|0x000000070ec00000, 0x000000070ec00000, 0x000000070ee00000|  0%| F|  |TAMS 0x000000070ec00000| PB 0x000000070ec00000| Untracked |  0
| 107|0x000000070ee00000, 0x000000070ee00000, 0x000000070f000000|  0%| F|  |TAMS 0x000000070ee00000| PB 0x000000070ee00000| Untracked |  0
| 108|0x000000070f000000, 0x000000070f000000, 0x000000070f200000|  0%| F|  |TAMS 0x000000070f000000| PB 0x000000070f000000| Untracked |  0
| 109|0x000000070f200000, 0x000000070f200000, 0x000000070f400000|  0%| F|  |TAMS 0x000000070f200000| PB 0x000000070f200000| Untracked |  0
| 110|0x000000070f400000, 0x000000070f400000, 0x000000070f600000|  0%| F|  |TAMS 0x000000070f400000| PB 0x000000070f400000| Untracked |  0
| 111|0x000000070f600000, 0x000000070f600000, 0x000000070f800000|  0%| F|  |TAMS 0x000000070f600000| PB 0x000000070f600000| Untracked |  0
| 126|0x0000000711400000, 0x0000000711400000, 0x0000000711600000|  0%| F|  |TAMS 0x0000000711400000| PB 0x0000000711400000| Untracked |  0
| 127|0x0000000711600000, 0x0000000711600000, 0x0000000711800000|  0%| F|  |TAMS 0x0000000711600000| PB 0x0000000711600000| Untracked |  0
|2033|0x00000007ffa00000, 0x00000007ffaaeeb0, 0x00000007ffc00000| 34%| O|  |TAMS 0x00000007ffa00000| PB 0x00000007ffa00000| Untracked |  0
|2034|0x00000007ffc00000, 0x00000007ffe00000, 0x00000007ffe00000|100%| O|  |TAMS 0x00000007ffd816e0| PB 0x00000007ffc00000| Untracked |  0
|2035|0x00000007ffe00000, 0x0000000800000000, 0x0000000800000000|100%| O|  |TAMS 0x0000000800000000| PB 0x00000007ffe00000| Untracked |  0

Card table byte_map: [0x0000022976e10000,0x0000022977610000] _byte_map_base: 0x0000022973604000

Marking Bits: (CMBitMap*) 0x000002296ddc9a80
 Bits: [0x0000022977610000, 0x000002297b5b0000)

Polling page: 0x000002296bd20000

Metaspace:

Usage:
  Non-class:     34.50 MB used.
      Class:      4.73 MB used.
       Both:     39.23 MB used.

Virtual space:
  Non-class space:       64.00 MB reserved,      34.69 MB ( 54%) committed,  1 nodes.
      Class space:        1.00 GB reserved,       4.88 MB ( <1%) committed,  1 nodes.
             Both:        1.06 GB reserved,      39.56 MB (  4%) committed. 

Chunk freelists:
   Non-Class:  12.04 MB
       Class:  11.16 MB
        Both:  23.20 MB

MaxMetaspaceSize: unlimited
CompressedClassSpaceSize: 1.00 GB
Initial GC threshold: 21.00 MB
Current GC threshold: 59.19 MB
CDS: on
 - commit_granule_bytes: 65536.
 - commit_granule_words: 8192.
 - virtual_space_node_default_size: 8388608.
 - enlarge_chunks_in_place: 1.
 - use_allocation_guard: 0.


Internal statistics:

num_allocs_failed_limit: 6.
num_arena_births: 256.
num_arena_deaths: 0.
num_vsnodes_births: 2.
num_vsnodes_deaths: 0.
num_space_committed: 632.
num_space_uncommitted: 0.
num_chunks_returned_to_freelist: 6.
num_chunks_taken_from_freelist: 1615.
num_chunk_merges: 6.
num_chunk_splits: 1331.
num_chunks_enlarged: 1200.
num_inconsistent_stats: 0.

CodeHeap 'non-profiled nmethods': size=120000Kb used=2083Kb max_used=2083Kb free=117916Kb
 bounds [0x0000022907ad0000, 0x0000022907d40000, 0x000002290f000000]
CodeHeap 'profiled nmethods': size=120000Kb used=9186Kb max_used=9186Kb free=110813Kb
 bounds [0x0000022900000000, 0x0000022900900000, 0x0000022907530000]
CodeHeap 'non-nmethods': size=5760Kb used=1601Kb max_used=1684Kb free=4158Kb
 bounds [0x0000022907530000, 0x00000229077a0000, 0x0000022907ad0000]
 total_blobs=4694 nmethods=4049 adapters=549
 compilation: enabled
              stopped_count=0, restarted_count=0
 full_count=0

Compilation events (20 events):
Event: 7.132 Thread 0x000002297e21da00 nmethod 4331 0x00000229008f4510 code [0x00000229008f46c0, 0x00000229008f48a0]
Event: 7.132 Thread 0x000002297e21da00 4328       3       org.jetbrains.kotlin.load.kotlin.header.KotlinClassHeader::isPreRelease (10 bytes)
Event: 7.132 Thread 0x000002297e21da00 nmethod 4328 0x00000229008f4990 code [0x00000229008f4b20, 0x00000229008f4ce0]
Event: 7.132 Thread 0x000002297e21da00 4329       3       org.jetbrains.kotlin.com.intellij.util.containers.IntArrayList::add (28 bytes)
Event: 7.132 Thread 0x000002297e21da00 nmethod 4329 0x00000229008f4d90 code [0x00000229008f4f40, 0x00000229008f50d8]
Event: 7.139 Thread 0x000002297e21da00 4332       3       kotlin.sequences.FilteringSequence$iterator$1::hasNext (26 bytes)
Event: 7.139 Thread 0x000002297e21da00 nmethod 4332 0x00000229008f5210 code [0x00000229008f53c0, 0x00000229008f5590]
Event: 7.139 Thread 0x000002297e21da00 4333       3       kotlin.sequences.FilteringSequence$iterator$1::calcNext (68 bytes)
Event: 7.139 Thread 0x000002297e21da00 nmethod 4333 0x00000229008f5610 code [0x00000229008f5800, 0x00000229008f5e48]
Event: 7.139 Thread 0x000002297e21da00 4334       3       kotlin.sequences.TransformingSequence$iterator$1::next (22 bytes)
Event: 7.140 Thread 0x000002297e21da00 nmethod 4334 0x00000229008f6090 code [0x00000229008f6240, 0x00000229008f6518]
Event: 7.141 Thread 0x000002297e21da00 4335       3       kotlin.collections.CollectionsKt___CollectionsKt$asSequence$$inlined$Sequence$1::iterator (12 bytes)
Event: 7.141 Thread 0x000002297e21da00 nmethod 4335 0x00000229008f6690 code [0x00000229008f6840, 0x00000229008f6a20]
Event: 7.142 Thread 0x000002297e21da00 4336       3       kotlin.sequences.FilteringSequence$iterator$1::next (44 bytes)
Event: 7.142 Thread 0x000002297e21da00 nmethod 4336 0x00000229008f6b10 code [0x00000229008f6ce0, 0x00000229008f6fb0]
Event: 7.143 Thread 0x000002297e21da00 4337       3       org.jetbrains.kotlin.cli.jvm.index.JvmDependenciesDynamicCompoundIndex$$Lambda/0x00000229104856e0::invoke (20 bytes)
Event: 7.143 Thread 0x000002297e21da00 nmethod 4337 0x00000229008f7110 code [0x00000229008f7340, 0x00000229008f7b58]
Event: 7.143 Thread 0x000002297e21da00 4338       3       org.jetbrains.kotlin.cli.jvm.index.JvmDependenciesDynamicCompoundIndex::findClass$lambda$5$lambda$4 (17 bytes)
Event: 7.143 Thread 0x000002297e21da00 nmethod 4338 0x00000229008f7e10 code [0x00000229008f8040, 0x00000229008f86d8]
Event: 7.143 Thread 0x000002297e21da00 4339   !   3       org.jetbrains.kotlin.cli.jvm.index.JvmDependenciesIndexImpl::findClass (291 bytes)

GC Heap History (17 events):
Event: 0.833 GC heap before
{Heap before GC invocations=0 (full 0):
 garbage-first heap   total reserved 4169728K, committed 262144K, used 26624K [0x0000000701800000, 0x0000000800000000)
  region size 2048K, 12 young (24576K), 0 survivors (0K)
 Metaspace       used 6755K, committed 6912K, reserved 1114112K
  class space    used 684K, committed 768K, reserved 1048576K
}
Event: 0.859 GC heap after
{Heap after GC invocations=1 (full 0):
 garbage-first heap   total reserved 4169728K, committed 262144K, used 7247K [0x0000000701800000, 0x0000000800000000)
  region size 2048K, 2 young (4096K), 2 survivors (4096K)
 Metaspace       used 6755K, committed 6912K, reserved 1114112K
  class space    used 684K, committed 768K, reserved 1048576K
}
Event: 2.018 GC heap before
{Heap before GC invocations=1 (full 0):
 garbage-first heap   total reserved 4169728K, committed 262144K, used 50255K [0x0000000701800000, 0x0000000800000000)
  region size 2048K, 23 young (47104K), 2 survivors (4096K)
 Metaspace       used 17106K, committed 17344K, reserved 1114112K
  class space    used 1948K, committed 2048K, reserved 1048576K
}
Event: 2.024 GC heap after
{Heap after GC invocations=2 (full 0):
 garbage-first heap   total reserved 4169728K, committed 262144K, used 12943K [0x0000000701800000, 0x0000000800000000)
  region size 2048K, 3 young (6144K), 3 survivors (6144K)
 Metaspace       used 17106K, committed 17344K, reserved 1114112K
  class space    used 1948K, committed 2048K, reserved 1048576K
}
Event: 2.664 GC heap before
{Heap before GC invocations=2 (full 0):
 garbage-first heap   total reserved 4169728K, committed 262144K, used 43663K [0x0000000701800000, 0x0000000800000000)
  region size 2048K, 19 young (38912K), 3 survivors (6144K)
 Metaspace       used 21295K, committed 21504K, reserved 1114112K
  class space    used 2414K, committed 2496K, reserved 1048576K
}
Event: 2.674 GC heap after
{Heap after GC invocations=3 (full 0):
 garbage-first heap   total reserved 4169728K, committed 262144K, used 21135K [0x0000000701800000, 0x0000000800000000)
  region size 2048K, 7 young (14336K), 7 survivors (14336K)
 Metaspace       used 21295K, committed 21504K, reserved 1114112K
  class space    used 2414K, committed 2496K, reserved 1048576K
}
Event: 3.617 GC heap before
{Heap before GC invocations=4 (full 0):
 garbage-first heap   total reserved 4169728K, committed 75776K, used 51855K [0x0000000701800000, 0x0000000800000000)
  region size 2048K, 22 young (45056K), 7 survivors (14336K)
 Metaspace       used 27929K, committed 28224K, reserved 1114112K
  class space    used 3646K, committed 3776K, reserved 1048576K
}
Event: 3.631 GC heap after
{Heap after GC invocations=5 (full 0):
 garbage-first heap   total reserved 4169728K, committed 75776K, used 23589K [0x0000000701800000, 0x0000000800000000)
  region size 2048K, 2 young (4096K), 2 survivors (4096K)
 Metaspace       used 27929K, committed 28224K, reserved 1114112K
  class space    used 3646K, committed 3776K, reserved 1048576K
}
Event: 5.023 GC heap before
{Heap before GC invocations=5 (full 0):
 garbage-first heap   total reserved 4169728K, committed 75776K, used 56357K [0x0000000701800000, 0x0000000800000000)
  region size 2048K, 18 young (36864K), 2 survivors (4096K)
 Metaspace       used 34633K, committed 34880K, reserved 1114112K
  class space    used 4300K, committed 4416K, reserved 1048576K
}
Event: 5.032 GC heap after
{Heap after GC invocations=6 (full 0):
 garbage-first heap   total reserved 4169728K, committed 75776K, used 28547K [0x0000000701800000, 0x0000000800000000)
  region size 2048K, 3 young (6144K), 3 survivors (6144K)
 Metaspace       used 34633K, committed 34880K, reserved 1114112K
  class space    used 4300K, committed 4416K, reserved 1048576K
}
Event: 5.283 GC heap before
{Heap before GC invocations=6 (full 0):
 garbage-first heap   total reserved 4169728K, committed 75776K, used 32643K [0x0000000701800000, 0x0000000800000000)
  region size 2048K, 6 young (12288K), 3 survivors (6144K)
 Metaspace       used 35976K, committed 36288K, reserved 1114112K
  class space    used 4438K, committed 4544K, reserved 1048576K
}
Event: 5.295 GC heap after
{Heap after GC invocations=7 (full 0):
 garbage-first heap   total reserved 4169728K, committed 75776K, used 29784K [0x0000000701800000, 0x0000000800000000)
  region size 2048K, 1 young (2048K), 1 survivors (2048K)
 Metaspace       used 35976K, committed 36288K, reserved 1114112K
  class space    used 4438K, committed 4544K, reserved 1048576K
}
Event: 6.587 GC heap before
{Heap before GC invocations=8 (full 0):
 garbage-first heap   total reserved 4169728K, committed 75776K, used 62552K [0x0000000701800000, 0x0000000800000000)
  region size 2048K, 17 young (34816K), 1 survivors (2048K)
 Metaspace       used 39345K, committed 39680K, reserved 1114112K
  class space    used 4791K, committed 4928K, reserved 1048576K
}
Event: 6.599 GC heap after
{Heap after GC invocations=9 (full 0):
 garbage-first heap   total reserved 4169728K, committed 75776K, used 34816K [0x0000000701800000, 0x0000000800000000)
  region size 2048K, 3 young (6144K), 3 survivors (6144K)
 Metaspace       used 39345K, committed 39680K, reserved 1114112K
  class space    used 4791K, committed 4928K, reserved 1048576K
}
Event: 7.005 GC heap before
{Heap before GC invocations=9 (full 0):
 garbage-first heap   total reserved 4169728K, committed 75776K, used 61440K [0x0000000701800000, 0x0000000800000000)
  region size 2048K, 17 young (34816K), 3 survivors (6144K)
 Metaspace       used 40083K, committed 40448K, reserved 1114112K
  class space    used 4837K, committed 4992K, reserved 1048576K
}
Event: 7.025 GC heap after
{Heap after GC invocations=10 (full 0):
 garbage-first heap   total reserved 4169728K, committed 79872K, used 42501K [0x0000000701800000, 0x0000000800000000)
  region size 2048K, 3 young (6144K), 3 survivors (6144K)
 Metaspace       used 40083K, committed 40448K, reserved 1114112K
  class space    used 4837K, committed 4992K, reserved 1048576K
}
Event: 7.146 GC heap before
{Heap before GC invocations=10 (full 0):
 garbage-first heap   total reserved 4169728K, committed 79872K, used 65029K [0x0000000701800000, 0x0000000800000000)
  region size 2048K, 14 young (28672K), 3 survivors (6144K)
 Metaspace       used 40166K, committed 40512K, reserved 1114112K
  class space    used 4840K, committed 4992K, reserved 1048576K
}

Dll operation events (7 events):
Event: 0.008 Loaded shared library C:\Program Files\Java\jdk-22\bin\java.dll
Event: 0.093 Loaded shared library C:\Program Files\Java\jdk-22\bin\jsvml.dll
Event: 0.120 Loaded shared library C:\Program Files\Java\jdk-22\bin\net.dll
Event: 0.123 Loaded shared library C:\Program Files\Java\jdk-22\bin\nio.dll
Event: 0.152 Loaded shared library C:\Program Files\Java\jdk-22\bin\zip.dll
Event: 0.202 Loaded shared library C:\Program Files\Java\jdk-22\bin\jimage.dll
Event: 1.820 Loaded shared library C:\Program Files\Java\jdk-22\bin\verify.dll

Deoptimization events (20 events):
Event: 6.862 Thread 0x000002296bb5e5a0 Uncommon trap: trap_request=0xffffffc6 fr.pc=0x0000022907b1b57c relative=0x0000000000000a5c
Event: 6.863 Thread 0x000002296bb5e5a0 Uncommon trap: reason=bimorphic_or_optimized_type_check action=maybe_recompile pc=0x0000022907b1b57c method=java.util.AbstractList$Itr.next()Ljava/lang/Object; @ 14 c2
Event: 6.863 Thread 0x000002296bb5e5a0 DEOPT PACKING pc=0x0000022907b1b57c sp=0x0000004c388fc920
Event: 6.863 Thread 0x000002296bb5e5a0 DEOPT UNPACKING pc=0x00000229075846a2 sp=0x0000004c388fc8f8 mode 2
Event: 6.863 Thread 0x000002296bb5e5a0 Uncommon trap: trap_request=0xffffffc6 fr.pc=0x0000022907b1b57c relative=0x0000000000000a5c
Event: 6.863 Thread 0x000002296bb5e5a0 Uncommon trap: reason=bimorphic_or_optimized_type_check action=maybe_recompile pc=0x0000022907b1b57c method=java.util.AbstractList$Itr.next()Ljava/lang/Object; @ 14 c2
Event: 6.863 Thread 0x000002296bb5e5a0 DEOPT PACKING pc=0x0000022907b1b57c sp=0x0000004c388fc920
Event: 6.864 Thread 0x000002296bb5e5a0 DEOPT UNPACKING pc=0x00000229075846a2 sp=0x0000004c388fc8f8 mode 2
Event: 6.927 Thread 0x000002296bb5e5a0 DEOPT PACKING pc=0x00000229006c86f4 sp=0x0000004c388fc000
Event: 6.927 Thread 0x000002296bb5e5a0 DEOPT UNPACKING pc=0x0000022907584e42 sp=0x0000004c388fb4d8 mode 0
Event: 7.055 Thread 0x000002296bb5e5a0 DEOPT PACKING pc=0x00000229006914e5 sp=0x0000004c388fbb60
Event: 7.055 Thread 0x000002296bb5e5a0 DEOPT UNPACKING pc=0x0000022907584e42 sp=0x0000004c388fb010 mode 0
Event: 7.077 Thread 0x000002296bb5e5a0 Uncommon trap: trap_request=0xffffff45 fr.pc=0x0000022907cd7ec8 relative=0x0000000000000bc8
Event: 7.077 Thread 0x000002296bb5e5a0 Uncommon trap: reason=unstable_if action=reinterpret pc=0x0000022907cd7ec8 method=org.jetbrains.org.objectweb.asm.ClassReader.<init>([BIZ)V @ 28 c2
Event: 7.077 Thread 0x000002296bb5e5a0 DEOPT PACKING pc=0x0000022907cd7ec8 sp=0x0000004c388fbba0
Event: 7.078 Thread 0x000002296bb5e5a0 DEOPT UNPACKING pc=0x00000229075846a2 sp=0x0000004c388fbb40 mode 2
Event: 7.094 Thread 0x000002296bb5e5a0 DEOPT PACKING pc=0x00000229008c6825 sp=0x0000004c388fbc10
Event: 7.094 Thread 0x000002296bb5e5a0 DEOPT UNPACKING pc=0x0000022907584e42 sp=0x0000004c388fb0a0 mode 0
Event: 7.141 Thread 0x000002296bb5e5a0 DEOPT PACKING pc=0x00000229008c6825 sp=0x0000004c388fbd40
Event: 7.141 Thread 0x000002296bb5e5a0 DEOPT UNPACKING pc=0x0000022907584e42 sp=0x0000004c388fb1d0 mode 0

Classes loaded (20 events):
Event: 3.802 Loading class java/util/function/IntUnaryOperator
Event: 3.802 Loading class java/util/function/IntUnaryOperator done
Event: 4.152 Loading class java/util/ArrayList$ListItr
Event: 4.152 Loading class java/util/ArrayList$ListItr done
Event: 5.046 Loading class java/util/PriorityQueue
Event: 5.047 Loading class java/util/PriorityQueue done
Event: 5.511 Loading class java/security/AccessControlException
Event: 5.511 Loading class java/security/AccessControlException done
Event: 5.522 Loading class java/lang/annotation/ElementType
Event: 5.522 Loading class java/lang/annotation/ElementType done
Event: 5.522 Loading class java/lang/Deprecated
Event: 5.522 Loading class java/lang/Deprecated done
Event: 5.522 Loading class java/lang/Override
Event: 5.522 Loading class java/lang/Override done
Event: 6.360 Loading class java/text/StringCharacterIterator
Event: 6.361 Loading class java/text/CharacterIterator
Event: 6.361 Loading class java/text/CharacterIterator done
Event: 6.361 Loading class java/text/StringCharacterIterator done
Event: 6.467 Loading class java/util/AbstractList$ListItr
Event: 6.467 Loading class java/util/AbstractList$ListItr done

Classes unloaded (0 events):
No events

Classes redefined (0 events):
No events

Internal exceptions (20 events):
Event: 1.513 Thread 0x000002296bb5e5a0 Exception <a 'java/lang/NoSuchMethodError'{0x0000000710135ed8}: 'void java.lang.invoke.DirectMethodHandle$Holder.invokeStatic(java.lang.Object, java.lang.Object, java.lang.Object, java.lang.Object)'> (0x0000000710135ed8) 
thrown [s\open\src\hotspot\share\interpreter\linkResolver.cpp, line 774]
Event: 1.551 Thread 0x000002296bb5e5a0 Exception <a 'java/lang/NoSuchMethodError'{0x000000070fa8e300}: 'java.lang.Object java.lang.invoke.DirectMethodHandle$Holder.invokeInterface(java.lang.Object, java.lang.Object)'> (0x000000070fa8e300) 
thrown [s\open\src\hotspot\share\interpreter\linkResolver.cpp, line 774]
Event: 1.597 Thread 0x000002296bb5e5a0 Exception <a 'java/lang/NoSuchMethodError'{0x000000070f8f96e0}: 'void java.lang.invoke.DirectMethodHandle$Holder.invokeStaticInit(java.lang.Object, java.lang.Object)'> (0x000000070f8f96e0) 
thrown [s\open\src\hotspot\share\interpreter\linkResolver.cpp, line 774]
Event: 1.687 Thread 0x000002296bb5e5a0 Exception <a 'java/lang/NoSuchMethodError'{0x000000070f6dac88}: 'int java.lang.invoke.DirectMethodHandle$Holder.invokeVirtual(java.lang.Object, java.lang.Object, java.lang.Object)'> (0x000000070f6dac88) 
thrown [s\open\src\hotspot\share\interpreter\linkResolver.cpp, line 774]
Event: 1.766 Thread 0x000002296bb5e5a0 Exception <a 'java/lang/NoSuchMethodError'{0x000000070f4b2148}: 'void java.lang.invoke.Invokers$Holder.invokeExact_MT(java.lang.Object, int, java.lang.Object)'> (0x000000070f4b2148) 
thrown [s\open\src\hotspot\share\interpreter\linkResolver.cpp, line 774]
Event: 1.864 Thread 0x000002296bb5e5a0 Exception <a 'java/lang/NoSuchMethodError'{0x000000070f367ab8}: 'void java.lang.invoke.DirectMethodHandle$Holder.invokeVirtual(java.lang.Object, java.lang.Object)'> (0x000000070f367ab8) 
thrown [s\open\src\hotspot\share\interpreter\linkResolver.cpp, line 774]
Event: 1.926 Thread 0x000002296bb5e5a0 Exception <a 'java/lang/NoSuchMethodError'{0x000000070f3ddfe8}: 'long java.lang.invoke.DirectMethodHandle$Holder.invokeStatic(java.lang.Object, java.lang.Object, int)'> (0x000000070f3ddfe8) 
thrown [s\open\src\hotspot\share\interpreter\linkResolver.cpp, line 774]
Event: 1.928 Thread 0x000002296bb5e5a0 Exception <a 'java/lang/NoSuchMethodError'{0x000000070f3e8fa0}: 'java.lang.Object java.lang.invoke.DelegatingMethodHandle$Holder.reinvoke_L(java.lang.Object, int, long, java.lang.Object, java.lang.Object, int, java.lang.Object)'> (0x000000070f3e8fa0) 
thrown [s\open\src\hotspot\share\interpreter\linkResolver.cpp, line 774]
Event: 1.937 Thread 0x000002296bb5e5a0 Exception <a 'java/lang/NoSuchMethodError'{0x000000070f010570}: 'java.lang.Object java.lang.invoke.DirectMethodHandle$Holder.invokeStatic(java.lang.Object, java.lang.Object, int)'> (0x000000070f010570) 
thrown [s\open\src\hotspot\share\interpreter\linkResolver.cpp, line 774]
Event: 1.938 Thread 0x000002296bb5e5a0 Exception <a 'java/lang/NoSuchMethodError'{0x000000070f01bba0}: 'void java.lang.invoke.DelegatingMethodHandle$Holder.delegate(java.lang.Object, java.lang.Object, int, java.lang.Object)'> (0x000000070f01bba0) 
thrown [s\open\src\hotspot\share\interpreter\linkResolver.cpp, line 774]
Event: 2.179 Thread 0x000002296bb5e5a0 Exception <a 'java/lang/NoSuchMethodError'{0x0000000710a6f390}: 'java.lang.Object java.lang.invoke.DirectMethodHandle$Holder.invokeStatic(java.lang.Object, java.lang.Object, int, java.lang.Object)'> (0x0000000710a6f390) 
thrown [s\open\src\hotspot\share\interpreter\linkResolver.cpp, line 774]
Event: 2.435 Thread 0x000002296bb5e5a0 Exception <a 'java/lang/NoSuchMethodError'{0x000000070ff9eaa8}: 'java.lang.Object java.lang.invoke.DirectMethodHandle$Holder.newInvokeSpecial(java.lang.Object, java.lang.Object, java.lang.Object, java.lang.Object, java.lang.Object, java.lang.Object)'> (0x000000070ff9eaa8) 
thrown [s\open\src\hotspot\share\interpreter\linkResolver.cpp, line 774]
Event: 3.347 Thread 0x000002296bb5e5a0 Exception <a 'java/lang/NoSuchMethodError'{0x00000007040efcd8}: 'java.lang.Object java.lang.invoke.DirectMethodHandle$Holder.newInvokeSpecial(java.lang.Object, java.lang.Object, java.lang.Object, java.lang.Object, java.lang.Object, java.lang.Object, java.lang.Object)'> (0x00000007040efcd8) 
thrown [s\open\src\hotspot\share\interpreter\linkResolver.cpp, line 774]
Event: 3.760 Thread 0x000002296bb5e5a0 Exception <a 'java/lang/NoSuchMethodError'{0x000000070f6d0480}: 'java.lang.Object java.lang.invoke.DirectMethodHandle$Holder.invokeVirtual(java.lang.Object, java.lang.Object, java.lang.Object)'> (0x000000070f6d0480) 
thrown [s\open\src\hotspot\share\interpreter\linkResolver.cpp, line 774]
Event: 3.803 Thread 0x000002296bb5e5a0 Exception <a 'java/lang/NoSuchMethodError'{0x000000070f463868}: 'java.lang.Object java.lang.invoke.DirectMethodHandle$Holder.newInvokeSpecial(java.lang.Object, java.lang.Object, int)'> (0x000000070f463868) 
thrown [s\open\src\hotspot\share\interpreter\linkResolver.cpp, line 774]
Event: 4.123 Thread 0x000002296bb5e5a0 Exception <a 'java/lang/NoSuchMethodError'{0x000000070ee2f608}: 'int java.lang.invoke.DirectMethodHandle$Holder.invokeStaticInit(java.lang.Object, int)'> (0x000000070ee2f608) 
thrown [s\open\src\hotspot\share\interpreter\linkResolver.cpp, line 774]
Event: 4.443 Thread 0x000002296bb5e5a0 Implicit null exception at 0x0000022907bb04da to 0x0000022907bb05f8
Event: 4.799 Thread 0x000002296bb5e5a0 Implicit null exception at 0x0000022907c1f1c0 to 0x0000022907c1f3f0
Event: 5.497 Thread 0x000002296bb5e5a0 Exception <a 'java/lang/NoSuchMethodError'{0x000000070f379258}: 'java.lang.Object java.lang.invoke.DirectMethodHandle$Holder.newInvokeSpecial(java.lang.Object, java.lang.Object, java.lang.Object, int, java.lang.Object)'> (0x000000070f379258) 
thrown [s\open\src\hotspot\share\interpreter\linkResolver.cpp, line 774]
Event: 5.497 Thread 0x000002296bb5e5a0 Exception <a 'java/lang/NoSuchMethodError'{0x000000070f380800}: 'java.lang.Object java.lang.invoke.Invokers$Holder.linkToTargetMethod(java.lang.Object, java.lang.Object, int, java.lang.Object, java.lang.Object)'> (0x000000070f380800) 
thrown [s\open\src\hotspot\share\interpreter\linkResolver.cpp, line 774]

ZGC Phase Switch (0 events):
No events

VM Operations (20 events):
Event: 6.023 Executing VM operation: ICBufferFull done
Event: 6.035 Executing VM operation: HandshakeAllThreads (Deoptimize)
Event: 6.035 Executing VM operation: HandshakeAllThreads (Deoptimize) done
Event: 6.056 Executing VM operation: HandshakeAllThreads (Deoptimize)
Event: 6.056 Executing VM operation: HandshakeAllThreads (Deoptimize) done
Event: 6.061 Executing VM operation: HandshakeAllThreads (Deoptimize)
Event: 6.061 Executing VM operation: HandshakeAllThreads (Deoptimize) done
Event: 6.304 Executing VM operation: HandshakeAllThreads (Deoptimize)
Event: 6.304 Executing VM operation: HandshakeAllThreads (Deoptimize) done
Event: 6.312 Executing VM operation: HandshakeAllThreads (Deoptimize)
Event: 6.312 Executing VM operation: HandshakeAllThreads (Deoptimize) done
Event: 6.363 Executing VM operation: HandshakeAllThreads (Deoptimize)
Event: 6.363 Executing VM operation: HandshakeAllThreads (Deoptimize) done
Event: 6.500 Executing VM operation: ICBufferFull
Event: 6.500 Executing VM operation: ICBufferFull done
Event: 6.587 Executing VM operation: G1CollectForAllocation (G1 Evacuation Pause)
Event: 6.599 Executing VM operation: G1CollectForAllocation (G1 Evacuation Pause) done
Event: 6.968 Executing VM operation: G1CollectForAllocation (G1 Evacuation Pause)
Event: 7.025 Executing VM operation: G1CollectForAllocation (G1 Evacuation Pause) done
Event: 7.146 Executing VM operation: G1CollectForAllocation (G1 Evacuation Pause)

Memory protections (0 events):
No events

Nmethod flushes (20 events):
Event: 5.320 Thread 0x000002297e1f37d0 flushing  nmethod 0x0000022900227810
Event: 5.320 Thread 0x000002297e1f37d0 flushing  nmethod 0x0000022900229590
Event: 5.320 Thread 0x000002297e1f37d0 flushing  nmethod 0x000002290022a310
Event: 5.320 Thread 0x000002297e1f37d0 flushing  nmethod 0x000002290022b510
Event: 5.320 Thread 0x000002297e1f37d0 flushing  nmethod 0x000002290022d610
Event: 5.320 Thread 0x000002297e1f37d0 flushing  nmethod 0x000002290022d990
Event: 5.320 Thread 0x000002297e1f37d0 flushing  nmethod 0x0000022900230510
Event: 5.320 Thread 0x000002297e1f37d0 flushing  nmethod 0x0000022900230e10
Event: 5.320 Thread 0x000002297e1f37d0 flushing  nmethod 0x0000022900288a90
Event: 5.320 Thread 0x000002297e1f37d0 flushing  nmethod 0x0000022900289490
Event: 5.320 Thread 0x000002297e1f37d0 flushing  nmethod 0x0000022900289f90
Event: 5.320 Thread 0x000002297e1f37d0 flushing  nmethod 0x000002290028a490
Event: 5.320 Thread 0x000002297e1f37d0 flushing  nmethod 0x000002290028aa10
Event: 5.320 Thread 0x000002297e1f37d0 flushing  nmethod 0x000002290028ad90
Event: 5.320 Thread 0x000002297e1f37d0 flushing  nmethod 0x000002290028b210
Event: 5.320 Thread 0x000002297e1f37d0 flushing  nmethod 0x000002290028b690
Event: 5.320 Thread 0x000002297e1f37d0 flushing  nmethod 0x000002290028be90
Event: 5.320 Thread 0x000002297e1f37d0 flushing  nmethod 0x000002290028c410
Event: 5.320 Thread 0x000002297e1f37d0 flushing  nmethod 0x0000022900298610
Event: 5.320 Thread 0x000002297e1f37d0 flushing  nmethod 0x000002290029aa90

Events (20 events):
Event: 0.063 Thread 0x000002296bb5e5a0 Thread added: 0x000002297e219290
Event: 0.063 Thread 0x000002296bb5e5a0 Thread added: 0x000002297e21a020
Event: 0.067 Thread 0x000002296bb5e5a0 Thread added: 0x000002297e21da00
Event: 0.115 Thread 0x000002296bb5e5a0 Thread added: 0x0000022954258120
Event: 0.118 Thread 0x000002296bb5e5a0 Thread added: 0x0000022954260fe0
Event: 0.142 Thread 0x000002297e21a020 Thread added: 0x00000229542f9d90
Event: 0.143 Thread 0x000002297e21a020 Thread added: 0x00000229542fa450
Event: 0.548 Thread 0x00000229542fa450 Thread exited: 0x00000229542fa450
Event: 0.710 Thread 0x00000229542f9d90 Thread exited: 0x00000229542f9d90
Event: 1.963 Thread 0x000002297e21da00 Thread added: 0x0000022955390e90
Event: 1.966 Thread 0x000002297e21da00 Thread added: 0x0000022954f34bc0
Event: 2.291 Thread 0x0000022954f34bc0 Thread exited: 0x0000022954f34bc0
Event: 2.800 Thread 0x0000022955390e90 Thread exited: 0x0000022955390e90
Event: 2.971 Thread 0x000002297e21da00 Thread added: 0x0000022955bf4dd0
Event: 3.536 Thread 0x0000022955bf4dd0 Thread exited: 0x0000022955bf4dd0
Event: 4.326 Thread 0x000002297e21da00 Thread added: 0x0000022956835ee0
Event: 5.042 Thread 0x0000022956835ee0 Thread exited: 0x0000022956835ee0
Event: 5.305 Thread 0x000002297e21da00 Thread added: 0x0000022957d5ef30
Event: 6.385 Thread 0x0000022957d5ef30 Thread exited: 0x0000022957d5ef30
Event: 6.414 Thread 0x000002297e21da00 Thread added: 0x0000022957d5ef30


Dynamic libraries:
0x00007ff6df390000 - 0x00007ff6df3a0000 	C:\Program Files\Java\jdk-22\bin\java.exe
0x00007ff84eff0000 - 0x00007ff84f1e8000 	C:\WINDOWS\SYSTEM32\ntdll.dll
0x00007ff84dd70000 - 0x00007ff84de32000 	C:\WINDOWS\System32\KERNEL32.DLL
0x00007ff84ca30000 - 0x00007ff84cd2e000 	C:\WINDOWS\System32\KERNELBASE.dll
0x00007ff84ce10000 - 0x00007ff84cf10000 	C:\WINDOWS\System32\ucrtbase.dll
0x00007ff82ab60000 - 0x00007ff82ab77000 	C:\Program Files\Java\jdk-22\bin\jli.dll
0x00007ff84ea40000 - 0x00007ff84ebdd000 	C:\WINDOWS\System32\USER32.dll
0x00007ff84cd30000 - 0x00007ff84cd52000 	C:\WINDOWS\System32\win32u.dll
0x00007ff84e8c0000 - 0x00007ff84e8eb000 	C:\WINDOWS\System32\GDI32.dll
0x00007ff829cb0000 - 0x00007ff829ccb000 	C:\Program Files\Java\jdk-22\bin\VCRUNTIME140.dll
0x00007ff84c6c0000 - 0x00007ff84c7d7000 	C:\WINDOWS\System32\gdi32full.dll
0x00007ff84c830000 - 0x00007ff84c8cd000 	C:\WINDOWS\System32\msvcp_win.dll
0x00007ff838450000 - 0x00007ff8386ea000 	C:\WINDOWS\WinSxS\amd64_microsoft.windows.common-controls_6595b64144ccf1df_6.0.19041.4355_none_60b8b9eb71f62e16\COMCTL32.dll
0x00007ff84e8f0000 - 0x00007ff84e98e000 	C:\WINDOWS\System32\msvcrt.dll
0x00007ff84e1c0000 - 0x00007ff84e1ef000 	C:\WINDOWS\System32\IMM32.DLL
0x00007ff82af30000 - 0x00007ff82af3c000 	C:\Program Files\Java\jdk-22\bin\vcruntime140_1.dll
0x00007ff801840000 - 0x00007ff8018ce000 	C:\Program Files\Java\jdk-22\bin\msvcp140.dll
0x00007fffd4660000 - 0x00007fffd53a9000 	C:\Program Files\Java\jdk-22\bin\server\jvm.dll
0x00007ff84df70000 - 0x00007ff84e021000 	C:\WINDOWS\System32\ADVAPI32.dll
0x00007ff84e090000 - 0x00007ff84e12f000 	C:\WINDOWS\System32\sechost.dll
0x00007ff84e1f0000 - 0x00007ff84e313000 	C:\WINDOWS\System32\RPCRT4.dll
0x00007ff84c690000 - 0x00007ff84c6b7000 	C:\WINDOWS\System32\bcrypt.dll
0x00007ff84e130000 - 0x00007ff84e19b000 	C:\WINDOWS\System32\WS2_32.dll
0x00007ff84bbd0000 - 0x00007ff84bc1b000 	C:\WINDOWS\SYSTEM32\POWRPROF.dll
0x00007ff83ee80000 - 0x00007ff83eea7000 	C:\WINDOWS\SYSTEM32\WINMM.dll
0x00007ff845ce0000 - 0x00007ff845cea000 	C:\WINDOWS\SYSTEM32\VERSION.dll
0x00007ff84ba90000 - 0x00007ff84baa2000 	C:\WINDOWS\SYSTEM32\UMPDC.dll
0x00007ff84a530000 - 0x00007ff84a542000 	C:\WINDOWS\SYSTEM32\kernel.appcore.dll
0x00007ff82acb0000 - 0x00007ff82acba000 	C:\Program Files\Java\jdk-22\bin\jimage.dll
0x00007ff839790000 - 0x00007ff839974000 	C:\WINDOWS\SYSTEM32\DBGHELP.DLL
0x00007ff8386f0000 - 0x00007ff838724000 	C:\WINDOWS\SYSTEM32\dbgcore.DLL
0x00007ff84cf10000 - 0x00007ff84cf92000 	C:\WINDOWS\System32\bcryptPrimitives.dll
0x00007ff829a20000 - 0x00007ff829a3e000 	C:\Program Files\Java\jdk-22\bin\java.dll
0x00007ff84d010000 - 0x00007ff84d77d000 	C:\WINDOWS\System32\SHELL32.dll
0x00007ff84eda0000 - 0x00007ff84eecb000 	C:\WINDOWS\System32\ole32.dll
0x00007ff84d800000 - 0x00007ff84db53000 	C:\WINDOWS\System32\combase.dll
0x00007ff84a730000 - 0x00007ff84aed4000 	C:\WINDOWS\SYSTEM32\windows.storage.dll
0x00007ff84c0c0000 - 0x00007ff84c0ee000 	C:\WINDOWS\SYSTEM32\Wldp.dll
0x00007ff84ec70000 - 0x00007ff84ed3d000 	C:\WINDOWS\System32\OLEAUT32.dll
0x00007ff84e990000 - 0x00007ff84ea3d000 	C:\WINDOWS\System32\SHCORE.dll
0x00007ff84e030000 - 0x00007ff84e085000 	C:\WINDOWS\System32\shlwapi.dll
0x00007ff84c5c0000 - 0x00007ff84c5e4000 	C:\WINDOWS\SYSTEM32\profapi.dll
0x00007fffff5c0000 - 0x00007fffff697000 	C:\Program Files\Java\jdk-22\bin\jsvml.dll
0x00007ff82a960000 - 0x00007ff82a970000 	C:\Program Files\Java\jdk-22\bin\net.dll
0x00007ff84be20000 - 0x00007ff84be8a000 	C:\WINDOWS\system32\mswsock.dll
0x00007ff828a60000 - 0x00007ff828a76000 	C:\Program Files\Java\jdk-22\bin\nio.dll
0x00007ff826d50000 - 0x00007ff826d67000 	C:\Program Files\Java\jdk-22\bin\zip.dll
0x00007ff82a700000 - 0x00007ff82a710000 	C:\Program Files\Java\jdk-22\bin\verify.dll

dbghelp: loaded successfully - version: 4.0.5 - missing functions: none
symbol engine: initialized successfully - sym options: 0x614 - pdb path: .;C:\Program Files\Java\jdk-22\bin;C:\WINDOWS\SYSTEM32;C:\WINDOWS\WinSxS\amd64_microsoft.windows.common-controls_6595b64144ccf1df_6.0.19041.4355_none_60b8b9eb71f62e16;C:\Program Files\Java\jdk-22\bin\server

VM Arguments:
java_command: org.jetbrains.kotlin.cli.jvm.K2JVMCompiler @E:\Coding\EmptyProject\core\designsystem\build\20241204_17368515561673492105.compiler.options
java_class_path (initial): C:\Users\longl\.gradle\caches\modules-2\files-2.1\org.jetbrains.kotlin\kotlin-compiler-embeddable\2.0.20\244b603e8c729f98baaf9088d90b5b9350c68af8\kotlin-compiler-embeddable-2.0.20.jar;C:\Users\longl\.gradle\caches\modules-2\files-2.1\org.jetbrains.kotlin\kotlin-stdlib\2.0.20\7388d355f7cceb002cd387ccb7ab3850e4e0a07f\kotlin-stdlib-2.0.20.jar;C:\Users\longl\.gradle\caches\modules-2\files-2.1\org.jetbrains.kotlin\kotlin-script-runtime\2.0.20\4aea042b39014e0a924c2e1d4a21b6fff7e4d35\kotlin-script-runtime-2.0.20.jar;C:\Users\longl\.gradle\caches\modules-2\files-2.1\org.jetbrains.kotlin\kotlin-reflect\1.6.10\1cbe9c92c12a94eea200d23c2bbaedaf3daf5132\kotlin-reflect-1.6.10.jar;C:\Users\longl\.gradle\caches\modules-2\files-2.1\org.jetbrains.kotlin\kotlin-daemon-embeddable\2.0.20\9eb02dce62f058efe6a121cf00cf5da9779e2746\kotlin-daemon-embeddable-2.0.20.jar;C:\Users\longl\.gradle\caches\modules-2\files-2.1\org.jetbrains.intellij.deps\trove4j\1.0.20200330\3afb14d5f9ceb459d724e907a21145e8ff394f02\trove4j-1.0.20200330.jar;C:\Users\longl\.gradle\caches\modules-2\files-2.1\org.jetbrains.kotlinx\kotlinx-coroutines-core-jvm\1.6.4\2c997cd1c0ef33f3e751d3831929aeff1390cb30\kotlinx-coroutines-core-jvm-1.6.4.jar;C:\Users\longl\.gradle\caches\modules-2\files-2.1\org.jetbrains\annotations\13.0\919f0dfe192fb4e063e7dacadee7f8bb9a2672a9\annotations-13.0.jar
Launcher Type: SUN_STANDARD

[Global flags]
     intx CICompilerCount                          = 4                                         {product} {ergonomic}
     uint ConcGCThreads                            = 3                                         {product} {ergonomic}
     uint G1ConcRefinementThreads                  = 10                                        {product} {ergonomic}
   size_t G1HeapRegionSize                         = 2097152                                   {product} {ergonomic}
   size_t InitialHeapSize                          = 268435456                                 {product} {ergonomic}
   size_t MarkStackSize                            = 4194304                                   {product} {ergonomic}
   size_t MaxHeapSize                              = 4269801472                                {product} {ergonomic}
   size_t MaxNewSize                               = 2560622592                                {product} {ergonomic}
   size_t MinHeapDeltaBytes                        = 2097152                                   {product} {ergonomic}
   size_t MinHeapSize                              = 8388608                                   {product} {ergonomic}
    uintx NonNMethodCodeHeapSize                   = 5839372                                {pd product} {ergonomic}
    uintx NonProfiledCodeHeapSize                  = 122909434                              {pd product} {ergonomic}
    uintx ProfiledCodeHeapSize                     = 122909434                              {pd product} {ergonomic}
    uintx ReservedCodeCacheSize                    = 251658240                              {pd product} {ergonomic}
     bool SegmentedCodeCache                       = true                                      {product} {ergonomic}
   size_t SoftMaxHeapSize                          = 4269801472                             {manageable} {ergonomic}
     bool UseCompressedOops                        = true                           {product lp64_product} {ergonomic}
     bool UseG1GC                                  = true                                      {product} {ergonomic}
     bool UseLargePagesIndividualAllocation        = false                                  {pd product} {ergonomic}

Logging:
Log output configuration:
 #0: stdout all=warning uptime,level,tags foldmultilines=false
 #1: stderr all=off uptime,level,tags foldmultilines=false

Environment Variables:
CLASSPATH=E:\Coding\EmptyProject\\gradle\wrapper\gradle-wrapper.jar
PATH=C:\Program Files\Common Files\Oracle\Java\javapath;C:\WINDOWS\system32;C:\WINDOWS;C:\WINDOWS\System32\Wbem;C:\WINDOWS\System32\WindowsPowerShell\v1.0\;C:\WINDOWS\System32\OpenSSH\;C:\Program Files\Cloudflare\Cloudflare WARP\;C:\Program Files\dotnet\;C:\Program Files\Git LFS;C:\Program Files\Java\jdk-22\bin;C:\Program Files\Git\cmd;C:\Users\longl\AppData\Local\Microsoft\WindowsApps;
USERNAME=longl
OS=Windows_NT
PROCESSOR_IDENTIFIER=Intel64 Family 6 Model 165 Stepping 3, GenuineIntel
TMP=C:\Users\longl\AppData\Local\Temp
TEMP=C:\Users\longl\AppData\Local\Temp




Periodic native trim disabled

---------------  S Y S T E M  ---------------

OS:
 Windows 10 , 64 bit Build 19041 (10.0.19041.5072)
OS uptime: 0 days 2:30 hours

CPU: total 12 (initial active 12) (6 cores per cpu, 2 threads per core) family 6 model 165 stepping 3 microcode 0xea, cx8, cmov, fxsr, ht, mmx, 3dnowpref, sse, sse2, sse3, ssse3, sse4.1, sse4.2, popcnt, lzcnt, tsc, tscinvbit, avx, avx2, aes, erms, clmul, bmi1, bmi2, adx, fma, vzeroupper, clflush, clflushopt, rdtscp, f16c
Processor Information for all 12 processors :
  Max Mhz: 2904, Current Mhz: 2904, Mhz Limit: 2904

Memory: 4k page, system-wide physical 16281M (307M free)
TotalPageFile size 26377M (AvailPageFile size 205M)
current process WorkingSet (physical memory assigned to process): 237M, peak: 237M
current process commit charge ("private bytes"): 279M, peak: 390M

vm_info: Java HotSpot(TM) 64-Bit Server VM (22.0.2+9-70) for windows-amd64 JRE (22.0.2+9-70), built on 2024-06-04T16:52:23Z by "mach5one" with MS VC++ 17.6 (VS2022)

END.
