#
# There is insufficient memory for the Java Runtime Environment to continue.
# Native memory allocation (malloc) failed to allocate 524304 bytes. Error detail: Chunk::new
# Possible reasons:
#   The system is out of physical RAM or swap space
#   This process is running with CompressedOops enabled, and the Java Heap may be blocking the growth of the native heap
# Possible solutions:
#   Reduce memory load on the system
#   Increase physical memory or swap space
#   Check if swap backing store is full
#   Decrease Java heap size (-Xmx/-Xms)
#   Decrease number of Java threads
#   Decrease Java thread stack sizes (-Xss)
#   Set larger code cache with -XX:ReservedCodeCacheSize=
#   JVM is running with Zero Based Compressed Oops mode in which the Java heap is
#     placed in the first 32GB address space. The Java Heap base address is the
#     maximum limit for the native heap growth. Please use -XX:HeapBaseMinAddress
#     to set the Java Heap base and to place the Java Heap above 32GB virtual address.
# This output file may be truncated or incomplete.
#
#  Out of Memory Error (arena.cpp:150), pid=13240, tid=9880
#
# JRE version: Java(TM) SE Runtime Environment (22.0.2+9) (build 22.0.2+9-70)
# Java VM: Java HotSpot(TM) 64-Bit Server VM (22.0.2+9-70, mixed mode, sharing, tiered, compressed oops, compressed class ptrs, g1 gc, windows-amd64)
# No core dump will be written. Minidumps are not enabled by default on client versions of Windows
#

---------------  S U M M A R Y ------------

Command Line: org.jetbrains.kotlin.cli.jvm.K2JVMCompiler @E:\Coding\EmptyProject\core\designsystem\build\20241204_4646072735263530462.compiler.options

Host: Intel(R) Core(TM) i5-10400F CPU @ 2.90GHz, 12 cores, 15G,  Windows 10 , 64 bit Build 19041 (10.0.19041.5072)
Time: Wed Dec  4 14:22:30 2024 SE Asia Standard Time elapsed time: 29.735417 seconds (0d 0h 0m 29s)

---------------  T H R E A D  ---------------

Current thread (0x000001ddf2bfbce0):  JavaThread "C2 CompilerThread0" daemon [_thread_in_native, id=9880, stack(0x000000d5ea000000,0x000000d5ea100000) (1024K)]


Current CompileTask:
C2:29735 10688       4       org.jetbrains.kotlin.fir.backend.Fir2IrTypeConverter::toIrType (1647 bytes)

Stack: [0x000000d5ea000000,0x000000d5ea100000]
Native frames: (J=compiled Java code, j=interpreted, Vv=VM code, C=native code)
V  [jvm.dll+0x6e26e9]  (no source info available)
V  [jvm.dll+0x875753]  (no source info available)
V  [jvm.dll+0x877b7e]  (no source info available)
V  [jvm.dll+0x878253]  (no source info available)
V  [jvm.dll+0x27fc86]  (no source info available)
V  [jvm.dll+0xc3d0f]  (no source info available)
V  [jvm.dll+0xc40fb]  (no source info available)
V  [jvm.dll+0xc3bbb]  (no source info available)
V  [jvm.dll+0x6c0290]  (no source info available)
V  [jvm.dll+0xbba78]  (no source info available)
V  [jvm.dll+0x67345d]  (no source info available)
V  [jvm.dll+0x671355]  (no source info available)
V  [jvm.dll+0x247677]  (no source info available)
V  [jvm.dll+0x246e9f]  (no source info available)
V  [jvm.dll+0x1c4e80]  (no source info available)
V  [jvm.dll+0x2568f3]  (no source info available)
V  [jvm.dll+0x254baa]  (no source info available)
V  [jvm.dll+0x3f57a6]  (no source info available)
V  [jvm.dll+0x81dc0b]  (no source info available)
V  [jvm.dll+0x6e0d85]  (no source info available)
C  [ucrtbase.dll+0x21bb2]  (no source info available)
C  [KERNEL32.DLL+0x17374]  (no source info available)
C  [ntdll.dll+0x4cc91]  (no source info available)


---------------  P R O C E S S  ---------------

Threads class SMR info:
_java_thread_list=0x000001ddc66689e0, length=12, elements={
0x000001ddd14fc650, 0x000001ddf2bef8c0, 0x000001ddf2bf4f90, 0x000001ddf2bf7020,
0x000001ddf2bf9a90, 0x000001ddf2bfa4f0, 0x000001ddf2bfaf50, 0x000001ddf2bfbce0,
0x000001ddf2c01560, 0x000001ddc5226bc0, 0x000001ddc5231c90, 0x000001ddc8d4f730
}

Java Threads: ( => current thread )
  0x000001ddd14fc650 JavaThread "main"                              [_thread_blocked, id=3704, stack(0x000000d5e9100000,0x000000d5e9200000) (1024K)]
  0x000001ddf2bef8c0 JavaThread "Reference Handler"          daemon [_thread_blocked, id=3596, stack(0x000000d5e9a00000,0x000000d5e9b00000) (1024K)]
  0x000001ddf2bf4f90 JavaThread "Finalizer"                  daemon [_thread_blocked, id=15468, stack(0x000000d5e9b00000,0x000000d5e9c00000) (1024K)]
  0x000001ddf2bf7020 JavaThread "Signal Dispatcher"          daemon [_thread_blocked, id=8584, stack(0x000000d5e9c00000,0x000000d5e9d00000) (1024K)]
  0x000001ddf2bf9a90 JavaThread "Attach Listener"            daemon [_thread_blocked, id=12372, stack(0x000000d5e9d00000,0x000000d5e9e00000) (1024K)]
  0x000001ddf2bfa4f0 JavaThread "Service Thread"             daemon [_thread_blocked, id=13304, stack(0x000000d5e9e00000,0x000000d5e9f00000) (1024K)]
  0x000001ddf2bfaf50 JavaThread "Monitor Deflation Thread"   daemon [_thread_blocked, id=15844, stack(0x000000d5e9f00000,0x000000d5ea000000) (1024K)]
=>0x000001ddf2bfbce0 JavaThread "C2 CompilerThread0"         daemon [_thread_in_native, id=9880, stack(0x000000d5ea000000,0x000000d5ea100000) (1024K)]
  0x000001ddf2c01560 JavaThread "C1 CompilerThread0"         daemon [_thread_blocked, id=1508, stack(0x000000d5ea100000,0x000000d5ea200000) (1024K)]
  0x000001ddc5226bc0 JavaThread "Notification Thread"        daemon [_thread_blocked, id=15276, stack(0x000000d5ea200000,0x000000d5ea300000) (1024K)]
  0x000001ddc5231c90 JavaThread "Common-Cleaner"             daemon [_thread_blocked, id=1168, stack(0x000000d5ea300000,0x000000d5ea400000) (1024K)]
  0x000001ddc8d4f730 JavaThread "C2 CompilerThread1"         daemon [_thread_blocked, id=16308, stack(0x000000d5ea400000,0x000000d5ea500000) (1024K)]
Total: 12

Other Threads:
  0x000001ddf2bd43d0 VMThread "VM Thread"                           [id=14932, stack(0x000000d5e9900000,0x000000d5e9a00000) (1024K)]
  0x000001ddf2bbe060 WatcherThread "VM Periodic Task Thread"        [id=2976, stack(0x000000d5e9800000,0x000000d5e9900000) (1024K)]
  0x000001ddd37a8140 WorkerThread "GC Thread#0"                     [id=14256, stack(0x000000d5e9300000,0x000000d5e9400000) (1024K)]
  0x000001ddc595a6c0 WorkerThread "GC Thread#1"                     [id=15152, stack(0x000000d5ea500000,0x000000d5ea600000) (1024K)]
  0x000001ddc5954010 WorkerThread "GC Thread#2"                     [id=1292, stack(0x000000d5ea600000,0x000000d5ea700000) (1024K)]
  0x000001ddc59543c0 WorkerThread "GC Thread#3"                     [id=8484, stack(0x000000d5ea700000,0x000000d5ea800000) (1024K)]
  0x000001ddc5954b80 WorkerThread "GC Thread#4"                     [id=1432, stack(0x000000d5ea800000,0x000000d5ea900000) (1024K)]
  0x000001ddc5957ea0 WorkerThread "GC Thread#5"                     [id=7468, stack(0x000000d5ea900000,0x000000d5eaa00000) (1024K)]
  0x000001ddc5ff3b80 WorkerThread "GC Thread#6"                     [id=14148, stack(0x000000d5eaa00000,0x000000d5eab00000) (1024K)]
  0x000001ddc5ff4690 WorkerThread "GC Thread#7"                     [id=2284, stack(0x000000d5eab00000,0x000000d5eac00000) (1024K)]
  0x000001ddc5ff42e0 WorkerThread "GC Thread#8"                     [id=8344, stack(0x000000d5eac00000,0x000000d5ead00000) (1024K)]
  0x000001ddc6565fe0 WorkerThread "GC Thread#9"                     [id=6240, stack(0x000000d5ead00000,0x000000d5eae00000) (1024K)]
  0x000001ddd37b8fb0 ConcurrentGCThread "G1 Main Marker"            [id=14884, stack(0x000000d5e9400000,0x000000d5e9500000) (1024K)]
  0x000001ddd37b9c70 WorkerThread "G1 Conc#0"                       [id=1372, stack(0x000000d5e9500000,0x000000d5e9600000) (1024K)]
  0x000001ddc6567d60 WorkerThread "G1 Conc#1"                       [id=15868, stack(0x000000d5eae00000,0x000000d5eaf00000) (1024K)]
  0x000001ddc6568110 WorkerThread "G1 Conc#2"                       [id=9624, stack(0x000000d5eaf00000,0x000000d5eb000000) (1024K)]
  0x000001ddd380e0c0 ConcurrentGCThread "G1 Refine#0"               [id=9076, stack(0x000000d5e9600000,0x000000d5e9700000) (1024K)]
  0x000001ddf2a7c550 ConcurrentGCThread "G1 Service"                [id=13420, stack(0x000000d5e9700000,0x000000d5e9800000) (1024K)]
Total: 18

Threads with active compile tasks:
C2 CompilerThread0  29798 10688       4       org.jetbrains.kotlin.fir.backend.Fir2IrTypeConverter::toIrType (1647 bytes)
C2 CompilerThread1  29798 10775       4       org.jetbrains.org.objectweb.asm.ClassReader::readElementValue (1237 bytes)
Total: 2

VM state: at safepoint (normal execution)

VM Mutex/Monitor currently owned by a thread:  ([mutex/lock_event])
[0x00007fffd52ccb80] Threads_lock - owner thread: 0x000001ddf2bd43d0
[0x00007fffd52ccc80] Heap_lock - owner thread: 0x000001ddd37b8fb0

Heap address: 0x0000000701800000, size: 4072 MB, Compressed Oops mode: Zero based, Oop shift amount: 3

CDS archive(s) mapped at: [0x000001dd80000000-0x000001dd80c60000-0x000001dd80c60000), size 12976128, SharedBaseAddress: 0x000001dd80000000, ArchiveRelocationMode: 1.
Compressed class space mapped at: 0x000001dd81000000-0x000001ddc1000000, reserved size: 1073741824
Narrow klass base: 0x000001dd80000000, Narrow klass shift: 0, Narrow klass range: 0x41000000

GC Precious Log:
 CardTable entry size: 512
 Card Set container configuration: InlinePtr #cards 4 size 8 Array Of Cards #cards 16 size 48 Howl #buckets 8 coarsen threshold 3686 Howl Bitmap #cards 512 size 80 coarsen threshold 460 Card regions per heap region 1 cards per card region 4096
 CPUs: 12 total, 12 available
 Memory: 16281M
 Large Page Support: Disabled
 NUMA Support: Disabled
 Compressed Oops: Enabled (Zero based)
 Heap Region Size: 2M
 Heap Min Capacity: 8M
 Heap Initial Capacity: 256M
 Heap Max Capacity: 4072M
 Pre-touch: Disabled
 Parallel Workers: 10
 Concurrent Workers: 3
 Concurrent Refinement Workers: 10
 Periodic GC: Disabled

Heap:
 garbage-first heap   total reserved 4169728K, committed 262144K, used 182948K [0x0000000701800000, 0x0000000800000000)
  region size 2048K, 5 young (10240K), 4 survivors (8192K)
 Metaspace       used 58138K, committed 58496K, reserved 1114112K
  class space    used 6498K, committed 6656K, reserved 1048576K

Heap Regions: E=young(eden), S=young(survivor), O=old, HS=humongous(starts), HC=humongous(continues), CS=collection set, F=free, TAMS=top-at-mark-start, PB=parsable bottom
|   0|0x0000000701800000, 0x0000000701a00000, 0x0000000701a00000|100%|HS|  |TAMS 0x0000000701a00000| PB 0x0000000701800000| Complete |  0
|   1|0x0000000701a00000, 0x0000000701c00000, 0x0000000701c00000|100%|HC|  |TAMS 0x0000000701c00000| PB 0x0000000701a00000| Complete |  0
|   2|0x0000000701c00000, 0x0000000701e00000, 0x0000000701e00000|100%| O|  |TAMS 0x0000000701e00000| PB 0x0000000701e00000| Untracked |  0
|   3|0x0000000701e00000, 0x0000000702000000, 0x0000000702000000|100%| O|  |TAMS 0x0000000702000000| PB 0x0000000702000000| Untracked |  0
|   4|0x0000000702000000, 0x0000000702200000, 0x0000000702200000|100%| O|  |TAMS 0x0000000702200000| PB 0x0000000702200000| Untracked |  0
|   5|0x0000000702200000, 0x0000000702400000, 0x0000000702400000|100%| O|  |TAMS 0x0000000702400000| PB 0x0000000702400000| Untracked |  0
|   6|0x0000000702400000, 0x0000000702600000, 0x0000000702600000|100%| O|  |TAMS 0x0000000702600000| PB 0x0000000702600000| Untracked |  0
|   7|0x0000000702600000, 0x0000000702800000, 0x0000000702800000|100%| O|  |TAMS 0x0000000702800000| PB 0x0000000702800000| Untracked |  0
|   8|0x0000000702800000, 0x0000000702a00000, 0x0000000702a00000|100%| O|  |TAMS 0x0000000702a00000| PB 0x0000000702a00000| Untracked |  0
|   9|0x0000000702a00000, 0x0000000702c00000, 0x0000000702c00000|100%| O|  |TAMS 0x0000000702c00000| PB 0x0000000702c00000| Updating |  0
|  10|0x0000000702c00000, 0x0000000702e00000, 0x0000000702e00000|100%| O|  |TAMS 0x0000000702e00000| PB 0x0000000702e00000| Updating |  0
|  11|0x0000000702e00000, 0x0000000703000000, 0x0000000703000000|100%| O|  |TAMS 0x0000000703000000| PB 0x0000000703000000| Untracked |  0
|  12|0x0000000703000000, 0x0000000703200000, 0x0000000703200000|100%| O|  |TAMS 0x0000000703200000| PB 0x0000000703200000| Untracked |  0
|  13|0x0000000703200000, 0x0000000703400000, 0x0000000703400000|100%| O|  |TAMS 0x0000000703400000| PB 0x0000000703400000| Updating |  0
|  14|0x0000000703400000, 0x0000000703600000, 0x0000000703600000|100%| O|  |TAMS 0x0000000703600000| PB 0x0000000703600000| Untracked |  0
|  15|0x0000000703600000, 0x0000000703800000, 0x0000000703800000|100%| O|  |TAMS 0x0000000703800000| PB 0x0000000703800000| Untracked |  0
|  16|0x0000000703800000, 0x0000000703a00000, 0x0000000703a00000|100%| O|  |TAMS 0x0000000703a00000| PB 0x0000000703a00000| Untracked |  0
|  17|0x0000000703a00000, 0x0000000703c00000, 0x0000000703c00000|100%| O|  |TAMS 0x0000000703c00000| PB 0x0000000703c00000| Untracked |  0
|  18|0x0000000703c00000, 0x0000000703e00000, 0x0000000703e00000|100%| O|  |TAMS 0x0000000703e00000| PB 0x0000000703e00000| Untracked |  0
|  19|0x0000000703e00000, 0x0000000704000000, 0x0000000704000000|100%| O|  |TAMS 0x0000000704000000| PB 0x0000000704000000| Untracked |  0
|  20|0x0000000704000000, 0x0000000704200000, 0x0000000704200000|100%| O|  |TAMS 0x0000000704200000| PB 0x0000000704200000| Updating |  0
|  21|0x0000000704200000, 0x0000000704400000, 0x0000000704400000|100%| O|  |TAMS 0x0000000704400000| PB 0x0000000704400000| Updating |  0
|  22|0x0000000704400000, 0x0000000704600000, 0x0000000704600000|100%| O|  |TAMS 0x0000000704600000| PB 0x0000000704600000| Untracked |  0
|  23|0x0000000704600000, 0x0000000704800000, 0x0000000704800000|100%| O|  |TAMS 0x0000000704800000| PB 0x0000000704800000| Updating |  0
|  24|0x0000000704800000, 0x0000000704a00000, 0x0000000704a00000|100%| O|  |TAMS 0x0000000704a00000| PB 0x0000000704a00000| Untracked |  0
|  25|0x0000000704a00000, 0x0000000704c00000, 0x0000000704c00000|100%| O|  |TAMS 0x0000000704c00000| PB 0x0000000704c00000| Updating |  0
|  26|0x0000000704c00000, 0x0000000704e00000, 0x0000000704e00000|100%| O|  |TAMS 0x0000000704e00000| PB 0x0000000704e00000| Untracked |  0
|  27|0x0000000704e00000, 0x0000000705000000, 0x0000000705000000|100%| O|  |TAMS 0x0000000705000000| PB 0x0000000705000000| Untracked |  0
|  28|0x0000000705000000, 0x0000000705200000, 0x0000000705200000|100%| O|  |TAMS 0x0000000705200000| PB 0x0000000705200000| Untracked |  0
|  29|0x0000000705200000, 0x0000000705400000, 0x0000000705400000|100%| O|  |TAMS 0x0000000705400000| PB 0x0000000705400000| Untracked |  0
|  30|0x0000000705400000, 0x0000000705600000, 0x0000000705600000|100%| O|  |TAMS 0x0000000705600000| PB 0x0000000705600000| Untracked |  0
|  31|0x0000000705600000, 0x0000000705800000, 0x0000000705800000|100%| O|  |TAMS 0x0000000705800000| PB 0x0000000705800000| Untracked |  0
|  32|0x0000000705800000, 0x0000000705a00000, 0x0000000705a00000|100%| O|  |TAMS 0x0000000705a00000| PB 0x0000000705a00000| Untracked |  0
|  33|0x0000000705a00000, 0x0000000705c00000, 0x0000000705c00000|100%| O|  |TAMS 0x0000000705c00000| PB 0x0000000705c00000| Untracked |  0
|  34|0x0000000705c00000, 0x0000000705e00000, 0x0000000705e00000|100%| O|  |TAMS 0x0000000705e00000| PB 0x0000000705e00000| Untracked |  0
|  35|0x0000000705e00000, 0x0000000706000000, 0x0000000706000000|100%| O|  |TAMS 0x0000000706000000| PB 0x0000000706000000| Untracked |  0
|  36|0x0000000706000000, 0x0000000706200000, 0x0000000706200000|100%| O|  |TAMS 0x0000000706200000| PB 0x0000000706200000| Untracked |  0
|  37|0x0000000706200000, 0x0000000706400000, 0x0000000706400000|100%| O|  |TAMS 0x0000000706400000| PB 0x0000000706400000| Updating |  0
|  38|0x0000000706400000, 0x0000000706600000, 0x0000000706600000|100%| O|  |TAMS 0x0000000706600000| PB 0x0000000706600000| Untracked |  0
|  39|0x0000000706600000, 0x0000000706800000, 0x0000000706800000|100%| O|  |TAMS 0x0000000706800000| PB 0x0000000706800000| Updating |  0
|  40|0x0000000706800000, 0x0000000706a00000, 0x0000000706a00000|100%| O|  |TAMS 0x0000000706a00000| PB 0x0000000706a00000| Untracked |  0
|  41|0x0000000706a00000, 0x0000000706c00000, 0x0000000706c00000|100%| O|  |TAMS 0x0000000706c00000| PB 0x0000000706c00000| Untracked |  0
|  42|0x0000000706c00000, 0x0000000706e00000, 0x0000000706e00000|100%| O|  |TAMS 0x0000000706e00000| PB 0x0000000706e00000| Updating |  0
|  43|0x0000000706e00000, 0x0000000707000000, 0x0000000707000000|100%| O|  |TAMS 0x0000000707000000| PB 0x0000000707000000| Untracked |  0
|  44|0x0000000707000000, 0x0000000707200000, 0x0000000707200000|100%| O|  |TAMS 0x0000000707200000| PB 0x0000000707200000| Untracked |  0
|  45|0x0000000707200000, 0x0000000707400000, 0x0000000707400000|100%| O|  |TAMS 0x0000000707400000| PB 0x0000000707400000| Untracked |  0
|  46|0x0000000707400000, 0x0000000707600000, 0x0000000707600000|100%| O|  |TAMS 0x0000000707600000| PB 0x0000000707600000| Untracked |  0
|  47|0x0000000707600000, 0x0000000707800000, 0x0000000707800000|100%| O|  |TAMS 0x0000000707800000| PB 0x0000000707800000| Untracked |  0
|  48|0x0000000707800000, 0x0000000707a00000, 0x0000000707a00000|100%| O|  |TAMS 0x0000000707a00000| PB 0x0000000707a00000| Untracked |  0
|  49|0x0000000707a00000, 0x0000000707c00000, 0x0000000707c00000|100%| O|  |TAMS 0x0000000707c00000| PB 0x0000000707c00000| Untracked |  0
|  50|0x0000000707c00000, 0x0000000707e00000, 0x0000000707e00000|100%| O|  |TAMS 0x0000000707e00000| PB 0x0000000707e00000| Untracked |  0
|  51|0x0000000707e00000, 0x0000000708000000, 0x0000000708000000|100%| O|  |TAMS 0x0000000707e00000| PB 0x0000000707e00000| Untracked |  0
|  52|0x0000000708000000, 0x0000000708200000, 0x0000000708200000|100%| O|  |TAMS 0x0000000708200000| PB 0x0000000708200000| Untracked |  0
|  53|0x0000000708200000, 0x0000000708400000, 0x0000000708400000|100%| O|  |TAMS 0x0000000708400000| PB 0x0000000708400000| Untracked |  0
|  54|0x0000000708400000, 0x0000000708600000, 0x0000000708600000|100%| O|  |TAMS 0x0000000708600000| PB 0x0000000708600000| Untracked |  0
|  55|0x0000000708600000, 0x0000000708800000, 0x0000000708800000|100%| O|  |TAMS 0x0000000708800000| PB 0x0000000708800000| Untracked |  0
|  56|0x0000000708800000, 0x0000000708a00000, 0x0000000708a00000|100%| O|  |TAMS 0x0000000708a00000| PB 0x0000000708a00000| Untracked |  0
|  57|0x0000000708a00000, 0x0000000708c00000, 0x0000000708c00000|100%| O|  |TAMS 0x0000000708c00000| PB 0x0000000708c00000| Untracked |  0
|  58|0x0000000708c00000, 0x0000000708e00000, 0x0000000708e00000|100%| O|  |TAMS 0x0000000708e00000| PB 0x0000000708e00000| Untracked |  0
|  59|0x0000000708e00000, 0x0000000709000000, 0x0000000709000000|100%| O|  |TAMS 0x0000000709000000| PB 0x0000000709000000| Untracked |  0
|  60|0x0000000709000000, 0x0000000709200000, 0x0000000709200000|100%| O|  |TAMS 0x0000000709200000| PB 0x0000000709200000| Updating |  0
|  61|0x0000000709200000, 0x0000000709400000, 0x0000000709400000|100%| O|  |TAMS 0x0000000709400000| PB 0x0000000709400000| Untracked |  0
|  62|0x0000000709400000, 0x0000000709600000, 0x0000000709600000|100%| O|  |TAMS 0x0000000709600000| PB 0x0000000709600000| Untracked |  0
|  63|0x0000000709600000, 0x0000000709800000, 0x0000000709800000|100%| O|  |TAMS 0x0000000709800000| PB 0x0000000709800000| Untracked |  0
|  64|0x0000000709800000, 0x0000000709a00000, 0x0000000709a00000|100%| O|  |TAMS 0x0000000709a00000| PB 0x0000000709a00000| Untracked |  0
|  65|0x0000000709a00000, 0x0000000709c00000, 0x0000000709c00000|100%| O|  |TAMS 0x0000000709c00000| PB 0x0000000709c00000| Untracked |  0
|  66|0x0000000709c00000, 0x0000000709e00000, 0x0000000709e00000|100%| O|  |TAMS 0x0000000709e00000| PB 0x0000000709e00000| Untracked |  0
|  67|0x0000000709e00000, 0x000000070a000000, 0x000000070a000000|100%| O|  |TAMS 0x000000070a000000| PB 0x000000070a000000| Updating |  0
|  68|0x000000070a000000, 0x000000070a200000, 0x000000070a200000|100%| O|  |TAMS 0x000000070a200000| PB 0x000000070a200000| Untracked |  0
|  69|0x000000070a200000, 0x000000070a400000, 0x000000070a400000|100%| O|  |TAMS 0x000000070a400000| PB 0x000000070a400000| Untracked |  0
|  70|0x000000070a400000, 0x000000070a600000, 0x000000070a600000|100%| O|  |TAMS 0x000000070a600000| PB 0x000000070a600000| Untracked |  0
|  71|0x000000070a600000, 0x000000070a800000, 0x000000070a800000|100%| O|  |TAMS 0x000000070a800000| PB 0x000000070a800000| Untracked |  0
|  72|0x000000070a800000, 0x000000070aa00000, 0x000000070aa00000|100%| O|  |TAMS 0x000000070aa00000| PB 0x000000070aa00000| Untracked |  0
|  73|0x000000070aa00000, 0x000000070ac00000, 0x000000070ac00000|100%| O|  |TAMS 0x000000070ac00000| PB 0x000000070ac00000| Updating |  0
|  74|0x000000070ac00000, 0x000000070ae00000, 0x000000070ae00000|100%| O|  |TAMS 0x000000070ae00000| PB 0x000000070ae00000| Updating |  0
|  75|0x000000070ae00000, 0x000000070b000000, 0x000000070b000000|100%| O|  |TAMS 0x000000070b000000| PB 0x000000070b000000| Untracked |  0
|  76|0x000000070b000000, 0x000000070b200000, 0x000000070b200000|100%| O|  |TAMS 0x000000070b200000| PB 0x000000070b200000| Updating |  0
|  77|0x000000070b200000, 0x000000070b400000, 0x000000070b400000|100%| O|  |TAMS 0x000000070b400000| PB 0x000000070b400000| Untracked |  0
|  78|0x000000070b400000, 0x000000070b600000, 0x000000070b600000|100%| O|  |TAMS 0x000000070b600000| PB 0x000000070b600000| Untracked |  0
|  79|0x000000070b600000, 0x000000070b800000, 0x000000070b800000|100%| O|  |TAMS 0x000000070b800000| PB 0x000000070b800000| Updating |  0
|  80|0x000000070b800000, 0x000000070ba00000, 0x000000070ba00000|100%| O|  |TAMS 0x000000070ba00000| PB 0x000000070ba00000| Updating |  0
|  81|0x000000070ba00000, 0x000000070bc00000, 0x000000070bc00000|100%| O|  |TAMS 0x000000070bad63d0| PB 0x000000070bad63d0| Updating |  0
|  82|0x000000070bc00000, 0x000000070be00000, 0x000000070be00000|100%| O|  |TAMS 0x000000070bc00000| PB 0x000000070bc00000| Untracked |  0
|  83|0x000000070be00000, 0x000000070c000000, 0x000000070c000000|100%| O|  |TAMS 0x000000070be00000| PB 0x000000070be00000| Untracked |  0
|  84|0x000000070c000000, 0x000000070c193800, 0x000000070c200000| 78%| O|  |TAMS 0x000000070c000000| PB 0x000000070c000000| Updating |  0
|  85|0x000000070c200000, 0x000000070c200000, 0x000000070c400000|  0%| F|  |TAMS 0x000000070c200000| PB 0x000000070c200000| Untracked |  0
|  86|0x000000070c400000, 0x000000070c400000, 0x000000070c600000|  0%| F|  |TAMS 0x000000070c400000| PB 0x000000070c400000| Untracked |  0
|  87|0x000000070c600000, 0x000000070c600000, 0x000000070c800000|  0%| F|  |TAMS 0x000000070c600000| PB 0x000000070c600000| Untracked |  0
|  88|0x000000070c800000, 0x000000070c800000, 0x000000070ca00000|  0%| F|  |TAMS 0x000000070c800000| PB 0x000000070c800000| Untracked |  0
|  89|0x000000070ca00000, 0x000000070ca00000, 0x000000070cc00000|  0%| F|  |TAMS 0x000000070ca00000| PB 0x000000070ca00000| Untracked |  0
|  90|0x000000070cc00000, 0x000000070cc00000, 0x000000070ce00000|  0%| F|  |TAMS 0x000000070cc00000| PB 0x000000070cc00000| Untracked |  0
|  91|0x000000070ce00000, 0x000000070ce00000, 0x000000070d000000|  0%| F|  |TAMS 0x000000070ce00000| PB 0x000000070ce00000| Untracked |  0
|  92|0x000000070d000000, 0x000000070d000000, 0x000000070d200000|  0%| F|  |TAMS 0x000000070d000000| PB 0x000000070d000000| Untracked |  0
|  93|0x000000070d200000, 0x000000070d200000, 0x000000070d400000|  0%| F|  |TAMS 0x000000070d200000| PB 0x000000070d200000| Untracked |  0
|  94|0x000000070d400000, 0x000000070d515a40, 0x000000070d600000| 54%| S|CS|TAMS 0x000000070d400000| PB 0x000000070d400000| Complete |  0
|  95|0x000000070d600000, 0x000000070d600000, 0x000000070d800000|  0%| F|  |TAMS 0x000000070d600000| PB 0x000000070d600000| Untracked |  0
|  96|0x000000070d800000, 0x000000070d800000, 0x000000070da00000|  0%| F|  |TAMS 0x000000070d800000| PB 0x000000070d800000| Untracked |  0
|  97|0x000000070da00000, 0x000000070dc00000, 0x000000070dc00000|100%| S|CS|TAMS 0x000000070da00000| PB 0x000000070da00000| Complete |  0
|  98|0x000000070dc00000, 0x000000070de00000, 0x000000070de00000|100%| S|CS|TAMS 0x000000070dc00000| PB 0x000000070dc00000| Complete |  0
|  99|0x000000070de00000, 0x000000070e000000, 0x000000070e000000|100%| S|CS|TAMS 0x000000070de00000| PB 0x000000070de00000| Complete |  0
| 100|0x000000070e000000, 0x000000070e000000, 0x000000070e200000|  0%| F|  |TAMS 0x000000070e000000| PB 0x000000070e000000| Untracked |  0
| 101|0x000000070e200000, 0x000000070e200000, 0x000000070e400000|  0%| F|  |TAMS 0x000000070e200000| PB 0x000000070e200000| Untracked |  0
| 102|0x000000070e400000, 0x000000070e400000, 0x000000070e600000|  0%| F|  |TAMS 0x000000070e400000| PB 0x000000070e400000| Untracked |  0
| 103|0x000000070e600000, 0x000000070e600000, 0x000000070e800000|  0%| F|  |TAMS 0x000000070e600000| PB 0x000000070e600000| Untracked |  0
| 104|0x000000070e800000, 0x000000070e800000, 0x000000070ea00000|  0%| F|  |TAMS 0x000000070e800000| PB 0x000000070e800000| Untracked |  0
| 105|0x000000070ea00000, 0x000000070ea00000, 0x000000070ec00000|  0%| F|  |TAMS 0x000000070ea00000| PB 0x000000070ea00000| Untracked |  0
| 106|0x000000070ec00000, 0x000000070ec00000, 0x000000070ee00000|  0%| F|  |TAMS 0x000000070ec00000| PB 0x000000070ec00000| Untracked |  0
| 107|0x000000070ee00000, 0x000000070ee00000, 0x000000070f000000|  0%| F|  |TAMS 0x000000070ee00000| PB 0x000000070ee00000| Untracked |  0
| 108|0x000000070f000000, 0x000000070f000000, 0x000000070f200000|  0%| F|  |TAMS 0x000000070f000000| PB 0x000000070f000000| Untracked |  0
| 109|0x000000070f200000, 0x000000070f200000, 0x000000070f400000|  0%| F|  |TAMS 0x000000070f200000| PB 0x000000070f200000| Untracked |  0
| 110|0x000000070f400000, 0x000000070f400000, 0x000000070f600000|  0%| F|  |TAMS 0x000000070f400000| PB 0x000000070f400000| Untracked |  0
| 111|0x000000070f600000, 0x000000070f600000, 0x000000070f800000|  0%| F|  |TAMS 0x000000070f600000| PB 0x000000070f600000| Untracked |  0
| 112|0x000000070f800000, 0x000000070f800000, 0x000000070fa00000|  0%| F|  |TAMS 0x000000070f800000| PB 0x000000070f800000| Untracked |  0
| 113|0x000000070fa00000, 0x000000070fa00000, 0x000000070fc00000|  0%| F|  |TAMS 0x000000070fa00000| PB 0x000000070fa00000| Untracked |  0
| 114|0x000000070fc00000, 0x000000070fc00000, 0x000000070fe00000|  0%| F|  |TAMS 0x000000070fc00000| PB 0x000000070fc00000| Untracked |  0
| 115|0x000000070fe00000, 0x000000070fe00000, 0x0000000710000000|  0%| F|  |TAMS 0x000000070fe00000| PB 0x000000070fe00000| Untracked |  0
| 116|0x0000000710000000, 0x0000000710000000, 0x0000000710200000|  0%| F|  |TAMS 0x0000000710000000| PB 0x0000000710000000| Untracked |  0
| 117|0x0000000710200000, 0x0000000710200000, 0x0000000710400000|  0%| F|  |TAMS 0x0000000710200000| PB 0x0000000710200000| Untracked |  0
| 118|0x0000000710400000, 0x0000000710400000, 0x0000000710600000|  0%| F|  |TAMS 0x0000000710400000| PB 0x0000000710400000| Untracked |  0
| 119|0x0000000710600000, 0x0000000710600000, 0x0000000710800000|  0%| F|  |TAMS 0x0000000710600000| PB 0x0000000710600000| Untracked |  0
| 120|0x0000000710800000, 0x0000000710800000, 0x0000000710a00000|  0%| F|  |TAMS 0x0000000710800000| PB 0x0000000710800000| Untracked |  0
| 121|0x0000000710a00000, 0x0000000710a00000, 0x0000000710c00000|  0%| F|  |TAMS 0x0000000710a00000| PB 0x0000000710a00000| Untracked |  0
| 124|0x0000000711000000, 0x0000000711000000, 0x0000000711200000|  0%| F|  |TAMS 0x0000000711000000| PB 0x0000000711000000| Untracked |  0
| 125|0x0000000711200000, 0x0000000711200000, 0x0000000711400000|  0%| F|  |TAMS 0x0000000711200000| PB 0x0000000711200000| Untracked |  0
| 126|0x0000000711400000, 0x0000000711400000, 0x0000000711600000|  0%| F|  |TAMS 0x0000000711400000| PB 0x0000000711400000| Untracked |  0
| 127|0x0000000711600000, 0x0000000711600000, 0x0000000711800000|  0%| F|  |TAMS 0x0000000711600000| PB 0x0000000711600000| Untracked |  0
|2034|0x00000007ffc00000, 0x00000007ffe00000, 0x00000007ffe00000|100%| O|  |TAMS 0x00000007ffe00000| PB 0x00000007ffe00000| Updating |  0
|2035|0x00000007ffe00000, 0x00000007fff00a60, 0x0000000800000000| 50%| E|  |TAMS 0x00000007ffe00000| PB 0x00000007ffe00000| Complete |  0

Card table byte_map: [0x000001ddeb7f0000,0x000001ddebff0000] _byte_map_base: 0x000001dde7fe4000

Marking Bits: (CMBitMap*) 0x000001ddd37a8850
 Bits: [0x000001ddebff0000, 0x000001ddeff90000)

Polling page: 0x000001ddd1730000

Metaspace:

Usage:
  Non-class:     50.43 MB used.
      Class:      6.35 MB used.
       Both:     56.78 MB used.

Virtual space:
  Non-class space:       64.00 MB reserved,      50.62 MB ( 79%) committed,  1 nodes.
      Class space:        1.00 GB reserved,       6.50 MB ( <1%) committed,  1 nodes.
             Both:        1.06 GB reserved,      57.12 MB (  5%) committed. 

Chunk freelists:
   Non-Class:  12.34 MB
       Class:  9.52 MB
        Both:  21.86 MB

MaxMetaspaceSize: unlimited
CompressedClassSpaceSize: 1.00 GB
Initial GC threshold: 21.00 MB
Current GC threshold: 76.38 MB
CDS: on
 - commit_granule_bytes: 65536.
 - commit_granule_words: 8192.
 - virtual_space_node_default_size: 8388608.
 - enlarge_chunks_in_place: 1.
 - use_allocation_guard: 0.


Internal statistics:

num_allocs_failed_limit: 30.
num_arena_births: 386.
num_arena_deaths: 0.
num_vsnodes_births: 2.
num_vsnodes_deaths: 0.
num_space_committed: 913.
num_space_uncommitted: 0.
num_chunks_returned_to_freelist: 30.
num_chunks_taken_from_freelist: 2399.
num_chunk_merges: 30.
num_chunk_splits: 1985.
num_chunks_enlarged: 1760.
num_inconsistent_stats: 0.

CodeHeap 'non-profiled nmethods': size=120000Kb used=6553Kb max_used=6655Kb free=113446Kb
 bounds [0x000001dde3570000, 0x000001dde3bf0000, 0x000001ddeaaa0000]
CodeHeap 'profiled nmethods': size=120000Kb used=33408Kb max_used=34969Kb free=86591Kb
 bounds [0x000001dddbaa0000, 0x000001ddddcd0000, 0x000001dde2fd0000]
CodeHeap 'non-nmethods': size=5760Kb used=1796Kb max_used=1817Kb free=3963Kb
 bounds [0x000001dde2fd0000, 0x000001dde3240000, 0x000001dde3570000]
 total_blobs=10420 nmethods=9628 adapters=692
 compilation: enabled
              stopped_count=0, restarted_count=0
 full_count=0

Compilation events (20 events):
Event: 29.691 Thread 0x000001ddf2c01560 nmethod 10770 0x000001dde3bed290 code [0x000001dde3bed420, 0x000001dde3bed4e8]
Event: 29.691 Thread 0x000001ddf2c01560 10765       3       org.jetbrains.kotlin.ir.expressions.impl.BuildersKt::IrGetValueImpl$default (21 bytes)
Event: 29.691 Thread 0x000001ddf2c01560 nmethod 10765 0x000001ddddcbc410 code [0x000001ddddcbc5c0, 0x000001ddddcbc710]
Event: 29.691 Thread 0x000001ddf2c01560 10771       1       org.jetbrains.kotlin.ir.util.SymbolTableSlice$Scoped$SliceScope::getOwner (5 bytes)
Event: 29.691 Thread 0x000001ddf2c01560 nmethod 10771 0x000001dde3bed590 code [0x000001dde3bed720, 0x000001dde3bed7f0]
Event: 29.691 Thread 0x000001ddf2c01560 10772       1       org.jetbrains.kotlin.ir.util.SymbolTableSlice$Scoped$SliceScope::getParent (5 bytes)
Event: 29.691 Thread 0x000001ddf2c01560 nmethod 10772 0x000001dde3bed890 code [0x000001dde3beda20, 0x000001dde3bedaf0]
Event: 29.691 Thread 0x000001ddf2c01560 10773       1       org.jetbrains.kotlin.ir.builders.IrGeneratorContextBase::getIrBuiltIns (5 bytes)
Event: 29.691 Thread 0x000001ddf2c01560 nmethod 10773 0x000001dde3bedb90 code [0x000001dde3bedd20, 0x000001dde3beddf0]
Event: 29.691 Thread 0x000001ddf2c01560 10768       3       org.jetbrains.kotlin.fir.scopes.impl.FirTypeIntersectionScopeContext$collectMembersGroupedByScope$1$1::invoke (12 bytes)
Event: 29.692 Thread 0x000001ddf2c01560 nmethod 10768 0x000001ddddcbc810 code [0x000001ddddcbca40, 0x000001ddddcbd310]
Event: 29.692 Thread 0x000001ddf2c01560 10774       1       org.jetbrains.kotlin.ir.builders.IrBuilder::getContext (5 bytes)
Event: 29.692 Thread 0x000001ddf2c01560 nmethod 10774 0x000001dde3bede90 code [0x000001dde3bee020, 0x000001dde3bee0f0]
Event: 29.715 Thread 0x000001ddc8d4f730 nmethod 10692 0x000001dde3bee190 code [0x000001dde3bee340, 0x000001dde3bee8c0]
Event: 29.715 Thread 0x000001ddc8d4f730 10717       4       org.jetbrains.kotlin.fir.resolve.LookupTagUtilsKt::toFirRegularClassSymbol (34 bytes)
Event: 29.725 Thread 0x000001ddc8d4f730 nmethod 10717 0x000001dde3beeb10 code [0x000001dde3beed40, 0x000001dde3bef7f0]
Event: 29.725 Thread 0x000001ddc8d4f730 10775       4       org.jetbrains.org.objectweb.asm.ClassReader::readElementValue (1237 bytes)
Event: 29.729 Thread 0x000001ddf2c01560 10776       3       org.jetbrains.kotlin.fir.lazy.AbstractFir2IrLazyFunction::getClassifierStorage (10 bytes)
Event: 29.729 Thread 0x000001ddf2c01560 nmethod 10776 0x000001ddddcbd590 code [0x000001ddddcbd740, 0x000001ddddcbd920]
Event: 29.732 Thread 0x000001ddf2c01560 10777       3       org.jetbrains.kotlin.fir.backend.generators.Fir2IrLazyDeclarationsGeneratorKt::isFakeOverride (141 bytes)

GC Heap History (20 events):
Event: 16.800 GC heap before
{Heap before GC invocations=16 (full 0):
 garbage-first heap   total reserved 4169728K, committed 102400K, used 90112K [0x0000000701800000, 0x0000000800000000)
  region size 2048K, 11 young (22528K), 2 survivors (4096K)
 Metaspace       used 44823K, committed 45184K, reserved 1114112K
  class space    used 5391K, committed 5568K, reserved 1048576K
}
Event: 16.818 GC heap after
{Heap after GC invocations=17 (full 0):
 garbage-first heap   total reserved 4169728K, committed 102400K, used 76804K [0x0000000701800000, 0x0000000800000000)
  region size 2048K, 2 young (4096K), 2 survivors (4096K)
 Metaspace       used 44823K, committed 45184K, reserved 1114112K
  class space    used 5391K, committed 5568K, reserved 1048576K
}
Event: 16.941 GC heap before
{Heap before GC invocations=18 (full 0):
 garbage-first heap   total reserved 4169728K, committed 131072K, used 89092K [0x0000000701800000, 0x0000000800000000)
  region size 2048K, 8 young (16384K), 2 survivors (4096K)
 Metaspace       used 44823K, committed 45184K, reserved 1114112K
  class space    used 5391K, committed 5568K, reserved 1048576K
}
Event: 16.945 GC heap after
{Heap after GC invocations=19 (full 0):
 garbage-first heap   total reserved 4169728K, committed 131072K, used 80177K [0x0000000701800000, 0x0000000800000000)
  region size 2048K, 1 young (2048K), 1 survivors (2048K)
 Metaspace       used 44823K, committed 45184K, reserved 1114112K
  class space    used 5391K, committed 5568K, reserved 1048576K
}
Event: 17.067 GC heap before
{Heap before GC invocations=19 (full 0):
 garbage-first heap   total reserved 4169728K, committed 131072K, used 108849K [0x0000000701800000, 0x0000000800000000)
  region size 2048K, 16 young (32768K), 1 survivors (2048K)
 Metaspace       used 44823K, committed 45184K, reserved 1114112K
  class space    used 5391K, committed 5568K, reserved 1048576K
}
Event: 17.076 GC heap after
{Heap after GC invocations=20 (full 0):
 garbage-first heap   total reserved 4169728K, committed 131072K, used 87317K [0x0000000701800000, 0x0000000800000000)
  region size 2048K, 2 young (4096K), 2 survivors (4096K)
 Metaspace       used 44823K, committed 45184K, reserved 1114112K
  class space    used 5391K, committed 5568K, reserved 1048576K
}
Event: 17.225 GC heap before
{Heap before GC invocations=20 (full 0):
 garbage-first heap   total reserved 4169728K, committed 131072K, used 113941K [0x0000000701800000, 0x0000000800000000)
  region size 2048K, 15 young (30720K), 2 survivors (4096K)
 Metaspace       used 44874K, committed 45184K, reserved 1114112K
  class space    used 5391K, committed 5568K, reserved 1048576K
}
Event: 17.235 GC heap after
{Heap after GC invocations=21 (full 0):
 garbage-first heap   total reserved 4169728K, committed 262144K, used 95040K [0x0000000701800000, 0x0000000800000000)
  region size 2048K, 2 young (4096K), 2 survivors (4096K)
 Metaspace       used 44874K, committed 45184K, reserved 1114112K
  class space    used 5391K, committed 5568K, reserved 1048576K
}
Event: 17.711 GC heap before
{Heap before GC invocations=22 (full 0):
 garbage-first heap   total reserved 4169728K, committed 262144K, used 187200K [0x0000000701800000, 0x0000000800000000)
  region size 2048K, 47 young (96256K), 2 survivors (4096K)
 Metaspace       used 44874K, committed 45184K, reserved 1114112K
  class space    used 5391K, committed 5568K, reserved 1048576K
}
Event: 17.722 GC heap after
{Heap after GC invocations=23 (full 0):
 garbage-first heap   total reserved 4169728K, committed 262144K, used 118784K [0x0000000701800000, 0x0000000800000000)
  region size 2048K, 6 young (12288K), 6 survivors (12288K)
 Metaspace       used 44874K, committed 45184K, reserved 1114112K
  class space    used 5391K, committed 5568K, reserved 1048576K
}
Event: 18.076 GC heap before
{Heap before GC invocations=23 (full 0):
 garbage-first heap   total reserved 4169728K, committed 262144K, used 196608K [0x0000000701800000, 0x0000000800000000)
  region size 2048K, 44 young (90112K), 6 survivors (12288K)
 Metaspace       used 44905K, committed 45248K, reserved 1114112K
  class space    used 5391K, committed 5568K, reserved 1048576K
}
Event: 18.088 GC heap after
{Heap after GC invocations=24 (full 0):
 garbage-first heap   total reserved 4169728K, committed 262144K, used 138448K [0x0000000701800000, 0x0000000800000000)
  region size 2048K, 6 young (12288K), 6 survivors (12288K)
 Metaspace       used 44905K, committed 45248K, reserved 1114112K
  class space    used 5391K, committed 5568K, reserved 1048576K
}
Event: 19.512 GC heap before
{Heap before GC invocations=24 (full 0):
 garbage-first heap   total reserved 4169728K, committed 262144K, used 208080K [0x0000000701800000, 0x0000000800000000)
  region size 2048K, 40 young (81920K), 6 survivors (12288K)
 Metaspace       used 46557K, committed 46848K, reserved 1114112K
  class space    used 5487K, committed 5632K, reserved 1048576K
}
Event: 19.526 GC heap after
{Heap after GC invocations=25 (full 0):
 garbage-first heap   total reserved 4169728K, committed 262144K, used 153600K [0x0000000701800000, 0x0000000800000000)
  region size 2048K, 5 young (10240K), 5 survivors (10240K)
 Metaspace       used 46557K, committed 46848K, reserved 1114112K
  class space    used 5487K, committed 5632K, reserved 1048576K
}
Event: 22.022 GC heap before
{Heap before GC invocations=26 (full 0):
 garbage-first heap   total reserved 4169728K, committed 262144K, used 217088K [0x0000000701800000, 0x0000000800000000)
  region size 2048K, 36 young (73728K), 5 survivors (10240K)
 Metaspace       used 47548K, committed 47936K, reserved 1114112K
  class space    used 5549K, committed 5696K, reserved 1048576K
}
Event: 22.037 GC heap after
{Heap after GC invocations=27 (full 0):
 garbage-first heap   total reserved 4169728K, committed 262144K, used 166912K [0x0000000701800000, 0x0000000800000000)
  region size 2048K, 5 young (10240K), 5 survivors (10240K)
 Metaspace       used 47548K, committed 47936K, reserved 1114112K
  class space    used 5549K, committed 5696K, reserved 1048576K
}
Event: 25.381 GC heap before
{Heap before GC invocations=27 (full 0):
 garbage-first heap   total reserved 4169728K, committed 262144K, used 226304K [0x0000000701800000, 0x0000000800000000)
  region size 2048K, 34 young (69632K), 5 survivors (10240K)
 Metaspace       used 51021K, committed 51392K, reserved 1114112K
  class space    used 5879K, committed 6016K, reserved 1048576K
}
Event: 25.393 GC heap after
{Heap after GC invocations=28 (full 0):
 garbage-first heap   total reserved 4169728K, committed 262144K, used 175622K [0x0000000701800000, 0x0000000800000000)
  region size 2048K, 5 young (10240K), 5 survivors (10240K)
 Metaspace       used 51021K, committed 51392K, reserved 1114112K
  class space    used 5879K, committed 6016K, reserved 1048576K
}
Event: 29.647 GC heap before
{Heap before GC invocations=28 (full 0):
 garbage-first heap   total reserved 4169728K, committed 262144K, used 230918K [0x0000000701800000, 0x0000000800000000)
  region size 2048K, 32 young (65536K), 5 survivors (10240K)
 Metaspace       used 58123K, committed 58496K, reserved 1114112K
  class space    used 6495K, committed 6656K, reserved 1048576K
}
Event: 29.657 GC heap after
{Heap after GC invocations=29 (full 0):
 garbage-first heap   total reserved 4169728K, committed 262144K, used 182948K [0x0000000701800000, 0x0000000800000000)
  region size 2048K, 4 young (8192K), 4 survivors (8192K)
 Metaspace       used 58123K, committed 58496K, reserved 1114112K
  class space    used 6495K, committed 6656K, reserved 1048576K
}

Dll operation events (7 events):
Event: 0.116 Loaded shared library C:\Program Files\Java\jdk-22\bin\java.dll
Event: 0.209 Loaded shared library C:\Program Files\Java\jdk-22\bin\jsvml.dll
Event: 0.373 Loaded shared library C:\Program Files\Java\jdk-22\bin\net.dll
Event: 0.375 Loaded shared library C:\Program Files\Java\jdk-22\bin\nio.dll
Event: 0.447 Loaded shared library C:\Program Files\Java\jdk-22\bin\zip.dll
Event: 0.473 Loaded shared library C:\Program Files\Java\jdk-22\bin\jimage.dll
Event: 2.410 Loaded shared library C:\Program Files\Java\jdk-22\bin\verify.dll

Deoptimization events (20 events):
Event: 28.994 Thread 0x000001ddd14fc650 Uncommon trap: trap_request=0xffffff45 fr.pc=0x000001dde3b402ac relative=0x000000000000104c
Event: 28.994 Thread 0x000001ddd14fc650 Uncommon trap: reason=unstable_if action=reinterpret pc=0x000001dde3b402ac method=org.jetbrains.kotlin.fir.types.ConeBuiltinTypeUtilsKt.isArrayType(Lorg/jetbrains/kotlin/fir/types/ConeKotlinType;Ljava/lang/Boolean;)Z @ 11 c2
Event: 28.994 Thread 0x000001ddd14fc650 DEOPT PACKING pc=0x000001dde3b402ac sp=0x000000d5e91fdaf0
Event: 28.994 Thread 0x000001ddd14fc650 DEOPT UNPACKING pc=0x000001dde30246a2 sp=0x000000d5e91fdac0 mode 2
Event: 29.702 Thread 0x000001ddd14fc650 Uncommon trap: trap_request=0xffffffde fr.pc=0x000001dde39cc3a4 relative=0x00000000000040a4
Event: 29.702 Thread 0x000001ddd14fc650 Uncommon trap: reason=class_check action=maybe_recompile pc=0x000001dde39cc3a4 method=org.jetbrains.org.objectweb.asm.ClassReader.readMethod(Lorg/jetbrains/org/objectweb/asm/ClassVisitor;Lorg/jetbrains/org/objectweb/asm/Context;I)I @ 663 c2
Event: 29.702 Thread 0x000001ddd14fc650 DEOPT PACKING pc=0x000001dde39cc3a4 sp=0x000000d5e91fcab0
Event: 29.702 Thread 0x000001ddd14fc650 DEOPT UNPACKING pc=0x000001dde30246a2 sp=0x000000d5e91fca38 mode 2
Event: 29.704 Thread 0x000001ddd14fc650 Uncommon trap: trap_request=0xffffffc6 fr.pc=0x000001dde3838a84 relative=0x0000000000001ea4
Event: 29.704 Thread 0x000001ddd14fc650 Uncommon trap: reason=bimorphic_or_optimized_type_check action=maybe_recompile pc=0x000001dde3838a84 method=org.jetbrains.org.objectweb.asm.ClassReader.readElementValue(Lorg/jetbrains/org/objectweb/asm/AnnotationVisitor;ILjava/lang/String;[C)I @ 485 c2
Event: 29.704 Thread 0x000001ddd14fc650 DEOPT PACKING pc=0x000001dde3838a84 sp=0x000000d5e91fc9b0
Event: 29.704 Thread 0x000001ddd14fc650 DEOPT UNPACKING pc=0x000001dde30246a2 sp=0x000000d5e91fc948 mode 2
Event: 29.704 Thread 0x000001ddd14fc650 Uncommon trap: trap_request=0xffffffde fr.pc=0x000001dde39cc3a4 relative=0x00000000000040a4
Event: 29.704 Thread 0x000001ddd14fc650 Uncommon trap: reason=class_check action=maybe_recompile pc=0x000001dde39cc3a4 method=org.jetbrains.org.objectweb.asm.ClassReader.readMethod(Lorg/jetbrains/org/objectweb/asm/ClassVisitor;Lorg/jetbrains/org/objectweb/asm/Context;I)I @ 663 c2
Event: 29.704 Thread 0x000001ddd14fc650 DEOPT PACKING pc=0x000001dde39cc3a4 sp=0x000000d5e91fcab0
Event: 29.704 Thread 0x000001ddd14fc650 DEOPT UNPACKING pc=0x000001dde30246a2 sp=0x000000d5e91fca38 mode 2
Event: 29.704 Thread 0x000001ddd14fc650 Uncommon trap: trap_request=0xffffffde fr.pc=0x000001dde3838b3c relative=0x0000000000001f5c
Event: 29.704 Thread 0x000001ddd14fc650 Uncommon trap: reason=class_check action=maybe_recompile pc=0x000001dde3838b3c method=org.jetbrains.org.objectweb.asm.ClassReader.readElementValue(Lorg/jetbrains/org/objectweb/asm/AnnotationVisitor;ILjava/lang/String;[C)I @ 466 c2
Event: 29.714 Thread 0x000001ddd14fc650 DEOPT PACKING pc=0x000001dde3838b3c sp=0x000000d5e91fc9b0
Event: 29.714 Thread 0x000001ddd14fc650 DEOPT UNPACKING pc=0x000001dde30246a2 sp=0x000000d5e91fc948 mode 2

Classes loaded (20 events):
Event: 15.599 Loading class java/security/CodeSigner
Event: 15.600 Loading class java/security/CodeSigner done
Event: 16.227 Loading class java/lang/Byte$ByteCache
Event: 16.227 Loading class java/lang/Byte$ByteCache done
Event: 20.623 Loading class java/lang/Short$ShortCache
Event: 20.623 Loading class java/lang/Short$ShortCache done
Event: 24.651 Loading class java/text/MessageFormat
Event: 24.651 Loading class java/text/MessageFormat done
Event: 24.767 Loading class java/text/ChoiceFormat
Event: 24.768 Loading class java/text/ChoiceFormat done
Event: 24.885 Loading class java/util/EnumMap$EntrySet
Event: 24.885 Loading class java/util/EnumMap$EntrySet done
Event: 24.885 Loading class java/util/EnumMap$EntryIterator
Event: 24.885 Loading class java/util/EnumMap$EnumMapIterator
Event: 24.885 Loading class java/util/EnumMap$EnumMapIterator done
Event: 24.885 Loading class java/util/EnumMap$EntryIterator done
Event: 24.885 Loading class java/util/EnumMap$EntryIterator$Entry
Event: 24.885 Loading class java/util/EnumMap$EntryIterator$Entry done
Event: 25.003 Loading class java/util/RegularEnumSet$EnumSetIterator
Event: 25.003 Loading class java/util/RegularEnumSet$EnumSetIterator done

Classes unloaded (0 events):
No events

Classes redefined (0 events):
No events

Internal exceptions (20 events):
Event: 21.510 Thread 0x000001ddd14fc650 Implicit null exception at 0x000001dde39a47ac to 0x000001dde39a7934
Event: 21.660 Thread 0x000001ddd14fc650 Implicit null exception at 0x000001dde39f11f4 to 0x000001dde39f5958
Event: 22.355 Thread 0x000001ddd14fc650 Exception <a 'java/lang/NoSuchMethodError'{0x000000071113c728}: 'java.lang.Object java.lang.invoke.DirectMethodHandle$Holder.newInvokeSpecial(java.lang.Object, int, java.lang.Object, java.lang.Object, java.lang.Object)'> (0x000000071113c728) 
thrown [s\open\src\hotspot\share\interpreter\linkResolver.cpp, line 774]
Event: 22.356 Thread 0x000001ddd14fc650 Exception <a 'java/lang/NoSuchMethodError'{0x0000000711143e28}: 'java.lang.Object java.lang.invoke.Invokers$Holder.linkToTargetMethod(int, java.lang.Object, java.lang.Object, java.lang.Object, java.lang.Object)'> (0x0000000711143e28) 
thrown [s\open\src\hotspot\share\interpreter\linkResolver.cpp, line 774]
Event: 24.930 Thread 0x000001ddd14fc650 Implicit null exception at 0x000001dde358aee9 to 0x000001dde358b078
Event: 26.810 Thread 0x000001ddd14fc650 Exception <a 'java/lang/NoSuchMethodError'{0x00000007101567f8}: 'java.lang.Object java.lang.invoke.DirectMethodHandle$Holder.newInvokeSpecial(java.lang.Object, java.lang.Object, int, java.lang.Object, java.lang.Object, java.lang.Object)'> (0x00000007101567f8) 
thrown [s\open\src\hotspot\share\interpreter\linkResolver.cpp, line 774]
Event: 26.811 Thread 0x000001ddd14fc650 Exception <a 'java/lang/NoSuchMethodError'{0x000000071015a968}: 'java.lang.Object java.lang.invoke.DirectMethodHandle$Holder.invokeSpecial(java.lang.Object, java.lang.Object, java.lang.Object, int, java.lang.Object, java.lang.Object, java.lang.Object)'> (0x000000071015a968) 
thrown [s\open\src\hotspot\share\interpreter\linkResolver.cpp, line 774]
Event: 26.811 Thread 0x000001ddd14fc650 Exception <a 'java/lang/NoSuchMethodError'{0x000000071015dfd0}: 'java.lang.Object java.lang.invoke.Invokers$Holder.linkToTargetMethod(java.lang.Object, int, java.lang.Object, java.lang.Object, java.lang.Object, java.lang.Object)'> (0x000000071015dfd0) 
thrown [s\open\src\hotspot\share\interpreter\linkResolver.cpp, line 774]
Event: 27.616 Thread 0x000001ddd14fc650 Implicit null exception at 0x000001dde35a05a4 to 0x000001dde35a0b68
Event: 27.618 Thread 0x000001ddd14fc650 Implicit null exception at 0x000001dde35a4320 to 0x000001dde35a48e0
Event: 28.378 Thread 0x000001ddd14fc650 Exception <a 'java/lang/NoSuchMethodError'{0x000000070eaf94c8}: 'java.lang.Object java.lang.invoke.DirectMethodHandle$Holder.newInvokeSpecial(java.lang.Object, java.lang.Object, java.lang.Object, java.lang.Object, java.lang.Object, java.lang.Object, java.lang.Object, java.lang.Object, int)'> (0x000000070eaf94c8) 
thrown [s\open\src\hotspot\share\interpreter\linkResolver.cpp, line 774]
Event: 28.379 Thread 0x000001ddd14fc650 Exception <a 'java/lang/NoSuchMethodError'{0x000000070eafe260}: 'java.lang.Object java.lang.invoke.DirectMethodHandle$Holder.invokeSpecial(java.lang.Object, java.lang.Object, java.lang.Object, java.lang.Object, java.lang.Object, java.lang.Object, java.lang.Object, java.lang.Object, java.lang.Object, int)'> (0x000000070eafe260) 
thrown [s\open\src\hotspot\share\interpreter\linkResolver.cpp, line 774]
Event: 28.407 Thread 0x000001ddd14fc650 Exception <a 'java/lang/NoSuchMethodError'{0x000000070eb91138}: 'java.lang.Object java.lang.invoke.DirectMethodHandle$Holder.invokeStatic(java.lang.Object, java.lang.Object, int, int)'> (0x000000070eb91138) 
thrown [s\open\src\hotspot\share\interpreter\linkResolver.cpp, line 774]
Event: 28.410 Thread 0x000001ddd14fc650 Exception <a 'java/lang/NoSuchMethodError'{0x000000070eb979e0}: 'java.lang.Object java.lang.invoke.DirectMethodHandle$Holder.newInvokeSpecial(java.lang.Object, java.lang.Object, int, int)'> (0x000000070eb979e0) 
thrown [s\open\src\hotspot\share\interpreter\linkResolver.cpp, line 774]
Event: 28.411 Thread 0x000001ddd14fc650 Exception <a 'java/lang/NoSuchMethodError'{0x000000070eb9ba10}: 'java.lang.Object java.lang.invoke.DirectMethodHandle$Holder.invokeSpecial(java.lang.Object, java.lang.Object, java.lang.Object, int, int)'> (0x000000070eb9ba10) 
thrown [s\open\src\hotspot\share\interpreter\linkResolver.cpp, line 774]
Event: 28.411 Thread 0x000001ddd14fc650 Exception <a 'java/lang/NoSuchMethodError'{0x000000070eb9f328}: 'java.lang.Object java.lang.invoke.Invokers$Holder.linkToTargetMethod(java.lang.Object, int, int, java.lang.Object)'> (0x000000070eb9f328) 
thrown [s\open\src\hotspot\share\interpreter\linkResolver.cpp, line 774]
Event: 28.466 Thread 0x000001ddd14fc650 Exception <a 'java/lang/NoSuchMethodError'{0x000000070e8a3e88}: 'java.lang.Object java.lang.invoke.DirectMethodHandle$Holder.newInvokeSpecial(java.lang.Object, java.lang.Object, java.lang.Object, java.lang.Object, java.lang.Object, java.lang.Object, java.lang.Object, int)'> (0x000000070e8a3e88) 
thrown [s\open\src\hotspot\share\interpreter\linkResolver.cpp, line 774]
Event: 28.466 Thread 0x000001ddd14fc650 Exception <a 'java/lang/NoSuchMethodError'{0x000000070e8a8528}: 'java.lang.Object java.lang.invoke.DirectMethodHandle$Holder.invokeSpecial(java.lang.Object, java.lang.Object, java.lang.Object, java.lang.Object, java.lang.Object, java.lang.Object, java.lang.Object, java.lang.Object, int)'> (0x000000070e8a8528) 
thrown [s\open\src\hotspot\share\interpreter\linkResolver.cpp, line 774]
Event: 29.351 Thread 0x000001ddd14fc650 Exception <a 'java/lang/NoSuchMethodError'{0x000000070e487360}: 'java.lang.Object java.lang.invoke.DirectMethodHandle$Holder.newInvokeSpecial(java.lang.Object, java.lang.Object, java.lang.Object, java.lang.Object, java.lang.Object, java.lang.Object, java.lang.Object, java.lang.Object)'> (0x000000070e487360) 
thrown [s\open\src\hotspot\share\interpreter\linkResolver.cpp, line 774]
Event: 29.361 Thread 0x000001ddd14fc650 Exception <a 'java/lang/NoSuchMethodError'{0x000000070e4a7e38}: 'java.lang.Object java.lang.invoke.DirectMethodHandle$Holder.newInvokeSpecial(java.lang.Object, java.lang.Object, java.lang.Object, java.lang.Object, int, int, java.lang.Object)'> (0x000000070e4a7e38) 
thrown [s\open\src\hotspot\share\interpreter\linkResolver.cpp, line 774]

ZGC Phase Switch (0 events):
No events

VM Operations (20 events):
Event: 27.636 Executing VM operation: HandshakeAllThreads (Deoptimize)
Event: 27.636 Executing VM operation: HandshakeAllThreads (Deoptimize) done
Event: 27.637 Executing VM operation: HandshakeAllThreads (Deoptimize)
Event: 27.637 Executing VM operation: HandshakeAllThreads (Deoptimize) done
Event: 27.671 Executing VM operation: HandshakeAllThreads (Deoptimize)
Event: 27.671 Executing VM operation: HandshakeAllThreads (Deoptimize) done
Event: 27.673 Executing VM operation: HandshakeAllThreads (Deoptimize)
Event: 27.673 Executing VM operation: HandshakeAllThreads (Deoptimize) done
Event: 27.876 Executing VM operation: HandshakeAllThreads (Deoptimize)
Event: 27.876 Executing VM operation: HandshakeAllThreads (Deoptimize) done
Event: 28.808 Executing VM operation: ICBufferFull
Event: 28.808 Executing VM operation: ICBufferFull done
Event: 29.259 Executing VM operation: HandshakeAllThreads (Deoptimize)
Event: 29.259 Executing VM operation: HandshakeAllThreads (Deoptimize) done
Event: 29.275 Executing VM operation: ICBufferFull
Event: 29.276 Executing VM operation: ICBufferFull done
Event: 29.327 Executing VM operation: HandshakeAllThreads (Deoptimize)
Event: 29.327 Executing VM operation: HandshakeAllThreads (Deoptimize) done
Event: 29.646 Executing VM operation: G1CollectForAllocation (G1 Evacuation Pause)
Event: 29.658 Executing VM operation: G1CollectForAllocation (G1 Evacuation Pause) done

Memory protections (0 events):
No events

Nmethod flushes (20 events):
Event: 19.603 Thread 0x000001ddf2bd43d0 flushing  nmethod 0x000001dddc1d1a90
Event: 19.603 Thread 0x000001ddf2bd43d0 flushing  nmethod 0x000001dddbd59490
Event: 19.603 Thread 0x000001ddf2bd43d0 flushing  nmethod 0x000001dddbd5c410
Event: 19.603 Thread 0x000001ddf2bd43d0 flushing  nmethod 0x000001dddc252910
Event: 19.603 Thread 0x000001ddf2bd43d0 flushing  nmethod 0x000001dde3847610
Event: 19.603 Thread 0x000001ddf2bd43d0 flushing  nmethod 0x000001dddbbec490
Event: 19.603 Thread 0x000001ddf2bd43d0 flushing  nmethod 0x000001dddc0d4790
Event: 19.603 Thread 0x000001ddf2bd43d0 flushing  nmethod 0x000001dddc20c490
Event: 19.603 Thread 0x000001ddf2bd43d0 flushing  nmethod 0x000001dddc271310
Event: 19.603 Thread 0x000001ddf2bd43d0 flushing  nmethod 0x000001dddc28e390
Event: 19.603 Thread 0x000001ddf2bd43d0 flushing  nmethod 0x000001dddbc10410
Event: 19.603 Thread 0x000001ddf2bd43d0 flushing  nmethod 0x000001dddbe0f990
Event: 19.603 Thread 0x000001ddf2bd43d0 flushing  nmethod 0x000001dddbe10910
Event: 19.603 Thread 0x000001ddf2bd43d0 flushing  nmethod 0x000001dddbe10d10
Event: 19.603 Thread 0x000001ddf2bd43d0 flushing  nmethod 0x000001dddc141110
Event: 19.603 Thread 0x000001ddf2bd43d0 flushing  nmethod 0x000001dddc1eb590
Event: 19.603 Thread 0x000001ddf2bd43d0 flushing  nmethod 0x000001dddc1ee610
Event: 19.603 Thread 0x000001ddf2bd43d0 flushing  nmethod 0x000001dddc1f4410
Event: 19.603 Thread 0x000001ddf2bd43d0 flushing  nmethod 0x000001dddc258c90
Event: 19.603 Thread 0x000001ddf2bd43d0 flushing  nmethod 0x000001dddc362890

Events (20 events):
Event: 4.600 Thread 0x000001ddc61f3620 Thread exited: 0x000001ddc61f3620
Event: 9.955 Thread 0x000001ddf2c01560 Thread added: 0x000001ddc61f21b0
Event: 11.934 Thread 0x000001ddc61f21b0 Thread exited: 0x000001ddc61f21b0
Event: 12.262 Thread 0x000001ddf2c01560 Thread added: 0x000001ddc8df4280
Event: 12.479 Thread 0x000001ddc8df4280 Thread exited: 0x000001ddc8df4280
Event: 13.702 Thread 0x000001ddf2c01560 Thread added: 0x000001ddc8df3bb0
Event: 16.444 Thread 0x000001ddc8df3bb0 Thread exited: 0x000001ddc8df3bb0
Event: 16.624 Thread 0x000001ddf2c01560 Thread added: 0x000001ddc8df56f0
Event: 19.844 Thread 0x000001ddc8df56f0 Thread exited: 0x000001ddc8df56f0
Event: 20.474 Thread 0x000001ddf2c01560 Thread added: 0x000001ddc8df2740
Event: 20.942 Thread 0x000001ddf2c01560 Thread added: 0x000001ddc8df56f0
Event: 22.963 Thread 0x000001ddc8df56f0 Thread exited: 0x000001ddc8df56f0
Event: 22.979 Thread 0x000001ddc8df2740 Thread exited: 0x000001ddc8df2740
Event: 23.375 Thread 0x000001ddf2c01560 Thread added: 0x000001ddc8df56f0
Event: 24.819 Thread 0x000001ddc8df56f0 Thread exited: 0x000001ddc8df56f0
Event: 24.906 Thread 0x000001ddf2c01560 Thread added: 0x000001ddc8df2740
Event: 26.977 Thread 0x000001ddf2c01560 Thread added: 0x000001ddc8d4f730
Event: 27.142 Thread 0x000001ddc8d4f730 Thread exited: 0x000001ddc8d4f730
Event: 27.374 Thread 0x000001ddc8df2740 Thread exited: 0x000001ddc8df2740
Event: 29.673 Thread 0x000001ddf2c01560 Thread added: 0x000001ddc8d4f730


Dynamic libraries:
0x00007ff6df390000 - 0x00007ff6df3a0000 	C:\Program Files\Java\jdk-22\bin\java.exe
0x00007ff84eff0000 - 0x00007ff84f1e8000 	C:\WINDOWS\SYSTEM32\ntdll.dll
0x00007ff84dd70000 - 0x00007ff84de32000 	C:\WINDOWS\System32\KERNEL32.DLL
0x00007ff84ca30000 - 0x00007ff84cd2e000 	C:\WINDOWS\System32\KERNELBASE.dll
0x00007ff84ce10000 - 0x00007ff84cf10000 	C:\WINDOWS\System32\ucrtbase.dll
0x00007ff82ab60000 - 0x00007ff82ab77000 	C:\Program Files\Java\jdk-22\bin\jli.dll
0x00007ff84ea40000 - 0x00007ff84ebdd000 	C:\WINDOWS\System32\USER32.dll
0x00007ff84cd30000 - 0x00007ff84cd52000 	C:\WINDOWS\System32\win32u.dll
0x00007ff84e8c0000 - 0x00007ff84e8eb000 	C:\WINDOWS\System32\GDI32.dll
0x00007ff84c6c0000 - 0x00007ff84c7d7000 	C:\WINDOWS\System32\gdi32full.dll
0x00007ff84c830000 - 0x00007ff84c8cd000 	C:\WINDOWS\System32\msvcp_win.dll
0x00007ff829cb0000 - 0x00007ff829ccb000 	C:\Program Files\Java\jdk-22\bin\VCRUNTIME140.dll
0x00007ff838450000 - 0x00007ff8386ea000 	C:\WINDOWS\WinSxS\amd64_microsoft.windows.common-controls_6595b64144ccf1df_6.0.19041.4355_none_60b8b9eb71f62e16\COMCTL32.dll
0x00007ff84e8f0000 - 0x00007ff84e98e000 	C:\WINDOWS\System32\msvcrt.dll
0x00007ff84e1c0000 - 0x00007ff84e1ef000 	C:\WINDOWS\System32\IMM32.DLL
0x00007ff82af30000 - 0x00007ff82af3c000 	C:\Program Files\Java\jdk-22\bin\vcruntime140_1.dll
0x00007ff801840000 - 0x00007ff8018ce000 	C:\Program Files\Java\jdk-22\bin\msvcp140.dll
0x00007fffd4660000 - 0x00007fffd53a9000 	C:\Program Files\Java\jdk-22\bin\server\jvm.dll
0x00007ff84df70000 - 0x00007ff84e021000 	C:\WINDOWS\System32\ADVAPI32.dll
0x00007ff84e090000 - 0x00007ff84e12f000 	C:\WINDOWS\System32\sechost.dll
0x00007ff84e1f0000 - 0x00007ff84e313000 	C:\WINDOWS\System32\RPCRT4.dll
0x00007ff84c690000 - 0x00007ff84c6b7000 	C:\WINDOWS\System32\bcrypt.dll
0x00007ff84e130000 - 0x00007ff84e19b000 	C:\WINDOWS\System32\WS2_32.dll
0x00007ff84bbd0000 - 0x00007ff84bc1b000 	C:\WINDOWS\SYSTEM32\POWRPROF.dll
0x00007ff83ee80000 - 0x00007ff83eea7000 	C:\WINDOWS\SYSTEM32\WINMM.dll
0x00007ff845ce0000 - 0x00007ff845cea000 	C:\WINDOWS\SYSTEM32\VERSION.dll
0x00007ff84ba90000 - 0x00007ff84baa2000 	C:\WINDOWS\SYSTEM32\UMPDC.dll
0x00007ff84a530000 - 0x00007ff84a542000 	C:\WINDOWS\SYSTEM32\kernel.appcore.dll
0x00007ff82acb0000 - 0x00007ff82acba000 	C:\Program Files\Java\jdk-22\bin\jimage.dll
0x00007ff839790000 - 0x00007ff839974000 	C:\WINDOWS\SYSTEM32\DBGHELP.DLL
0x00007ff8386f0000 - 0x00007ff838724000 	C:\WINDOWS\SYSTEM32\dbgcore.DLL
0x00007ff84cf10000 - 0x00007ff84cf92000 	C:\WINDOWS\System32\bcryptPrimitives.dll
0x00007ff829a20000 - 0x00007ff829a3e000 	C:\Program Files\Java\jdk-22\bin\java.dll
0x00007ff84d010000 - 0x00007ff84d77d000 	C:\WINDOWS\System32\SHELL32.dll
0x00007ff84eda0000 - 0x00007ff84eecb000 	C:\WINDOWS\System32\ole32.dll
0x00007ff84d800000 - 0x00007ff84db53000 	C:\WINDOWS\System32\combase.dll
0x00007ff84a730000 - 0x00007ff84aed4000 	C:\WINDOWS\SYSTEM32\windows.storage.dll
0x00007ff84c0c0000 - 0x00007ff84c0ee000 	C:\WINDOWS\SYSTEM32\Wldp.dll
0x00007ff84ec70000 - 0x00007ff84ed3d000 	C:\WINDOWS\System32\OLEAUT32.dll
0x00007ff84e990000 - 0x00007ff84ea3d000 	C:\WINDOWS\System32\SHCORE.dll
0x00007ff84e030000 - 0x00007ff84e085000 	C:\WINDOWS\System32\shlwapi.dll
0x00007ff84c5c0000 - 0x00007ff84c5e4000 	C:\WINDOWS\SYSTEM32\profapi.dll
0x00007fffff5c0000 - 0x00007fffff697000 	C:\Program Files\Java\jdk-22\bin\jsvml.dll
0x00007ff82a960000 - 0x00007ff82a970000 	C:\Program Files\Java\jdk-22\bin\net.dll
0x00007ff84be20000 - 0x00007ff84be8a000 	C:\WINDOWS\system32\mswsock.dll
0x00007ff828a60000 - 0x00007ff828a76000 	C:\Program Files\Java\jdk-22\bin\nio.dll
0x00007ff826d50000 - 0x00007ff826d67000 	C:\Program Files\Java\jdk-22\bin\zip.dll
0x00007ff82a700000 - 0x00007ff82a710000 	C:\Program Files\Java\jdk-22\bin\verify.dll

dbghelp: loaded successfully - version: 4.0.5 - missing functions: none
symbol engine: initialized successfully - sym options: 0x614 - pdb path: .;C:\Program Files\Java\jdk-22\bin;C:\WINDOWS\SYSTEM32;C:\WINDOWS\WinSxS\amd64_microsoft.windows.common-controls_6595b64144ccf1df_6.0.19041.4355_none_60b8b9eb71f62e16;C:\Program Files\Java\jdk-22\bin\server

VM Arguments:
java_command: org.jetbrains.kotlin.cli.jvm.K2JVMCompiler @E:\Coding\EmptyProject\core\designsystem\build\20241204_4646072735263530462.compiler.options
java_class_path (initial): C:\Users\longl\.gradle\caches\modules-2\files-2.1\org.jetbrains.kotlin\kotlin-compiler-embeddable\2.0.20\244b603e8c729f98baaf9088d90b5b9350c68af8\kotlin-compiler-embeddable-2.0.20.jar;C:\Users\longl\.gradle\caches\modules-2\files-2.1\org.jetbrains.kotlin\kotlin-stdlib\2.0.20\7388d355f7cceb002cd387ccb7ab3850e4e0a07f\kotlin-stdlib-2.0.20.jar;C:\Users\longl\.gradle\caches\modules-2\files-2.1\org.jetbrains.kotlin\kotlin-script-runtime\2.0.20\4aea042b39014e0a924c2e1d4a21b6fff7e4d35\kotlin-script-runtime-2.0.20.jar;C:\Users\longl\.gradle\caches\modules-2\files-2.1\org.jetbrains.kotlin\kotlin-reflect\1.6.10\1cbe9c92c12a94eea200d23c2bbaedaf3daf5132\kotlin-reflect-1.6.10.jar;C:\Users\longl\.gradle\caches\modules-2\files-2.1\org.jetbrains.kotlin\kotlin-daemon-embeddable\2.0.20\9eb02dce62f058efe6a121cf00cf5da9779e2746\kotlin-daemon-embeddable-2.0.20.jar;C:\Users\longl\.gradle\caches\modules-2\files-2.1\org.jetbrains.intellij.deps\trove4j\1.0.20200330\3afb14d5f9ceb459d724e907a21145e8ff394f02\trove4j-1.0.20200330.jar;C:\Users\longl\.gradle\caches\modules-2\files-2.1\org.jetbrains.kotlinx\kotlinx-coroutines-core-jvm\1.6.4\2c997cd1c0ef33f3e751d3831929aeff1390cb30\kotlinx-coroutines-core-jvm-1.6.4.jar;C:\Users\longl\.gradle\caches\modules-2\files-2.1\org.jetbrains\annotations\13.0\919f0dfe192fb4e063e7dacadee7f8bb9a2672a9\annotations-13.0.jar
Launcher Type: SUN_STANDARD

[Global flags]
     intx CICompilerCount                          = 4                                         {product} {ergonomic}
     uint ConcGCThreads                            = 3                                         {product} {ergonomic}
     uint G1ConcRefinementThreads                  = 10                                        {product} {ergonomic}
   size_t G1HeapRegionSize                         = 2097152                                   {product} {ergonomic}
   size_t InitialHeapSize                          = 268435456                                 {product} {ergonomic}
   size_t MarkStackSize                            = 4194304                                   {product} {ergonomic}
   size_t MaxHeapSize                              = 4269801472                                {product} {ergonomic}
   size_t MaxNewSize                               = 2560622592                                {product} {ergonomic}
   size_t MinHeapDeltaBytes                        = 2097152                                   {product} {ergonomic}
   size_t MinHeapSize                              = 8388608                                   {product} {ergonomic}
    uintx NonNMethodCodeHeapSize                   = 5839372                                {pd product} {ergonomic}
    uintx NonProfiledCodeHeapSize                  = 122909434                              {pd product} {ergonomic}
    uintx ProfiledCodeHeapSize                     = 122909434                              {pd product} {ergonomic}
    uintx ReservedCodeCacheSize                    = 251658240                              {pd product} {ergonomic}
     bool SegmentedCodeCache                       = true                                      {product} {ergonomic}
   size_t SoftMaxHeapSize                          = 4269801472                             {manageable} {ergonomic}
     bool UseCompressedOops                        = true                           {product lp64_product} {ergonomic}
     bool UseG1GC                                  = true                                      {product} {ergonomic}
     bool UseLargePagesIndividualAllocation        = false                                  {pd product} {ergonomic}

Logging:
Log output configuration:
 #0: stdout all=warning uptime,level,tags foldmultilines=false
 #1: stderr all=off uptime,level,tags foldmultilines=false

Environment Variables:
CLASSPATH=E:\Coding\EmptyProject\\gradle\wrapper\gradle-wrapper.jar
PATH=C:\Program Files\Common Files\Oracle\Java\javapath;C:\WINDOWS\system32;C:\WINDOWS;C:\WINDOWS\System32\Wbem;C:\WINDOWS\System32\WindowsPowerShell\v1.0\;C:\WINDOWS\System32\OpenSSH\;C:\Program Files\Cloudflare\Cloudflare WARP\;C:\Program Files\dotnet\;C:\Program Files\Git LFS;C:\Program Files\Java\jdk-22\bin;C:\Program Files\Git\cmd;C:\Users\longl\AppData\Local\Microsoft\WindowsApps;
USERNAME=longl
OS=Windows_NT
PROCESSOR_IDENTIFIER=Intel64 Family 6 Model 165 Stepping 3, GenuineIntel
TMP=C:\Users\longl\AppData\Local\Temp
TEMP=C:\Users\longl\AppData\Local\Temp




Periodic native trim disabled

---------------  S Y S T E M  ---------------

OS:
 Windows 10 , 64 bit Build 19041 (10.0.19041.5072)
OS uptime: 0 days 2:23 hours

CPU: total 12 (initial active 12) (6 cores per cpu, 2 threads per core) family 6 model 165 stepping 3 microcode 0xea, cx8, cmov, fxsr, ht, mmx, 3dnowpref, sse, sse2, sse3, ssse3, sse4.1, sse4.2, popcnt, lzcnt, tsc, tscinvbit, avx, avx2, aes, erms, clmul, bmi1, bmi2, adx, fma, vzeroupper, clflush, clflushopt, rdtscp, f16c
Processor Information for all 12 processors :
  Max Mhz: 2904, Current Mhz: 2904, Mhz Limit: 2904

Memory: 4k page, system-wide physical 16281M (1193M free)
TotalPageFile size 26377M (AvailPageFile size 62M)
current process WorkingSet (physical memory assigned to process): 514M, peak: 514M
current process commit charge ("private bytes"): 506M, peak: 510M

vm_info: Java HotSpot(TM) 64-Bit Server VM (22.0.2+9-70) for windows-amd64 JRE (22.0.2+9-70), built on 2024-06-04T16:52:23Z by "mach5one" with MS VC++ 17.6 (VS2022)

END.
